#
# There is insufficient memory for the Java Runtime Environment to continue.
# Native memory allocation (malloc) failed to allocate 16505240 bytes. Error detail: Chunk::new
# Possible reasons:
#   The system is out of physical RAM or swap space
#   This process is running with CompressedOops enabled, and the Java Heap may be blocking the growth of the native heap
# Possible solutions:
#   Reduce memory load on the system
#   Increase physical memory or swap space
#   Check if swap backing store is full
#   Decrease Java heap size (-Xmx/-Xms)
#   Decrease number of Java threads
#   Decrease Java thread stack sizes (-Xss)
#   Set larger code cache with -XX:ReservedCodeCacheSize=
#   JVM is running with Unscaled Compressed Oops mode in which the Java heap is
#     placed in the first 4GB address space. The Java Heap base address is the
#     maximum limit for the native heap growth. Please use -XX:HeapBaseMinAddress
#     to set the Java Heap base and to place the Java Heap above 4GB virtual address.
# This output file may be truncated or incomplete.
#
#  Out of Memory Error (arena.cpp:186), pid=7584, tid=18580
#
# JRE version: OpenJDK Runtime Environment (25.0.2) (build 25.0.2+-15348964-b329.117)
# Java VM: OpenJDK 64-Bit Server VM (25.0.2+-15348964-b329.117, mixed mode, tiered, compressed oops, compressed class ptrs, g1 gc, windows-amd64)
# No core dump will be written. Minidumps are not enabled by default on client versions of Windows
#

---------------  S U M M A R Y ------------

Command Line: --add-opens=java.base/java.lang=ALL-UNNAMED --add-opens=java.base/java.lang.invoke=ALL-UNNAMED --add-opens=java.base/java.util=ALL-UNNAMED --add-opens=java.prefs/java.util.prefs=ALL-UNNAMED --add-exports=jdk.compiler/com.sun.tools.javac.api=ALL-UNNAMED --add-exports=jdk.compiler/com.sun.tools.javac.util=ALL-UNNAMED --add-opens=java.base/java.nio.charset=ALL-UNNAMED --add-opens=java.base/java.net=ALL-UNNAMED --add-opens=java.base/java.util.concurrent=ALL-UNNAMED --add-opens=java.base/java.util.concurrent.atomic=ALL-UNNAMED --add-opens=java.xml/javax.xml.namespace=ALL-UNNAMED --add-opens=java.base/java.time=ALL-UNNAMED --enable-native-access=ALL-UNNAMED -Xmx2048m -Dfile.encoding=UTF-8 -Duser.country=CL -Duser.language=es -Duser.variant -javaagent:C:\Users\Alumno\.gradle\wrapper\dists\gradle-9.5.0-bin\bvnork1r7n8i6kp5cnkibsc9q\gradle-9.5.0\lib\agents\gradle-instrumentation-agent-9.5.0.jar org.gradle.launcher.daemon.bootstrap.GradleDaemon 9.5.0

Host: Intel(R) Pentium(R) CPU 4415U @ 2.30GHz, 4 cores, 3G,  Windows 10 , 64 bit Build 19041 (10.0.19041.5915)
Time: Sat Aug 22 13:28:01 2026 Hora est. Sudamérica Pacífico elapsed time: 22.080936 seconds (0d 0h 0m 22s)

---------------  T H R E A D  ---------------

Current thread (0x000001f6b4e07a30):  JavaThread "C2 CompilerThread0" daemon [_thread_in_native, id=18580, stack(0x00000042b4100000,0x00000042b4200000) (1024K)]


Current CompileTask:
C2:22081 4215   !   4       java.lang.ClassLoader::loadClass (121 bytes)

Stack: [0x00000042b4100000,0x00000042b4200000]
Native frames: (J=compiled Java code, j=interpreted, Vv=VM code, C=native code)
V  [jvm.dll+0x7bd439]  (no source info available)
V  [jvm.dll+0x78763d]  (no source info available)
V  [jvm.dll+0xa0c885]  (no source info available)
V  [jvm.dll+0xa0ef04]  (no source info available)
V  [jvm.dll+0xa0f603]  (no source info available)
V  [jvm.dll+0x309bf6]  (no source info available)
V  [jvm.dll+0x10ea69]  (no source info available)
V  [jvm.dll+0x10ed92]  (no source info available)
V  [jvm.dll+0x1a9837]  (no source info available)
V  [jvm.dll+0x3bec92]  (no source info available)
V  [jvm.dll+0x7c2cb7]  (no source info available)
V  [jvm.dll+0x2ce046]  (no source info available)
V  [jvm.dll+0x2cd221]  (no source info available)
V  [jvm.dll+0x242ffa]  (no source info available)
V  [jvm.dll+0x2dcc05]  (no source info available)
V  [jvm.dll+0x2dae06]  (no source info available)
V  [jvm.dll+0x49b59e]  (no source info available)
V  [jvm.dll+0x9ab9c8]  (no source info available)
V  [jvm.dll+0x7bb985]  (no source info available)
C  [ucrtbase.dll+0x21bb2]  (no source info available)
C  [KERNEL32.DLL+0x17374]  (no source info available)
C  [ntdll.dll+0x4cc91]  (no source info available)

Lock stack of current Java thread (top to bottom):


---------------  P R O C E S S  ---------------

Threads class SMR info:
_java_thread_list=0x000001f6bb597ae0, length=36, elements={
0x000001f69db14f40, 0x000001f6b4dd2080, 0x000001f6b4dee380, 0x000001f6b4df7b80,
0x000001f6b4e033e0, 0x000001f6b4e03fa0, 0x000001f6b4e04f70, 0x000001f6b4e05b30,
0x000001f6b4e07a30, 0x000001f6b4dfd760, 0x000001f6b92e5180, 0x000001f6bac52950,
0x000001f6bc530ac0, 0x000001f6bc253410, 0x000001f6bc16dc40, 0x000001f6ba20f8b0,
0x000001f6ba210850, 0x000001f6ba212f60, 0x000001f6ba211fc0, 0x000001f6ba216610,
0x000001f6bc12dce0, 0x000001f6bc12f450, 0x000001f6bc12bda0, 0x000001f6bc1286f0,
0x000001f6bc12cd40, 0x000001f6bc129690, 0x000001f6bc12a630, 0x000001f6bc548f60,
0x000001f6bc54ed20, 0x000001f6bc550490, 0x000001f6bc549730, 0x000001f6bc54c610,
0x000001f6bc54aea0, 0x000001f6bc54b670, 0x000001f6bb995690, 0x000001f6bb99a4b0
}

Java Threads: ( => current thread )
  0x000001f69db14f40 JavaThread "main"                              [_thread_blocked, id=14344, stack(0x00000042b3200000,0x00000042b3300000) (1024K)]
  0x000001f6b4dd2080 JavaThread "Common-Cleaner"             daemon [_thread_blocked, id=14860, stack(0x00000042b3a00000,0x00000042b3b00000) (1024K)]
  0x000001f6b4dee380 JavaThread "Reference Handler"          daemon [_thread_blocked, id=19048, stack(0x00000042b3b00000,0x00000042b3c00000) (1024K)]
  0x000001f6b4df7b80 JavaThread "Finalizer"                  daemon [_thread_blocked, id=2428, stack(0x00000042b3c00000,0x00000042b3d00000) (1024K)]
  0x000001f6b4e033e0 JavaThread "Signal Dispatcher"          daemon [_thread_blocked, id=15016, stack(0x00000042b3d00000,0x00000042b3e00000) (1024K)]
  0x000001f6b4e03fa0 JavaThread "Attach Listener"            daemon [_thread_blocked, id=2008, stack(0x00000042b3e00000,0x00000042b3f00000) (1024K)]
  0x000001f6b4e04f70 JavaThread "Service Thread"             daemon [_thread_blocked, id=10620, stack(0x00000042b3f00000,0x00000042b4000000) (1024K)]
  0x000001f6b4e05b30 JavaThread "Monitor Deflation Thread"   daemon [_thread_blocked, id=3320, stack(0x00000042b4000000,0x00000042b4100000) (1024K)]
=>0x000001f6b4e07a30 JavaThread "C2 CompilerThread0"         daemon [_thread_in_native, id=18580, stack(0x00000042b4100000,0x00000042b4200000) (1024K)]
  0x000001f6b4dfd760 JavaThread "C1 CompilerThread0"         daemon [_thread_blocked, id=17480, stack(0x00000042b4200000,0x00000042b4300000) (1024K)]
  0x000001f6b92e5180 JavaThread "Notification Thread"        daemon [_thread_blocked, id=8824, stack(0x00000042b4300000,0x00000042b4400000) (1024K)]
  0x000001f6bac52950 JavaThread "Daemon health stats"               [_thread_blocked, id=5836, stack(0x00000042b4700000,0x00000042b4800000) (1024K)]
  0x000001f6bc530ac0 JavaThread "Incoming local TCP Connector on port 54638"        [_thread_in_native, id=3080, stack(0x00000042b4800000,0x00000042b4900000) (1024K)]
  0x000001f6bc253410 JavaThread "Daemon periodic checks"            [_thread_blocked, id=10016, stack(0x00000042b4900000,0x00000042b4a00000) (1024K)]
  0x000001f6bc16dc40 JavaThread "Daemon"                            [_thread_blocked, id=3108, stack(0x00000042b4a00000,0x00000042b4b00000) (1024K)]
  0x000001f6ba20f8b0 JavaThread "Handler for socket connection from /127.0.0.1:54638 to /127.0.0.1:54639"        [_thread_in_native, id=13424, stack(0x00000042b4b00000,0x00000042b4c00000) (1024K)]
  0x000001f6ba210850 JavaThread "Cancel handler"                    [_thread_blocked, id=15460, stack(0x00000042b4c00000,0x00000042b4d00000) (1024K)]
  0x000001f6ba212f60 JavaThread "Daemon worker"                     [_thread_in_vm, id=15400, stack(0x00000042b4d00000,0x00000042b4e00000) (1024K)]
  0x000001f6ba211fc0 JavaThread "Asynchronous log dispatcher for DefaultDaemonConnection: socket connection from /127.0.0.1:54638 to /127.0.0.1:54639"        [_thread_blocked, id=18732, stack(0x00000042b4e00000,0x00000042b4f00000) (1024K)]
  0x000001f6ba216610 JavaThread "Stdin handler"                     [_thread_blocked, id=1480, stack(0x00000042b4f00000,0x00000042b5000000) (1024K)]
  0x000001f6bc12dce0 JavaThread "Daemon client event forwarder"        [_thread_blocked, id=9788, stack(0x00000042b5000000,0x00000042b5100000) (1024K)]
  0x000001f6bc12f450 JavaThread "Cache worker for journal cache (C:\Users\Alumno\.gradle\caches\journal-1)"        [_thread_blocked, id=8992, stack(0x00000042b5100000,0x00000042b5200000) (1024K)]
  0x000001f6bc12bda0 JavaThread "File lock request listener"        [_thread_in_native, id=5840, stack(0x00000042b5200000,0x00000042b5300000) (1024K)]
  0x000001f6bc1286f0 JavaThread "Cache worker for file hash cache (C:\Users\Alumno\.gradle\caches\9.5.0\fileHashes)"        [_thread_blocked, id=2072, stack(0x00000042b5300000,0x00000042b5400000) (1024K)]
  0x000001f6bc12cd40 JavaThread "Cache worker for file hash cache (C:\Users\Alumno\AndroidStudioProjects\Nexura\.gradle\9.5.0\fileHashes)"        [_thread_blocked, id=10944, stack(0x00000042b5400000,0x00000042b5500000) (1024K)]
  0x000001f6bc129690 JavaThread "Cache worker for Build Output Cleanup Cache (C:\Users\Alumno\AndroidStudioProjects\Nexura\.gradle\buildOutputCleanup)"        [_thread_blocked, id=5156, stack(0x00000042b5500000,0x00000042b5600000) (1024K)]
  0x000001f6bc12a630 JavaThread "File watcher server"        daemon [_thread_in_native, id=19024, stack(0x00000042b5600000,0x00000042b5700000) (1024K)]
  0x000001f6bc548f60 JavaThread "File watcher consumer"      daemon [_thread_blocked, id=3624, stack(0x00000042b5700000,0x00000042b5800000) (1024K)]
  0x000001f6bc54ed20 JavaThread "jar transforms"                    [_thread_blocked, id=19292, stack(0x00000042b5800000,0x00000042b5900000) (1024K)]
  0x000001f6bc550490 JavaThread "jar transforms Thread 2"           [_thread_blocked, id=10352, stack(0x00000042b5900000,0x00000042b5a00000) (1024K)]
  0x000001f6bc549730 JavaThread "jar transforms Thread 3"           [_thread_blocked, id=15968, stack(0x00000042b5a00000,0x00000042b5b00000) (1024K)]
  0x000001f6bc54c610 JavaThread "jar transforms Thread 4"           [_thread_blocked, id=10712, stack(0x00000042b5b00000,0x00000042b5c00000) (1024K)]
  0x000001f6bc54aea0 JavaThread "Cache worker for file content cache (C:\Users\Alumno\.gradle\caches\9.5.0\fileContent)"        [_thread_blocked, id=5176, stack(0x00000042b5c00000,0x00000042b5d00000) (1024K)]
  0x000001f6bc54b670 JavaThread "Cache worker for checksums cache (C:\Users\Alumno\AndroidStudioProjects\Nexura\.gradle\9.5.0\checksums)"        [_thread_blocked, id=15508, stack(0x00000042b5d00000,0x00000042b5e00000) (1024K)]
  0x000001f6bb995690 JavaThread "Cache worker for cache directory md-supplier (C:\Users\Alumno\.gradle\caches\9.5.0\md-supplier)"        [_thread_blocked, id=13168, stack(0x00000042b5e00000,0x00000042b5f00000) (1024K)]
  0x000001f6bb99a4b0 JavaThread "Cache worker for cache directory md-rule (C:\Users\Alumno\.gradle\caches\9.5.0\md-rule)"        [_thread_blocked, id=6840, stack(0x00000042b5f00000,0x00000042b6000000) (1024K)]
Total: 36

Other Threads:
  0x000001f69dbdeaa0 VMThread "VM Thread"                           [id=17328, stack(0x00000042b3900000,0x00000042b3a00000) (1024K)]
  0x000001f6b4d8ca10 WatcherThread "VM Periodic Task Thread"        [id=9384, stack(0x00000042b3800000,0x00000042b3900000) (1024K)]
  0x000001f69db70eb0 WorkerThread "GC Thread#0"                     [id=18504, stack(0x00000042b3300000,0x00000042b3400000) (1024K)]
  0x000001f6ba256a40 WorkerThread "GC Thread#1"                     [id=8472, stack(0x00000042b4400000,0x00000042b4500000) (1024K)]
  0x000001f6ba27fa20 WorkerThread "GC Thread#2"                     [id=8344, stack(0x00000042b4500000,0x00000042b4600000) (1024K)]
  0x000001f6ba27fe50 WorkerThread "GC Thread#3"                     [id=17144, stack(0x00000042b4600000,0x00000042b4700000) (1024K)]
  0x000001f69db89f80 ConcurrentGCThread "G1 Main Marker"            [id=13124, stack(0x00000042b3400000,0x00000042b3500000) (1024K)]
  0x000001f69db8ab20 WorkerThread "G1 Conc#0"                       [id=18496, stack(0x00000042b3500000,0x00000042b3600000) (1024K)]
  0x000001f69dbb1910 ConcurrentGCThread "G1 Refine#0"               [id=6232, stack(0x00000042b3600000,0x00000042b3700000) (1024K)]
  0x000001f69dbb2520 ConcurrentGCThread "G1 Service"                [id=8904, stack(0x00000042b3700000,0x00000042b3800000) (1024K)]
Total: 10

Threads with active compile tasks:
C2 CompilerThread0  22524 4215   !   4       java.lang.ClassLoader::loadClass (121 bytes)
Total: 1

VM state: not at safepoint (normal execution)

VM Mutex/Monitor currently owned by a thread: None

Heap address: 0x0000000080000000, size: 2048 MB, Compressed Oops mode: 32-bit

CDS archive(s) not mapped
Compressed class space mapped at: 0x0000000017000000-0x0000000057000000, reserved size: 1073741824
UseCompressedClassPointers 1, UseCompactObjectHeaders 0
Narrow klass pointer bits 32, Max shift 3
Narrow klass base: 0x0000000000000000, Narrow klass shift: 0
Encoding Range: [0x0000000000000000 - 0x0000000100000000), (4294967296 bytes)
Klass Range:    [0x0000000017000000 - 0x0000000057000000), (1073741824 bytes)
Klass ID Range:  [385875968 - 1459617785) (1073741817)
No protection zone.

GC Precious Log:
 CardTable entry size: 512
 Card Set container configuration: InlinePtr #cards 5 size 8 Array Of Cards #cards 10 size 36 Howl #buckets 4 coarsen threshold 1843 Howl Bitmap #cards 512 size 80 coarsen threshold 460 Card regions per heap region 1 cards per card region 2048
 CPUs: 4 total, 4 available
 Memory: 3982M
 Large Page Support: Disabled
 NUMA Support: Disabled
 Compressed Oops: Enabled (32-bit)
 Heap Region Size: 1M
 Heap Min Capacity: 8M
 Heap Initial Capacity: 64M
 Heap Max Capacity: 2G
 Pre-touch: Disabled
 Parallel Workers: 4
 Concurrent Workers: 1
 Concurrent Refinement Workers: 4
 Periodic GC: Disabled

Heap:
 garbage-first heap   total reserved 2097152K, committed 91136K, used 60524K [0x0000000080000000, 0x0000000100000000)
  region size 1024K, 9 young (9216K), 2 survivors (2048K)

Heap Regions: E=young(eden), S=young(survivor), O=old, HS=humongous(starts), HC=humongous(continues), CS=collection set, F=free, TAMS=top-at-mark-start, PB=parsable bottom
|   0|0x0000000080000000, 0x0000000080100000, 0x0000000080100000|100%|HS|  |TAMS 0x0000000080000000| PB 0x0000000080000000| Complete |  0
|   1|0x0000000080100000, 0x0000000080200000, 0x0000000080200000|100%|HC|  |TAMS 0x0000000080100000| PB 0x0000000080100000| Complete |  0
|   2|0x0000000080200000, 0x0000000080300000, 0x0000000080300000|100%|HC|  |TAMS 0x0000000080200000| PB 0x0000000080200000| Complete |  0
|   3|0x0000000080300000, 0x0000000080400000, 0x0000000080400000|100%|HC|  |TAMS 0x0000000080300000| PB 0x0000000080300000| Complete |  0
|   4|0x0000000080400000, 0x0000000080500000, 0x0000000080500000|100%| O|  |TAMS 0x0000000080400000| PB 0x0000000080400000| Untracked |  0
|   5|0x0000000080500000, 0x0000000080600000, 0x0000000080600000|100%| O|  |TAMS 0x0000000080500000| PB 0x0000000080500000| Untracked |  0
|   6|0x0000000080600000, 0x0000000080700000, 0x0000000080700000|100%| O|  |TAMS 0x0000000080600000| PB 0x0000000080600000| Untracked |  0
|   7|0x0000000080700000, 0x0000000080800000, 0x0000000080800000|100%| O|  |TAMS 0x0000000080700000| PB 0x0000000080700000| Untracked |  0
|   8|0x0000000080800000, 0x0000000080900000, 0x0000000080900000|100%| O|  |TAMS 0x0000000080800000| PB 0x0000000080800000| Untracked |  0
|   9|0x0000000080900000, 0x0000000080a00000, 0x0000000080a00000|100%| O|  |TAMS 0x0000000080900000| PB 0x0000000080900000| Untracked |  0
|  10|0x0000000080a00000, 0x0000000080b00000, 0x0000000080b00000|100%| O|  |TAMS 0x0000000080a00000| PB 0x0000000080a00000| Untracked |  0
|  11|0x0000000080b00000, 0x0000000080c00000, 0x0000000080c00000|100%| O|  |TAMS 0x0000000080b00000| PB 0x0000000080b00000| Untracked |  0
|  12|0x0000000080c00000, 0x0000000080d00000, 0x0000000080d00000|100%|HS|  |TAMS 0x0000000080c00000| PB 0x0000000080c00000| Complete |  0
|  13|0x0000000080d00000, 0x0000000080e00000, 0x0000000080e00000|100%| O|  |TAMS 0x0000000080d00000| PB 0x0000000080d00000| Untracked |  0
|  14|0x0000000080e00000, 0x0000000080f00000, 0x0000000080f00000|100%| O|  |TAMS 0x0000000080e00000| PB 0x0000000080e00000| Untracked |  0
|  15|0x0000000080f00000, 0x0000000081000000, 0x0000000081000000|100%| O|  |TAMS 0x0000000080f00000| PB 0x0000000080f00000| Untracked |  0
|  16|0x0000000081000000, 0x0000000081100000, 0x0000000081100000|100%| O|  |TAMS 0x0000000081000000| PB 0x0000000081000000| Untracked |  0
|  17|0x0000000081100000, 0x0000000081200000, 0x0000000081200000|100%| O|  |TAMS 0x0000000081100000| PB 0x0000000081100000| Untracked |  0
|  18|0x0000000081200000, 0x0000000081300000, 0x0000000081300000|100%| O|  |TAMS 0x0000000081200000| PB 0x0000000081200000| Untracked |  0
|  19|0x0000000081300000, 0x0000000081400000, 0x0000000081400000|100%| O|  |TAMS 0x0000000081300000| PB 0x0000000081300000| Untracked |  0
|  20|0x0000000081400000, 0x0000000081500000, 0x0000000081500000|100%| O|  |TAMS 0x0000000081400000| PB 0x0000000081400000| Untracked |  0
|  21|0x0000000081500000, 0x0000000081600000, 0x0000000081600000|100%| O|  |TAMS 0x0000000081500000| PB 0x0000000081500000| Untracked |  0
|  22|0x0000000081600000, 0x0000000081700000, 0x0000000081700000|100%| O|  |TAMS 0x0000000081600000| PB 0x0000000081600000| Untracked |  0
|  23|0x0000000081700000, 0x0000000081800000, 0x0000000081800000|100%| O|  |TAMS 0x0000000081700000| PB 0x0000000081700000| Untracked |  0
|  24|0x0000000081800000, 0x0000000081900000, 0x0000000081900000|100%|HS|  |TAMS 0x0000000081800000| PB 0x0000000081800000| Complete |  0
|  25|0x0000000081900000, 0x0000000081a00000, 0x0000000081a00000|100%|HC|  |TAMS 0x0000000081900000| PB 0x0000000081900000| Complete |  0
|  26|0x0000000081a00000, 0x0000000081b00000, 0x0000000081b00000|100%|HC|  |TAMS 0x0000000081a00000| PB 0x0000000081a00000| Complete |  0
|  27|0x0000000081b00000, 0x0000000081c00000, 0x0000000081c00000|100%|HC|  |TAMS 0x0000000081b00000| PB 0x0000000081b00000| Complete |  0
|  28|0x0000000081c00000, 0x0000000081d00000, 0x0000000081d00000|100%|HC|  |TAMS 0x0000000081c00000| PB 0x0000000081c00000| Complete |  0
|  29|0x0000000081d00000, 0x0000000081e00000, 0x0000000081e00000|100%|HC|  |TAMS 0x0000000081d00000| PB 0x0000000081d00000| Complete |  0
|  30|0x0000000081e00000, 0x0000000081f00000, 0x0000000081f00000|100%|HS|  |TAMS 0x0000000081e00000| PB 0x0000000081e00000| Complete |  0
|  31|0x0000000081f00000, 0x0000000082000000, 0x0000000082000000|100%|HS|  |TAMS 0x0000000081f00000| PB 0x0000000081f00000| Complete |  0
|  32|0x0000000082000000, 0x0000000082100000, 0x0000000082100000|100%| O|  |TAMS 0x0000000082000000| PB 0x0000000082000000| Untracked |  0
|  33|0x0000000082100000, 0x0000000082200000, 0x0000000082200000|100%|HS|  |TAMS 0x0000000082100000| PB 0x0000000082100000| Complete |  0
|  34|0x0000000082200000, 0x0000000082300000, 0x0000000082300000|100%|HC|  |TAMS 0x0000000082200000| PB 0x0000000082200000| Complete |  0
|  35|0x0000000082300000, 0x0000000082400000, 0x0000000082400000|100%|HC|  |TAMS 0x0000000082300000| PB 0x0000000082300000| Complete |  0
|  36|0x0000000082400000, 0x0000000082500000, 0x0000000082500000|100%|HC|  |TAMS 0x0000000082400000| PB 0x0000000082400000| Complete |  0
|  37|0x0000000082500000, 0x0000000082600000, 0x0000000082600000|100%|HC|  |TAMS 0x0000000082500000| PB 0x0000000082500000| Complete |  0
|  38|0x0000000082600000, 0x0000000082700000, 0x0000000082700000|100%|HC|  |TAMS 0x0000000082600000| PB 0x0000000082600000| Complete |  0
|  39|0x0000000082700000, 0x0000000082800000, 0x0000000082800000|100%|HS|  |TAMS 0x0000000082700000| PB 0x0000000082700000| Complete |  0
|  40|0x0000000082800000, 0x0000000082900000, 0x0000000082900000|100%|HS|  |TAMS 0x0000000082800000| PB 0x0000000082800000| Complete |  0
|  41|0x0000000082900000, 0x0000000082a00000, 0x0000000082a00000|100%| O|  |TAMS 0x0000000082900000| PB 0x0000000082900000| Untracked |  0
|  42|0x0000000082a00000, 0x0000000082b00000, 0x0000000082b00000|100%| O|  |TAMS 0x0000000082a00000| PB 0x0000000082a00000| Untracked |  0
|  43|0x0000000082b00000, 0x0000000082b6fbb0, 0x0000000082c00000| 43%| O|  |TAMS 0x0000000082b00000| PB 0x0000000082b00000| Untracked |  0
|  44|0x0000000082c00000, 0x0000000082c00000, 0x0000000082d00000|  0%| F|  |TAMS 0x0000000082c00000| PB 0x0000000082c00000| Untracked |  0
|  45|0x0000000082d00000, 0x0000000082d00000, 0x0000000082e00000|  0%| F|  |TAMS 0x0000000082d00000| PB 0x0000000082d00000| Untracked |  0
|  46|0x0000000082e00000, 0x0000000082e00000, 0x0000000082f00000|  0%| F|  |TAMS 0x0000000082e00000| PB 0x0000000082e00000| Untracked |  0
|  47|0x0000000082f00000, 0x0000000082f00000, 0x0000000083000000|  0%| F|  |TAMS 0x0000000082f00000| PB 0x0000000082f00000| Untracked |  0
|  48|0x0000000083000000, 0x0000000083000000, 0x0000000083100000|  0%| F|  |TAMS 0x0000000083000000| PB 0x0000000083000000| Untracked |  0
|  49|0x0000000083100000, 0x0000000083100000, 0x0000000083200000|  0%| F|  |TAMS 0x0000000083100000| PB 0x0000000083100000| Untracked |  0
|  50|0x0000000083200000, 0x0000000083200000, 0x0000000083300000|  0%| F|  |TAMS 0x0000000083200000| PB 0x0000000083200000| Untracked |  0
|  51|0x0000000083300000, 0x0000000083300000, 0x0000000083400000|  0%| F|  |TAMS 0x0000000083300000| PB 0x0000000083300000| Untracked |  0
|  52|0x0000000083400000, 0x0000000083400000, 0x0000000083500000|  0%| F|  |TAMS 0x0000000083400000| PB 0x0000000083400000| Untracked |  0
|  53|0x0000000083500000, 0x0000000083500000, 0x0000000083600000|  0%| F|  |TAMS 0x0000000083500000| PB 0x0000000083500000| Untracked |  0
|  54|0x0000000083600000, 0x0000000083600000, 0x0000000083700000|  0%| F|  |TAMS 0x0000000083600000| PB 0x0000000083600000| Untracked |  0
|  55|0x0000000083700000, 0x0000000083700000, 0x0000000083800000|  0%| F|  |TAMS 0x0000000083700000| PB 0x0000000083700000| Untracked |  0
|  56|0x0000000083800000, 0x0000000083800000, 0x0000000083900000|  0%| F|  |TAMS 0x0000000083800000| PB 0x0000000083800000| Untracked |  0
|  57|0x0000000083900000, 0x0000000083900000, 0x0000000083a00000|  0%| F|  |TAMS 0x0000000083900000| PB 0x0000000083900000| Untracked |  0
|  58|0x0000000083a00000, 0x0000000083a00000, 0x0000000083b00000|  0%| F|  |TAMS 0x0000000083a00000| PB 0x0000000083a00000| Untracked |  0
|  59|0x0000000083b00000, 0x0000000083b00000, 0x0000000083c00000|  0%| F|  |TAMS 0x0000000083b00000| PB 0x0000000083b00000| Untracked |  0
|  60|0x0000000083c00000, 0x0000000083c00000, 0x0000000083d00000|  0%| F|  |TAMS 0x0000000083c00000| PB 0x0000000083c00000| Untracked |  0
|  61|0x0000000083d00000, 0x0000000083dab838, 0x0000000083e00000| 66%| S|CS|TAMS 0x0000000083d00000| PB 0x0000000083d00000| Complete |  0
|  62|0x0000000083e00000, 0x0000000083f00000, 0x0000000083f00000|100%| S|CS|TAMS 0x0000000083e00000| PB 0x0000000083e00000| Complete |  0
|  63|0x0000000083f00000, 0x0000000083f00000, 0x0000000084000000|  0%| F|  |TAMS 0x0000000083f00000| PB 0x0000000083f00000| Untracked |  0
|  64|0x0000000084000000, 0x0000000084000000, 0x0000000084100000|  0%| F|  |TAMS 0x0000000084000000| PB 0x0000000084000000| Untracked |  0
|  65|0x0000000084100000, 0x0000000084100000, 0x0000000084200000|  0%| F|  |TAMS 0x0000000084100000| PB 0x0000000084100000| Untracked |  0
|  66|0x0000000084200000, 0x0000000084200000, 0x0000000084300000|  0%| F|  |TAMS 0x0000000084200000| PB 0x0000000084200000| Untracked |  0
|  67|0x0000000084300000, 0x0000000084300000, 0x0000000084400000|  0%| F|  |TAMS 0x0000000084300000| PB 0x0000000084300000| Untracked |  0
|  68|0x0000000084400000, 0x0000000084400000, 0x0000000084500000|  0%| F|  |TAMS 0x0000000084400000| PB 0x0000000084400000| Untracked |  0
|  69|0x0000000084500000, 0x0000000084500000, 0x0000000084600000|  0%| F|  |TAMS 0x0000000084500000| PB 0x0000000084500000| Untracked |  0
|  70|0x0000000084600000, 0x0000000084600000, 0x0000000084700000|  0%| F|  |TAMS 0x0000000084600000| PB 0x0000000084600000| Untracked |  0
|  71|0x0000000084700000, 0x0000000084700000, 0x0000000084800000|  0%| F|  |TAMS 0x0000000084700000| PB 0x0000000084700000| Untracked |  0
|  72|0x0000000084800000, 0x0000000084800000, 0x0000000084900000|  0%| F|  |TAMS 0x0000000084800000| PB 0x0000000084800000| Untracked |  0
|  73|0x0000000084900000, 0x0000000084900000, 0x0000000084a00000|  0%| F|  |TAMS 0x0000000084900000| PB 0x0000000084900000| Untracked |  0
|  74|0x0000000084a00000, 0x0000000084a58088, 0x0000000084b00000| 34%| E|  |TAMS 0x0000000084a00000| PB 0x0000000084a00000| Complete |  0
|  75|0x0000000084b00000, 0x0000000084c00000, 0x0000000084c00000|100%| E|CS|TAMS 0x0000000084b00000| PB 0x0000000084b00000| Complete |  0
|  76|0x0000000084c00000, 0x0000000084d00000, 0x0000000084d00000|100%| E|CS|TAMS 0x0000000084c00000| PB 0x0000000084c00000| Complete |  0
|  77|0x0000000084d00000, 0x0000000084e00000, 0x0000000084e00000|100%| E|CS|TAMS 0x0000000084d00000| PB 0x0000000084d00000| Complete |  0
|  78|0x0000000084e00000, 0x0000000084f00000, 0x0000000084f00000|100%| E|CS|TAMS 0x0000000084e00000| PB 0x0000000084e00000| Complete |  0
|  79|0x0000000084f00000, 0x0000000085000000, 0x0000000085000000|100%| E|CS|TAMS 0x0000000084f00000| PB 0x0000000084f00000| Complete |  0
|  80|0x0000000085000000, 0x0000000085100000, 0x0000000085100000|100%| E|CS|TAMS 0x0000000085000000| PB 0x0000000085000000| Complete |  0
|2040|0x00000000ff800000, 0x00000000ff900000, 0x00000000ff900000|100%| O|  |TAMS 0x00000000ff800000| PB 0x00000000ff800000| Untracked |  0
|2041|0x00000000ff900000, 0x00000000ffa00000, 0x00000000ffa00000|100%| O|  |TAMS 0x00000000ff900000| PB 0x00000000ff900000| Untracked |  0
|2042|0x00000000ffa00000, 0x00000000ffb00000, 0x00000000ffb00000|100%| O|  |TAMS 0x00000000ffa00000| PB 0x00000000ffa00000| Untracked |  0
|2043|0x00000000ffb00000, 0x00000000ffc00000, 0x00000000ffc00000|100%| O|Cm|TAMS 0x00000000ffb00000| PB 0x00000000ffb00000| Complete |  0
|2044|0x00000000ffc00000, 0x00000000ffd00000, 0x00000000ffd00000|100%| O|  |TAMS 0x00000000ffc00000| PB 0x00000000ffc00000| Untracked |  0
|2045|0x00000000ffd00000, 0x00000000ffe00000, 0x00000000ffe00000|100%| O|  |TAMS 0x00000000ffd00000| PB 0x00000000ffd00000| Untracked |  0
|2046|0x00000000ffe00000, 0x00000000fff00000, 0x00000000fff00000|100%| O|  |TAMS 0x00000000ffe00000| PB 0x00000000ffe00000| Untracked |  0
|2047|0x00000000fff00000, 0x0000000100000000, 0x0000000100000000|100%| O|  |TAMS 0x00000000fff00000| PB 0x00000000fff00000| Untracked |  0

Card table byte_map: [0x000001f6b0410000,0x000001f6b0810000] _byte_map_base: 0x000001f6b0010000

Marking Bits: (CMBitMap*) 0x000001f69db71640
 Bits: [0x000001f6b0810000, 0x000001f6b2810000)

Polling page: 0x000001f69b9a0000

Metaspace:
Metaspace        used 45582K, committed 46848K, reserved 1114112K
 class space     used 6697K, committed 7296K, reserved 1048576K

Usage:
  Non-class:     37.97 MB used.
      Class:      6.54 MB used.
       Both:     44.51 MB used.

Virtual space:
  Non-class space:       64.00 MB reserved,      38.62 MB ( 60%) committed,  1 nodes.
      Class space:        1.00 GB reserved,       7.12 MB ( <1%) committed,  1 nodes.
             Both:        1.06 GB reserved,      45.75 MB (  4%) committed. 

Chunk freelists:
   Non-Class:  9.22 MB
       Class:  8.88 MB
        Both:  18.09 MB

MaxMetaspaceSize: unlimited
CompressedClassSpaceSize: 1.00 GB
Initial GC threshold: 21.00 MB
Current GC threshold: 72.19 MB
CDS: off
 - commit_granule_bytes: 65536.
 - commit_granule_words: 8192.
 - virtual_space_node_default_size: 8388608.
 - enlarge_chunks_in_place: 1.
UseCompressedClassPointers 1, UseCompactObjectHeaders 0
Narrow klass pointer bits 32, Max shift 3
Narrow klass base: 0x0000000000000000, Narrow klass shift: 0
Encoding Range: [0x0000000000000000 - 0x0000000100000000), (4294967296 bytes)
Klass Range:    [0x0000000017000000 - 0x0000000057000000), (1073741824 bytes)
Klass ID Range:  [385875968 - 1459617785) (1073741817)
No protection zone.


Internal statistics:

num_allocs_failed_limit: 6.
num_arena_births: 2314.
num_arena_deaths: 0.
num_vsnodes_births: 2.
num_vsnodes_deaths: 0.
num_space_committed: 732.
num_space_uncommitted: 0.
num_chunks_returned_to_freelist: 6.
num_chunks_taken_from_freelist: 3975.
num_chunk_merges: 6.
num_chunk_splits: 2583.
num_chunks_enlarged: 1596.
num_inconsistent_stats: 0.

CodeHeap 'non-profiled nmethods': size=120064Kb used=1634Kb max_used=1643Kb free=118429Kb
 bounds [0x000001f6a8ad0000, 0x000001f6a8d40000, 0x000001f6b0010000]
CodeHeap 'profiled nmethods': size=120000Kb used=5864Kb max_used=5941Kb free=114136Kb
 bounds [0x000001f6a1010000, 0x000001f6a15e0000, 0x000001f6a8540000]
CodeHeap 'non-nmethods': size=5696Kb used=1497Kb max_used=1551Kb free=4198Kb
 bounds [0x000001f6a8540000, 0x000001f6a87b0000, 0x000001f6a8ad0000]
CodeCache: size=245760Kb, used=8995Kb, max_used=9135Kb, free=236763Kb
 total_blobs=4557, nmethods=3911, adapters=548, full_count=0
Compilation: enabled, stopped_count=0, restarted_count=0

Compilation events (20 events):
Event: 21.694 Thread 0x000001f6b4dfd760 4392       3       java.lang.reflect.Constructor::acquireConstructorAccessor (75 bytes)
Event: 21.695 Thread 0x000001f6b4dfd760 nmethod 4392 0x000001f6a12c4b08 code [0x000001f6a12c4c00, 0x000001f6a12c5488]
Event: 21.706 Thread 0x000001f6b4dfd760 4393       3       java.util.TreeMap::fixAfterInsertion (267 bytes)
Event: 21.709 Thread 0x000001f6b4dfd760 nmethod 4393 0x000001f6a1364108 code [0x000001f6a1364200, 0x000001f6a1366540]
Event: 21.712 Thread 0x000001f6b4dfd760 4394       3       java.util.Arrays$ArrayList::toArray (15 bytes)
Event: 21.713 Thread 0x000001f6b4dfd760 nmethod 4394 0x000001f6a1363d08 code [0x000001f6a1363e00, 0x000001f6a1363f50]
Event: 21.868 Thread 0x000001f6b4dfd760 4395       3       com.google.common.cache.LocalCache::discardingQueue (4 bytes)
Event: 21.868 Thread 0x000001f6b4dfd760 nmethod 4395 0x000001f6a1104808 code [0x000001f6a1104900, 0x000001f6a11049f0]
Event: 21.935 Thread 0x000001f6b4dfd760 4396       3       org.gradle.internal.reflect.ClassInspector::inspectClass (179 bytes)
Event: 21.938 Thread 0x000001f6b4dfd760 nmethod 4396 0x000001f6a1358608 code [0x000001f6a1358700, 0x000001f6a135a050]
Event: 21.939 Thread 0x000001f6b4dfd760 4397       1       org.gradle.internal.instantiation.generator.AbstractClassGenerator$PropertyMetadata::access$600 (5 bytes)
Event: 21.939 Thread 0x000001f6b4dfd760 nmethod 4397 0x000001f6a8b6d988 code [0x000001f6a8b6da80, 0x000001f6a8b6db28]
Event: 21.939 Thread 0x000001f6b4dfd760 4398       3       java.util.stream.MatchOps$1MatchSink::accept (44 bytes)
Event: 21.939 Thread 0x000001f6b4dfd760 nmethod 4398 0x000001f6a1373188 code [0x000001f6a1373280, 0x000001f6a13734c8]
Event: 21.940 Thread 0x000001f6b4dfd760 4399       3       org.gradle.internal.instantiation.generator.AsmBackedClassGenerator$ClassBuilderImpl$LocalMethodVisitorScope::<init> (11 bytes)
Event: 21.940 Thread 0x000001f6b4dfd760 nmethod 4399 0x000001f6a1104508 code [0x000001f6a1104600, 0x000001f6a11047f8]
Event: 21.940 Thread 0x000001f6b4dfd760 4400       3       org.objectweb.asm.MethodVisitor::visitTypeInsn (17 bytes)
Event: 21.941 Thread 0x000001f6b4dfd760 nmethod 4400 0x000001f6a1372e88 code [0x000001f6a1372f80, 0x000001f6a1373170]
Event: 21.942 Thread 0x000001f6b4dfd760 4401       3       java.lang.reflect.Constructor::getRoot (5 bytes)
Event: 21.942 Thread 0x000001f6b4dfd760 nmethod 4401 0x000001f6a1372b88 code [0x000001f6a1372c80, 0x000001f6a1372e18]

GC Heap Usage History (20 events):
Event: 7.089 {heap Before GC invocations=2 (full 0):
 garbage-first heap   total reserved 2097152K, committed 65536K, used 41255K [0x0000000080000000, 0x0000000100000000)
  region size 1024K, 29 young (29696K), 2 survivors (2048K)
}
Event: 7.098 {heap After GC invocations=3 (full 0):
 garbage-first heap   total reserved 2097152K, committed 65536K, used 17319K [0x0000000080000000, 0x0000000100000000)
  region size 1024K, 4 young (4096K), 4 survivors (4096K)
}
Event: 9.849 {heap Before GC invocations=3 (full 0):
 garbage-first heap   total reserved 2097152K, committed 65536K, used 43943K [0x0000000080000000, 0x0000000100000000)
  region size 1024K, 31 young (31744K), 4 survivors (4096K)
}
Event: 9.863 {heap After GC invocations=4 (full 0):
 garbage-first heap   total reserved 2097152K, committed 65536K, used 21056K [0x0000000080000000, 0x0000000100000000)
  region size 1024K, 4 young (4096K), 4 survivors (4096K)
}
Event: 9.884 {heap Before GC invocations=4 (full 0):
 garbage-first heap   total reserved 2097152K, committed 65536K, used 21056K [0x0000000080000000, 0x0000000100000000)
  region size 1024K, 5 young (5120K), 4 survivors (4096K)
}
Event: 9.894 {heap After GC invocations=5 (full 0):
 garbage-first heap   total reserved 2097152K, committed 65536K, used 21815K [0x0000000080000000, 0x0000000100000000)
  region size 1024K, 1 young (1024K), 1 survivors (1024K)
}
Event: 12.007 {heap Before GC invocations=6 (full 0):
 garbage-first heap   total reserved 2097152K, committed 65536K, used 49463K [0x0000000080000000, 0x0000000100000000)
  region size 1024K, 29 young (29696K), 1 survivors (1024K)
}
Event: 12.012 {heap After GC invocations=7 (full 0):
 garbage-first heap   total reserved 2097152K, committed 65536K, used 22827K [0x0000000080000000, 0x0000000100000000)
  region size 1024K, 2 young (2048K), 2 survivors (2048K)
}
Event: 14.003 {heap Before GC invocations=7 (full 0):
 garbage-first heap   total reserved 2097152K, committed 65536K, used 51499K [0x0000000080000000, 0x0000000100000000)
  region size 1024K, 31 young (31744K), 2 survivors (2048K)
}
Event: 14.010 {heap After GC invocations=8 (full 0):
 garbage-first heap   total reserved 2097152K, committed 65536K, used 24500K [0x0000000080000000, 0x0000000100000000)
  region size 1024K, 4 young (4096K), 4 survivors (4096K)
}
Event: 15.899 {heap Before GC invocations=8 (full 0):
 garbage-first heap   total reserved 2097152K, committed 65536K, used 53172K [0x0000000080000000, 0x0000000100000000)
  region size 1024K, 32 young (32768K), 4 survivors (4096K)
}
Event: 15.908 {heap After GC invocations=9 (full 0):
 garbage-first heap   total reserved 2097152K, committed 65536K, used 26272K [0x0000000080000000, 0x0000000100000000)
  region size 1024K, 4 young (4096K), 4 survivors (4096K)
}
Event: 16.301 {heap Before GC invocations=9 (full 0):
 garbage-first heap   total reserved 2097152K, committed 65536K, used 35488K [0x0000000080000000, 0x0000000100000000)
  region size 1024K, 14 young (14336K), 4 survivors (4096K)
}
Event: 16.310 {heap After GC invocations=10 (full 0):
 garbage-first heap   total reserved 2097152K, committed 65536K, used 26971K [0x0000000080000000, 0x0000000100000000)
  region size 1024K, 3 young (3072K), 3 survivors (3072K)
}
Event: 18.968 {heap Before GC invocations=11 (full 0):
 garbage-first heap   total reserved 2097152K, committed 65536K, used 62811K [0x0000000080000000, 0x0000000100000000)
  region size 1024K, 31 young (31744K), 3 survivors (3072K)
}
Event: 18.977 {heap After GC invocations=12 (full 0):
 garbage-first heap   total reserved 2097152K, committed 71680K, used 39837K [0x0000000080000000, 0x0000000100000000)
  region size 1024K, 4 young (4096K), 4 survivors (4096K)
}
Event: 20.233 {heap Before GC invocations=12 (full 0):
 garbage-first heap   total reserved 2097152K, committed 71680K, used 70557K [0x0000000080000000, 0x0000000100000000)
  region size 1024K, 25 young (25600K), 4 survivors (4096K)
}
Event: 20.243 {heap After GC invocations=13 (full 0):
 garbage-first heap   total reserved 2097152K, committed 80896K, used 51794K [0x0000000080000000, 0x0000000100000000)
  region size 1024K, 4 young (4096K), 4 survivors (4096K)
}
Event: 21.052 {heap Before GC invocations=13 (full 0):
 garbage-first heap   total reserved 2097152K, committed 80896K, used 70226K [0x0000000080000000, 0x0000000100000000)
  region size 1024K, 22 young (22528K), 4 survivors (4096K)
}
Event: 21.057 {heap After GC invocations=14 (full 0):
 garbage-first heap   total reserved 2097152K, committed 80896K, used 53694K [0x0000000080000000, 0x0000000100000000)
  region size 1024K, 1 young (1024K), 1 survivors (1024K)
}

Metaspace Usage History (20 events):
Event: 7.089 {metaspace Before GC invocations=2 (full 0):
 Metaspace       used 13354K, committed 13504K, reserved 1114112K
  class space    used 1504K, committed 1600K, reserved 1048576K
}
Event: 7.098 {metaspace After GC invocations=3 (full 0):
 Metaspace       used 13354K, committed 13504K, reserved 1114112K
  class space    used 1504K, committed 1600K, reserved 1048576K
}
Event: 9.849 {metaspace Before GC invocations=3 (full 0):
 Metaspace       used 21077K, committed 21440K, reserved 1114112K
  class space    used 2573K, committed 2752K, reserved 1048576K
}
Event: 9.863 {metaspace After GC invocations=4 (full 0):
 Metaspace       used 21077K, committed 21440K, reserved 1114112K
  class space    used 2573K, committed 2752K, reserved 1048576K
}
Event: 9.884 {metaspace Before GC invocations=4 (full 0):
 Metaspace       used 21200K, committed 21504K, reserved 1114112K
  class space    used 2592K, committed 2752K, reserved 1048576K
}
Event: 9.894 {metaspace After GC invocations=5 (full 0):
 Metaspace       used 21200K, committed 21504K, reserved 1114112K
  class space    used 2592K, committed 2752K, reserved 1048576K
}
Event: 12.007 {metaspace Before GC invocations=6 (full 0):
 Metaspace       used 26113K, committed 26560K, reserved 1114112K
  class space    used 3393K, committed 3584K, reserved 1048576K
}
Event: 12.012 {metaspace After GC invocations=7 (full 0):
 Metaspace       used 26113K, committed 26560K, reserved 1114112K
  class space    used 3393K, committed 3584K, reserved 1048576K
}
Event: 14.003 {metaspace Before GC invocations=7 (full 0):
 Metaspace       used 30559K, committed 31104K, reserved 1114112K
  class space    used 4146K, committed 4416K, reserved 1048576K
}
Event: 14.010 {metaspace After GC invocations=8 (full 0):
 Metaspace       used 30559K, committed 31104K, reserved 1114112K
  class space    used 4146K, committed 4416K, reserved 1048576K
}
Event: 15.899 {metaspace Before GC invocations=8 (full 0):
 Metaspace       used 34397K, committed 35072K, reserved 1114112K
  class space    used 4817K, committed 5120K, reserved 1048576K
}
Event: 15.908 {metaspace After GC invocations=9 (full 0):
 Metaspace       used 34397K, committed 35072K, reserved 1114112K
  class space    used 4817K, committed 5120K, reserved 1048576K
}
Event: 16.301 {metaspace Before GC invocations=9 (full 0):
 Metaspace       used 35460K, committed 36160K, reserved 1114112K
  class space    used 4994K, committed 5312K, reserved 1048576K
}
Event: 16.310 {metaspace After GC invocations=10 (full 0):
 Metaspace       used 35460K, committed 36160K, reserved 1114112K
  class space    used 4994K, committed 5312K, reserved 1048576K
}
Event: 18.968 {metaspace Before GC invocations=11 (full 0):
 Metaspace       used 38034K, committed 38912K, reserved 1114112K
  class space    used 5499K, committed 5888K, reserved 1048576K
}
Event: 18.977 {metaspace After GC invocations=12 (full 0):
 Metaspace       used 38034K, committed 38912K, reserved 1114112K
  class space    used 5499K, committed 5888K, reserved 1048576K
}
Event: 20.233 {metaspace Before GC invocations=12 (full 0):
 Metaspace       used 41189K, committed 42112K, reserved 1114112K
  class space    used 5862K, committed 6272K, reserved 1048576K
}
Event: 20.243 {metaspace After GC invocations=13 (full 0):
 Metaspace       used 41189K, committed 42112K, reserved 1114112K
  class space    used 5862K, committed 6272K, reserved 1048576K
}
Event: 21.052 {metaspace Before GC invocations=13 (full 0):
 Metaspace       used 43188K, committed 44288K, reserved 1114112K
  class space    used 6240K, committed 6784K, reserved 1048576K
}
Event: 21.057 {metaspace After GC invocations=14 (full 0):
 Metaspace       used 43188K, committed 44288K, reserved 1114112K
  class space    used 6240K, committed 6784K, reserved 1048576K
}

Dll operation events (3 events):
Event: 0.030 Loaded shared library C:\Program Files\Android\Android Studio\jbr\bin\java.dll
Event: 0.090 Loaded shared library C:\Program Files\Android\Android Studio\jbr\bin\zip.dll
Event: 3.495 Loaded shared library C:\Program Files\Android\Android Studio\jbr\bin\verify.dll

Deoptimization events (20 events):
Event: 20.631 Thread 0x000001f6ba212f60 Uncommon trap: trap_request=0xffffffd6 fr.pc=0x000001f6a8c61ffc relative=0x000000000000047c
Event: 20.631 Thread 0x000001f6ba212f60 Uncommon trap: reason=array_check action=maybe_recompile pc=0x000001f6a8c61ffc method=jdk.internal.classfile.impl.AttributeHolder.withAttribute(Ljava/lang/classfile/Attribute;)V @ 115 c2
Event: 20.631 Thread 0x000001f6ba212f60 DEOPT PACKING pc=0x000001f6a8c61ffc sp=0x00000042b4df6aa0
Event: 20.631 Thread 0x000001f6ba212f60 DEOPT UNPACKING pc=0x000001f6a85c377c sp=0x00000042b4df6a60 mode 2
Event: 20.631 Thread 0x000001f6ba212f60 Uncommon trap: trap_request=0xffffffd6 fr.pc=0x000001f6a8c61ffc relative=0x000000000000047c
Event: 20.631 Thread 0x000001f6ba212f60 Uncommon trap: reason=array_check action=maybe_recompile pc=0x000001f6a8c61ffc method=jdk.internal.classfile.impl.AttributeHolder.withAttribute(Ljava/lang/classfile/Attribute;)V @ 115 c2
Event: 20.631 Thread 0x000001f6ba212f60 DEOPT PACKING pc=0x000001f6a8c61ffc sp=0x00000042b4df6b00
Event: 20.631 Thread 0x000001f6ba212f60 DEOPT UNPACKING pc=0x000001f6a85c377c sp=0x00000042b4df6ac0 mode 2
Event: 20.818 Thread 0x000001f6ba212f60 Uncommon trap: trap_request=0xffffff45 fr.pc=0x000001f6a8bbe314 relative=0x0000000000000094
Event: 20.818 Thread 0x000001f6ba212f60 Uncommon trap: reason=unstable_if action=reinterpret pc=0x000001f6a8bbe314 method=java.util.Objects.hashCode(Ljava/lang/Object;)I @ 1 c2
Event: 20.818 Thread 0x000001f6ba212f60 DEOPT PACKING pc=0x000001f6a8bbe314 sp=0x00000042b4df7680
Event: 20.823 Thread 0x000001f6ba212f60 DEOPT UNPACKING pc=0x000001f6a85c377c sp=0x00000042b4df7620 mode 2
Event: 20.825 Thread 0x000001f6ba212f60 Uncommon trap: trap_request=0xffffff45 fr.pc=0x000001f6a8b946f0 relative=0x00000000000002f0
Event: 20.825 Thread 0x000001f6ba212f60 Uncommon trap: reason=unstable_if action=reinterpret pc=0x000001f6a8b946f0 method=java.util.HashMap.hash(Ljava/lang/Object;)I @ 1 c2
Event: 20.825 Thread 0x000001f6ba212f60 DEOPT PACKING pc=0x000001f6a8b946f0 sp=0x00000042b4df7430
Event: 20.825 Thread 0x000001f6ba212f60 DEOPT UNPACKING pc=0x000001f6a85c377c sp=0x00000042b4df72c8 mode 2
Event: 20.921 Thread 0x000001f6ba212f60 Uncommon trap: trap_request=0xffffff66 fr.pc=0x000001f6a8c690c8 relative=0x0000000000000648
Event: 20.921 Thread 0x000001f6ba212f60 Uncommon trap: reason=loop_limit_check action=maybe_recompile pc=0x000001f6a8c690c8 method=jdk.internal.classfile.impl.AttributeHolder.withAttribute(Ljava/lang/classfile/Attribute;)V @ 39 c2
Event: 20.921 Thread 0x000001f6ba212f60 DEOPT PACKING pc=0x000001f6a8c690c8 sp=0x00000042b4df7740
Event: 20.921 Thread 0x000001f6ba212f60 DEOPT UNPACKING pc=0x000001f6a85c377c sp=0x00000042b4df7710 mode 2

Classes loaded (20 events):
Event: 20.354 Loading class java/lang/invoke/SerializedLambda
Event: 20.355 Loading class java/lang/invoke/SerializedLambda done
Event: 20.636 Loading class java/lang/StringConcatHelper$Concat1
Event: 20.636 Loading class java/lang/StringConcatHelper$Concat1 done
Event: 20.812 Loading class java/lang/reflect/AnnotatedType
Event: 20.812 Loading class java/lang/reflect/AnnotatedType done
Event: 20.851 Loading class sun/reflect/generics/tree/IntSignature
Event: 20.851 Loading class sun/reflect/generics/tree/IntSignature done
Event: 20.852 Loading class sun/reflect/generics/tree/ArrayTypeSignature
Event: 20.852 Loading class sun/reflect/generics/tree/ArrayTypeSignature done
Event: 20.875 Loading class java/lang/SafeVarargs
Event: 20.875 Loading class java/lang/SafeVarargs done
Event: 20.986 Loading class java/util/regex/Pattern$GroupCurly
Event: 20.986 Loading class java/util/regex/Pattern$GroupCurly done
Event: 20.993 Loading class java/util/TreeSet
Event: 20.994 Loading class java/util/TreeSet done
Event: 20.994 Loading class java/util/TreeMap$KeyIterator
Event: 20.995 Loading class java/util/TreeMap$KeyIterator done
Event: 21.218 Loading class jdk/internal/reflect/MethodHandleIntegerFieldAccessorImpl
Event: 21.219 Loading class jdk/internal/reflect/MethodHandleIntegerFieldAccessorImpl done

Classes unloaded (0 events):
No events

Classes redefined (0 events):
No events

Internal exceptions (20 events):
Event: 20.637 Thread 0x000001f6ba212f60 Exception <a 'sun/nio/fs/WindowsException'{0x000000008398b970}> (0x000000008398b970) 
thrown [s\src\hotspot\share\prims\jni.cpp, line 535]
Event: 20.638 Thread 0x000001f6ba212f60 Exception <a 'sun/nio/fs/WindowsException'{0x000000008398d860}> (0x000000008398d860) 
thrown [s\src\hotspot\share\prims\jni.cpp, line 535]
Event: 20.638 Thread 0x000001f6ba212f60 Exception <a 'sun/nio/fs/WindowsException'{0x000000008398f750}> (0x000000008398f750) 
thrown [s\src\hotspot\share\prims\jni.cpp, line 535]
Event: 20.639 Thread 0x000001f6ba212f60 Exception <a 'sun/nio/fs/WindowsException'{0x0000000083991640}> (0x0000000083991640) 
thrown [s\src\hotspot\share\prims\jni.cpp, line 535]
Event: 20.639 Thread 0x000001f6ba212f60 Exception <a 'sun/nio/fs/WindowsException'{0x0000000083993510}> (0x0000000083993510) 
thrown [s\src\hotspot\share\prims\jni.cpp, line 535]
Event: 20.640 Thread 0x000001f6ba212f60 Exception <a 'sun/nio/fs/WindowsException'{0x00000000839953e0}> (0x00000000839953e0) 
thrown [s\src\hotspot\share\prims\jni.cpp, line 535]
Event: 20.641 Thread 0x000001f6ba212f60 Exception <a 'sun/nio/fs/WindowsException'{0x00000000839971b0}> (0x00000000839971b0) 
thrown [s\src\hotspot\share\prims\jni.cpp, line 535]
Event: 20.641 Thread 0x000001f6ba212f60 Exception <a 'sun/nio/fs/WindowsException'{0x0000000083998f88}> (0x0000000083998f88) 
thrown [s\src\hotspot\share\prims\jni.cpp, line 535]
Event: 20.642 Thread 0x000001f6ba212f60 Exception <a 'sun/nio/fs/WindowsException'{0x000000008399ad68}> (0x000000008399ad68) 
thrown [s\src\hotspot\share\prims\jni.cpp, line 535]
Event: 20.645 Thread 0x000001f6ba212f60 Exception <a 'sun/nio/fs/WindowsException'{0x00000000839a0fe0}> (0x00000000839a0fe0) 
thrown [s\src\hotspot\share\prims\jni.cpp, line 535]
Event: 20.817 Thread 0x000001f6ba212f60 Implicit null exception at 0x000001f6a8bbe2a0 to 0x000001f6a8bbe306
Event: 20.825 Thread 0x000001f6ba212f60 Implicit null exception at 0x000001f6a8b9444a to 0x000001f6a8b946d8
Event: 21.195 Thread 0x000001f6ba212f60 Exception <a 'java/lang/NoSuchMethodError'{0x00000000845dd140}: 'java.lang.Object java.lang.invoke.DirectMethodHandle$Holder.newInvokeSpecial(java.lang.Object, java.lang.Object, int, int)'> (0x00000000845dd140) 
thrown [s\src\hotspot\share\interpreter\linkResolver.cpp, line 815]
Event: 21.219 Thread 0x000001f6ba212f60 Exception <a 'java/lang/NoSuchMethodError'{0x000000008503aa80}: 'void java.lang.invoke.DirectMethodHandle$Holder.invokeSpecial(java.lang.Object, java.lang.Object, int)'> (0x000000008503aa80) 
thrown [s\src\hotspot\share\interpreter\linkResolver.cpp, line 815]
Event: 21.220 Thread 0x000001f6ba212f60 Exception <a 'java/lang/NoSuchMethodError'{0x0000000085043c08}: 'void java.lang.invoke.Invokers$Holder.invokeExact_MT(java.lang.Object, int, java.lang.Object)'> (0x0000000085043c08) 
thrown [s\src\hotspot\share\interpreter\linkResolver.cpp, line 815]
Event: 21.398 Thread 0x000001f6ba212f60 Exception <a 'java/lang/NoSuchMethodError'{0x0000000084d301f8}: 'java.lang.Object java.lang.invoke.DirectMethodHandle$Holder.newInvokeSpecial(java.lang.Object, java.lang.Object, java.lang.Object, java.lang.Object, java.lang.Object, java.lang.Object, java.lang.Object, java.lang.Object, java.lang.Object, java.lang.Object, java.lang.Object)'> (0x0000000084d301f8) 
thrown [s\src\hotspot\share\interpreter\linkResolver.cpp, line 815]
Event: 21.453 Thread 0x000001f6ba212f60 Exception <a 'sun/nio/fs/WindowsException'{0x0000000084cf25c8}> (0x0000000084cf25c8) 
thrown [s\src\hotspot\share\prims\jni.cpp, line 535]
Event: 21.515 Thread 0x000001f6ba212f60 Exception <a 'java/lang/NoSuchMethodError'{0x0000000084a50a88}: 'java.lang.Object java.lang.invoke.Invokers$Holder.linkToTargetMethod(java.lang.Object, java.lang.Object, java.lang.Object, java.lang.Object, java.lang.Object, java.lang.Object, java.lang.Object, java.lang.Object, java.lang.Object, java.lang.Object, java.lang.Object, java.lang.Object)'> (0x0000000084a50a88) 
thrown [s\src\hotspot\share\interpreter\linkResolver.cpp, line 815]
Event: 21.556 Thread 0x000001f6ba212f60 Exception <a 'sun/nio/fs/WindowsException'{0x00000000849314c8}> (0x00000000849314c8) 
thrown [s\src\hotspot\share\prims\jni.cpp, line 535]
Event: 21.872 Thread 0x000001f6ba212f60 Exception <a 'sun/nio/fs/WindowsException'{0x0000000084223a50}> (0x0000000084223a50) 
thrown [s\src\hotspot\share\prims\jni.cpp, line 535]

VM Operations (20 events):
Event: 16.360 Executing safepoint VM operation: G1PauseRemark
Event: 16.366 Executing safepoint VM operation: G1PauseRemark done
Event: 16.387 Executing safepoint VM operation: G1PauseCleanup
Event: 16.387 Executing safepoint VM operation: G1PauseCleanup done
Event: 17.120 Executing non-safepoint VM operation: HandshakeAllThreads (Deoptimize)
Event: 17.120 Executing non-safepoint VM operation: HandshakeAllThreads (Deoptimize) done
Event: 18.968 Executing safepoint VM operation: G1CollectForAllocation (G1 Evacuation Pause)
Event: 18.977 Executing safepoint VM operation: G1CollectForAllocation (G1 Evacuation Pause) done
Event: 20.233 Executing safepoint VM operation: G1CollectForAllocation (G1 Evacuation Pause)
Event: 20.243 Executing safepoint VM operation: G1CollectForAllocation (G1 Evacuation Pause) done
Event: 20.427 Executing non-safepoint VM operation: HandshakeAllThreads (Deoptimize)
Event: 20.427 Executing non-safepoint VM operation: HandshakeAllThreads (Deoptimize) done
Event: 20.838 Executing non-safepoint VM operation: HandshakeAllThreads (Deoptimize)
Event: 20.838 Executing non-safepoint VM operation: HandshakeAllThreads (Deoptimize) done
Event: 21.052 Executing safepoint VM operation: G1CollectForAllocation (G1 Evacuation Pause)
Event: 21.057 Executing safepoint VM operation: G1CollectForAllocation (G1 Evacuation Pause) done
Event: 21.131 Executing safepoint VM operation: G1PauseRemark
Event: 21.135 Executing safepoint VM operation: G1PauseRemark done
Event: 21.163 Executing safepoint VM operation: G1PauseCleanup
Event: 21.163 Executing safepoint VM operation: G1PauseCleanup done

Memory protections (0 events):
No events

Nmethod flushes (20 events):
Event: 21.134 Thread 0x000001f69dbdeaa0 flushing  nmethod 0x000001f6a1148088
Event: 21.134 Thread 0x000001f69dbdeaa0 flushing  nmethod 0x000001f6a114a988
Event: 21.134 Thread 0x000001f69dbdeaa0 flushing  nmethod 0x000001f6a114ac88
Event: 21.134 Thread 0x000001f69dbdeaa0 flushing  nmethod 0x000001f6a115d988
Event: 21.134 Thread 0x000001f69dbdeaa0 flushing  nmethod 0x000001f6a115df88
Event: 21.134 Thread 0x000001f69dbdeaa0 flushing  nmethod 0x000001f6a115e408
Event: 21.134 Thread 0x000001f69dbdeaa0 flushing  nmethod 0x000001f6a115ed88
Event: 21.134 Thread 0x000001f69dbdeaa0 flushing  nmethod 0x000001f6a1173008
Event: 21.134 Thread 0x000001f69dbdeaa0 flushing  nmethod 0x000001f6a1173308
Event: 21.134 Thread 0x000001f69dbdeaa0 flushing  nmethod 0x000001f6a11a0188
Event: 21.134 Thread 0x000001f69dbdeaa0 flushing  nmethod 0x000001f6a11a0488
Event: 21.134 Thread 0x000001f69dbdeaa0 flushing  nmethod 0x000001f6a11a1188
Event: 21.134 Thread 0x000001f69dbdeaa0 flushing  nmethod 0x000001f6a11abd88
Event: 21.134 Thread 0x000001f69dbdeaa0 flushing  nmethod 0x000001f6a11ac788
Event: 21.134 Thread 0x000001f69dbdeaa0 flushing  nmethod 0x000001f6a11e5b08
Event: 21.134 Thread 0x000001f69dbdeaa0 flushing  nmethod 0x000001f6a11eae88
Event: 21.134 Thread 0x000001f69dbdeaa0 flushing  nmethod 0x000001f6a11eb488
Event: 21.134 Thread 0x000001f69dbdeaa0 flushing  nmethod 0x000001f6a136b408
Event: 21.134 Thread 0x000001f69dbdeaa0 flushing  nmethod 0x000001f6a13d8988
Event: 21.134 Thread 0x000001f69dbdeaa0 flushing  nmethod 0x000001f6a1455008

Events (20 events):
Event: 10.037 Thread 0x000001f6bc16dc40 Thread added: 0x000001f6ba210850
Event: 10.065 Thread 0x000001f6bc16dc40 Thread added: 0x000001f6ba212f60
Event: 10.089 Thread 0x000001f6ba212f60 Thread added: 0x000001f6ba211fc0
Event: 10.150 Thread 0x000001f6ba212f60 Thread added: 0x000001f6ba216610
Event: 10.170 Thread 0x000001f6ba212f60 Thread added: 0x000001f6bc12dce0
Event: 11.988 Thread 0x000001f6ba212f60 Thread added: 0x000001f6bc12f450
Event: 12.005 Thread 0x000001f6ba212f60 Thread added: 0x000001f6bc12bda0
Event: 12.135 Thread 0x000001f6ba212f60 Thread added: 0x000001f6bc1286f0
Event: 16.076 Thread 0x000001f6ba212f60 Thread added: 0x000001f6bc12cd40
Event: 16.115 Thread 0x000001f6ba212f60 Thread added: 0x000001f6bc129690
Event: 16.880 Thread 0x000001f6ba212f60 Thread added: 0x000001f6bc12a630
Event: 16.909 Thread 0x000001f6ba212f60 Thread added: 0x000001f6bc548f60
Event: 17.370 Thread 0x000001f6ba212f60 Thread added: 0x000001f6bc54ed20
Event: 17.371 Thread 0x000001f6ba212f60 Thread added: 0x000001f6bc550490
Event: 17.372 Thread 0x000001f6ba212f60 Thread added: 0x000001f6bc549730
Event: 17.372 Thread 0x000001f6ba212f60 Thread added: 0x000001f6bc54c610
Event: 20.269 Thread 0x000001f6ba212f60 Thread added: 0x000001f6bc54aea0
Event: 20.584 Thread 0x000001f6ba212f60 Thread added: 0x000001f6bc54b670
Event: 21.550 Thread 0x000001f6ba212f60 Thread added: 0x000001f6bb995690
Event: 21.867 Thread 0x000001f6ba212f60 Thread added: 0x000001f6bb99a4b0


Dynamic libraries:
0x00007ff775f50000 - 0x00007ff775f5a000 	C:\Program Files\Android\Android Studio\jbr\bin\java.exe
0x00007ffa475f0000 - 0x00007ffa477e8000 	C:\WINDOWS\SYSTEM32\ntdll.dll
0x00007ffa45860000 - 0x00007ffa45922000 	C:\WINDOWS\System32\KERNEL32.DLL
0x00007ffa44ff0000 - 0x00007ffa452e6000 	C:\WINDOWS\System32\KERNELBASE.dll
0x00007ffa453c0000 - 0x00007ffa454c0000 	C:\WINDOWS\System32\ucrtbase.dll
0x00007ffa3dfd0000 - 0x00007ffa3dfe6000 	C:\Program Files\Android\Android Studio\jbr\bin\jli.dll
0x00007ffa459e0000 - 0x00007ffa45b81000 	C:\WINDOWS\System32\USER32.dll
0x00007ffa44cb0000 - 0x00007ffa44cd2000 	C:\WINDOWS\System32\win32u.dll
0x00007ffa45610000 - 0x00007ffa4563b000 	C:\WINDOWS\System32\GDI32.dll
0x00007ffa44ce0000 - 0x00007ffa44df9000 	C:\WINDOWS\System32\gdi32full.dll
0x00007ffa45570000 - 0x00007ffa4560d000 	C:\WINDOWS\System32\msvcp_win.dll
0x00007ffa2ea50000 - 0x00007ffa2eceb000 	C:\WINDOWS\WinSxS\amd64_microsoft.windows.common-controls_6595b64144ccf1df_6.0.19041.6456_none_60b8a6cb71f64256\COMCTL32.dll
0x00007ffa47510000 - 0x00007ffa475ae000 	C:\WINDOWS\System32\msvcrt.dll
0x00007ffa3e560000 - 0x00007ffa3e57b000 	C:\Program Files\Android\Android Studio\jbr\bin\VCRUNTIME140.dll
0x00007ffa46b80000 - 0x00007ffa46baf000 	C:\WINDOWS\System32\IMM32.DLL
0x00007ffa3f1c0000 - 0x00007ffa3f1cc000 	C:\Program Files\Android\Android Studio\jbr\bin\vcruntime140_1.dll
0x00007ffa27400000 - 0x00007ffa2748d000 	C:\Program Files\Android\Android Studio\jbr\bin\msvcp140.dll
0x00007ff9eb090000 - 0x00007ff9ebf6a000 	C:\Program Files\Android\Android Studio\jbr\bin\server\jvm.dll
0x00007ffa46160000 - 0x00007ffa46211000 	C:\WINDOWS\System32\ADVAPI32.dll
0x00007ffa46bd0000 - 0x00007ffa46c6f000 	C:\WINDOWS\System32\sechost.dll
0x00007ffa46f80000 - 0x00007ffa470a0000 	C:\WINDOWS\System32\RPCRT4.dll
0x00007ffa44c80000 - 0x00007ffa44ca7000 	C:\WINDOWS\System32\bcrypt.dll
0x00007ffa46b10000 - 0x00007ffa46b7b000 	C:\WINDOWS\System32\WS2_32.dll
0x00007ffa44ae0000 - 0x00007ffa44b2b000 	C:\WINDOWS\SYSTEM32\POWRPROF.dll
0x00007ffa2c330000 - 0x00007ffa2c357000 	C:\WINDOWS\SYSTEM32\WINMM.dll
0x00007ffa37760000 - 0x00007ffa3776a000 	C:\WINDOWS\SYSTEM32\VERSION.dll
0x00007ffa44ac0000 - 0x00007ffa44ad2000 	C:\WINDOWS\SYSTEM32\UMPDC.dll
0x00007ffa43490000 - 0x00007ffa434a2000 	C:\WINDOWS\SYSTEM32\kernel.appcore.dll
0x00007ffa3ef70000 - 0x00007ffa3ef7a000 	C:\Program Files\Android\Android Studio\jbr\bin\jimage.dll
0x00007ffa42950000 - 0x00007ffa42b51000 	C:\WINDOWS\SYSTEM32\DBGHELP.DLL
0x00007ffa2fda0000 - 0x00007ffa2fdd4000 	C:\WINDOWS\SYSTEM32\dbgcore.DLL
0x00007ffa44e00000 - 0x00007ffa44e82000 	C:\WINDOWS\System32\bcryptPrimitives.dll
0x00007ffa41220000 - 0x00007ffa4122e000 	C:\Program Files\Android\Android Studio\jbr\bin\instrument.dll
0x00007ffa3de50000 - 0x00007ffa3de6f000 	C:\Program Files\Android\Android Studio\jbr\bin\java.dll
0x00007ffa46db0000 - 0x00007ffa46edb000 	C:\WINDOWS\System32\ole32.dll
0x00007ffa45e00000 - 0x00007ffa46154000 	C:\WINDOWS\System32\combase.dll
0x00007ffa463a0000 - 0x00007ffa46b10000 	C:\WINDOWS\System32\SHELL32.dll
0x00007ffa3dab0000 - 0x00007ffa3dac7000 	C:\Program Files\Android\Android Studio\jbr\bin\zip.dll
0x00007ffa42cd0000 - 0x00007ffa43475000 	C:\WINDOWS\SYSTEM32\windows.storage.dll
0x00007ffa44640000 - 0x00007ffa4466b000 	C:\WINDOWS\SYSTEM32\Wldp.dll
0x00007ffa462d0000 - 0x00007ffa4639d000 	C:\WINDOWS\System32\OLEAUT32.dll
0x00007ffa46220000 - 0x00007ffa462cd000 	C:\WINDOWS\System32\SHCORE.dll
0x00007ffa45b90000 - 0x00007ffa45beb000 	C:\WINDOWS\System32\shlwapi.dll
0x00007ffa44bb0000 - 0x00007ffa44bd4000 	C:\WINDOWS\SYSTEM32\profapi.dll
0x00007ffa3ee70000 - 0x00007ffa3ee80000 	C:\Program Files\Android\Android Studio\jbr\bin\net.dll
0x00007ffa44330000 - 0x00007ffa4439a000 	C:\WINDOWS\system32\mswsock.dll
0x00007ffa3d970000 - 0x00007ffa3d986000 	C:\Program Files\Android\Android Studio\jbr\bin\nio.dll
0x00007ffa3d930000 - 0x00007ffa3d940000 	C:\Program Files\Android\Android Studio\jbr\bin\verify.dll
0x00007ffa3db30000 - 0x00007ffa3db57000 	C:\Users\Alumno\.gradle\native\660c5614fbf4a5f2a75b1949f50a0caf5cd603558e7d8a26e50b933a0cfb79d1\windows-amd64\native-platform.dll
0x00007ffa30f50000 - 0x00007ffa30fc7000 	C:\Users\Alumno\.gradle\native\0.2.8\x86_64-windows-gnu\gradle-fileevents.dll
0x00007ffa3de40000 - 0x00007ffa3de49000 	C:\Program Files\Android\Android Studio\jbr\bin\management.dll
0x00007ffa3db00000 - 0x00007ffa3db0b000 	C:\Program Files\Android\Android Studio\jbr\bin\management_ext.dll
0x00007ffa46ef0000 - 0x00007ffa46ef8000 	C:\WINDOWS\System32\PSAPI.DLL
0x00007ffa44010000 - 0x00007ffa4404b000 	C:\WINDOWS\SYSTEM32\IPHLPAPI.DLL
0x00007ffa45640000 - 0x00007ffa45648000 	C:\WINDOWS\System32\NSI.dll
0x00007ffa3e550000 - 0x00007ffa3e559000 	C:\Program Files\Android\Android Studio\jbr\bin\extnet.dll
0x00007ffa44520000 - 0x00007ffa44538000 	C:\WINDOWS\SYSTEM32\CRYPTSP.dll
0x00007ffa43c50000 - 0x00007ffa43c88000 	C:\WINDOWS\system32\rsaenh.dll
0x00007ffa44b70000 - 0x00007ffa44b9e000 	C:\WINDOWS\SYSTEM32\USERENV.dll
0x00007ffa44540000 - 0x00007ffa4454c000 	C:\WINDOWS\SYSTEM32\CRYPTBASE.dll
0x00007ffa3e460000 - 0x00007ffa3e467000 	C:\WINDOWS\system32\wshunix.dll

JVMTI agents:
C:\Users\Alumno\.gradle\wrapper\dists\gradle-9.5.0-bin\bvnork1r7n8i6kp5cnkibsc9q\gradle-9.5.0\lib\agents\gradle-instrumentation-agent-9.5.0.jar path:C:\Program Files\Android\Android Studio\jbr\bin\instrument.dll, loaded, initialized, instrumentlib options:none

dbghelp: loaded successfully - version: 4.0.5 - missing functions: none
symbol engine: initialized successfully - sym options: 0x614 - pdb path: .;C:\Program Files\Android\Android Studio\jbr\bin;C:\WINDOWS\SYSTEM32;C:\WINDOWS\WinSxS\amd64_microsoft.windows.common-controls_6595b64144ccf1df_6.0.19041.6456_none_60b8a6cb71f64256;C:\Program Files\Android\Android Studio\jbr\bin\server;C:\Users\Alumno\.gradle\native\660c5614fbf4a5f2a75b1949f50a0caf5cd603558e7d8a26e50b933a0cfb79d1\windows-amd64;C:\Users\Alumno\.gradle\native\0.2.8\x86_64-windows-gnu

VM Arguments:
jvm_args: --add-opens=java.base/java.lang=ALL-UNNAMED --add-opens=java.base/java.lang.invoke=ALL-UNNAMED --add-opens=java.base/java.util=ALL-UNNAMED --add-opens=java.prefs/java.util.prefs=ALL-UNNAMED --add-exports=jdk.compiler/com.sun.tools.javac.api=ALL-UNNAMED --add-exports=jdk.compiler/com.sun.tools.javac.util=ALL-UNNAMED --add-opens=java.base/java.nio.charset=ALL-UNNAMED --add-opens=java.base/java.net=ALL-UNNAMED --add-opens=java.base/java.util.concurrent=ALL-UNNAMED --add-opens=java.base/java.util.concurrent.atomic=ALL-UNNAMED --add-opens=java.xml/javax.xml.namespace=ALL-UNNAMED --add-opens=java.base/java.time=ALL-UNNAMED --enable-native-access=ALL-UNNAMED -Xmx2048m -Dfile.encoding=UTF-8 -Duser.country=CL -Duser.language=es -Duser.variant -javaagent:C:\Users\Alumno\.gradle\wrapper\dists\gradle-9.5.0-bin\bvnork1r7n8i6kp5cnkibsc9q\gradle-9.5.0\lib\agents\gradle-instrumentation-agent-9.5.0.jar 
java_command: org.gradle.launcher.daemon.bootstrap.GradleDaemon 9.5.0
java_class_path (initial): C:\Users\Alumno\.gradle\wrapper\dists\gradle-9.5.0-bin\bvnork1r7n8i6kp5cnkibsc9q\gradle-9.5.0\lib\gradle-daemon-main-9.5.0.jar
Launcher Type: SUN_STANDARD

[Global flags]
     intx CICompilerCount                          = 3                                         {product} {ergonomic}
     uint ConcGCThreads                            = 1                                         {product} {ergonomic}
     uint G1ConcRefinementThreads                  = 4                                         {product} {ergonomic}
   size_t G1HeapRegionSize                         = 1048576                                   {product} {ergonomic}
   size_t InitialHeapSize                          = 67108864                                  {product} {ergonomic}
   size_t MarkStackSize                            = 4194304                                   {product} {ergonomic}
   size_t MarkStackSizeMax                         = 536870912                                 {product} {ergonomic}
   size_t MaxHeapSize                              = 2147483648                                {product} {command line}
   size_t MaxNewSize                               = 1287651328                                {product} {ergonomic}
   size_t MinHeapDeltaBytes                        = 1048576                                   {product} {ergonomic}
   size_t MinHeapSize                              = 8388608                                   {product} {ergonomic}
    uintx NonNMethodCodeHeapSize                   = 5832704                                {pd product} {ergonomic}
    uintx NonProfiledCodeHeapSize                  = 122945536                              {pd product} {ergonomic}
    uintx ProfiledCodeHeapSize                     = 122880000                              {pd product} {ergonomic}
    uintx ReservedCodeCacheSize                    = 251658240                              {pd product} {ergonomic}
     bool SegmentedCodeCache                       = true                                      {product} {ergonomic}
   size_t SoftMaxHeapSize                          = 2147483648                             {manageable} {ergonomic}
     bool UseCompressedOops                        = true                           {product lp64_product} {ergonomic}
     bool UseG1GC                                  = true                                      {product} {ergonomic}
     bool UseLargePagesIndividualAllocation        = false                                  {pd product} {ergonomic}

Logging:
Log output configuration:
 #0: stdout all=warning uptime,level,tags foldmultilines=false
 #1: stderr all=off uptime,level,tags foldmultilines=false

Release file:
JAVA_VERSION="25.0.2" 
MODULES="java.base java.compiler java.datatransfer java.xml java.prefs java.desktop java.instrument java.logging java.management java.security.sasl java.naming java.rmi java.management.rmi java.net.http java.scripting java.security.jgss java.transaction.xa java.sql java.sql.rowset java.xml.crypto java.se java.smartcardio jdk.accessibility jdk.internal.jvmstat jdk.attach jdk.charsets jdk.internal.opt jdk.zipfs jdk.compiler jdk.crypto.cryptoki jdk.crypto.ec jdk.dynalink jdk.hotspot.agent jdk.httpserver jdk.internal.ed jdk.internal.le jdk.internal.md jdk.internal.vm.ci jdk.jartool jdk.javadoc jdk.jcmd jdk.jdeps jdk.jdwp.agent jdk.jdi jdk.jfr jdk.jlink jdk.localedata jdk.management jdk.management.agent jdk.management.jfr jdk.naming.dns jdk.naming.rmi jdk.net jdk.sctp jdk.security.auth jdk.security.jgss jdk.unsupported jdk.unsupported.desktop jdk.xml.dom" 
IMPLEMENTOR="JetBrains s.r.o." 
JAVA_RUNTIME_VERSION="25.0.2+-15348964-b329.117" 
LIBC="default" 
OS_ARCH="x86_64" 
OS_NAME="Windows" 
SOURCE=".:git:3cf398e84a39" 

Environment Variables:
PATH=C:\Program Files\Common Files\Oracle\Java\javapath;C:\Program Files (x86)\Common Files\Oracle\Java\javapath;C:\ProgramData\Oracle\Java\javapath;C:\Program Files (x86)\Intel\iCLS Client\;C:\Program Files\Intel\iCLS Client\;C:\WINDOWS\system32;C:\WINDOWS;C:\WINDOWS\System32\Wbem;C:\WINDOWS\System32\WindowsPowerShell\v1.0\;C:\Program Files (x86)\Intel\Intel(R) Management Engine Components\DAL;C:\Program Files\Intel\Intel(R) Management Engine Components\DAL;C:\Program Files (x86)\Intel\Intel(R) Management Engine Components\IPT;C:\Program Files\Intel\Intel(R) Management Engine Components\IPT;C:\Program Files (x86)\Windows Live\Shared;C:\WINDOWS\System32\OpenSSH\;C:\Users\Alumno\AppData\Local\Programs\Python\Python311\;C:\Users\Alumno\AppData\Local\Programs\Python\Python311\Scripts\;C:\Program Files\Git\cmd;C:\Program Files\Microsoft SQL Server\170\Tools\Binn\;C:\Program Files\Microsoft SQL Server\Client SDK\ODBC\170\Tools\Binn\;C:\Program Files (x86)\Microsoft SQL Server\150\Tools\Binn\;C:\Program Files\Microsoft SQL Server\150\Tools\Binn\;C:\Program Files\Microsoft SQL Server\150\DTS\Binn\;C:\Program Files\nodejs\;C:\ProgramData\chocolatey\bin;C:\Program Files\dotnet\;C:\Users\Alumno\AppData\Local\Programs\Python\Python311\Scripts\;C:\Users\Alumno\AppData\Local\Programs\Python\Python311\;C:\Users\Alumno\AppData\Local\Programs\Python\Launcher\;C:\Users\Alumno\AppData\Local\Microsoft\WindowsApps;C:\Users\Alumno\AppData\Local\Programs\Microsoft VS Code\bin;C:\Users\Alumno\AppData\Roaming\npm
USERNAME=Alumno
OS=Windows_NT
PROCESSOR_IDENTIFIER=Intel64 Family 6 Model 142 Stepping 9, GenuineIntel
TMP=C:\Users\Alumno\AppData\Local\Temp
TEMP=C:\Users\Alumno\AppData\Local\Temp




Compilation memory statistics disabled.

Periodic native trim disabled

JNI global refs:
JNI global refs: 21, weak refs: 2

JNI global refs memory usage: 835, weak refs: 833

Process memory usage:
Resident Set Size: 204952K (5% of 4077796K total physical memory with 199812K free physical memory)

OOME stack traces (most recent first):
Classloader memory used:
Loader org.gradle.internal.classloader.VisitableURLClassLoader                         : 20433 K
Loader bootstrap                                                                       : 19652 K
Loader org.gradle.initialization.MixInLegacyTypesClassLoader                           : 4519 K
Loader org.gradle.internal.classloader.VisitableURLClassLoader                         : 762 K
Loader jdk.internal.loader.ClassLoaders$AppClassLoader                                 : 186 K
Loader jdk.internal.loader.ClassLoaders$PlatformClassLoader                            : 146 K

Classes loaded by more than one classloader:
Class org.gradle.internal.IoActions                                                   : loaded 3 times (x 73B)
Class org.gradle.api.Action                                                           : loaded 3 times (x 72B)
Class org.gradle.api.GradleException                                                  : loaded 3 times (x 84B)
Class org.gradle.internal.operations.MultipleBuildOperationFailures                   : loaded 2 times (x 97B)
Class org.gradle.internal.classloader.DefaultClassLoaderFactory                       : loaded 2 times (x 84B)
Class kotlin.collections.AbstractList$Companion                                       : loaded 2 times (x 73B)
Class org.gradle.api.internal.DefaultClassPathProvider                                : loaded 2 times (x 78B)
Class [Lorg.gradle.api.internal.ClassPathProvider;                                    : loaded 2 times (x 71B)
Class org.gradle.api.internal.ClassPathProvider                                       : loaded 2 times (x 72B)
Class org.gradle.internal.service.UnknownServiceException                             : loaded 2 times (x 85B)
Class org.gradle.internal.classpath.TransformedClassPath                              : loaded 2 times (x 98B)
Class org.gradle.internal.classloader.InstrumentingClassLoader                        : loaded 2 times (x 72B)
Class kotlin.enums.EnumEntriesList                                                    : loaded 2 times (x 225B)
Class org.gradle.internal.service.ServiceLocator                                      : loaded 2 times (x 72B)
Class org.gradle.internal.time.DefaultTimer                                           : loaded 2 times (x 82B)
Class org.gradle.api.internal.classpath.DefaultModuleRegistry$DefaultModule           : loaded 2 times (x 84B)
Class org.gradle.internal.time.DefaultCountdownTimer                                  : loaded 2 times (x 90B)
Class org.gradle.api.internal.classpath.Module                                        : loaded 2 times (x 72B)
Class org.gradle.api.internal.classpath.UnknownModuleException                        : loaded 2 times (x 84B)
Class org.gradle.api.internal.DefaultClassPathRegistry                                : loaded 2 times (x 78B)
Class org.gradle.internal.classpath.DefaultClassPath$ImmutableUniqueList              : loaded 2 times (x 201B)
Class org.gradle.api.internal.ClassPathRegistry                                       : loaded 2 times (x 72B)
Class org.gradle.internal.classpath.ClassPath                                         : loaded 2 times (x 72B)
Class org.gradle.api.internal.classpath.DefaultModuleRegistry$DefaultModuleAlias      : loaded 2 times (x 82B)
Class org.gradle.tooling.model.Model                                                  : loaded 2 times (x 72B)
Class kotlin.UninitializedPropertyAccessException                                     : loaded 2 times (x 84B)
Class org.gradle.api.internal.classpath.ModuleRegistry                                : loaded 2 times (x 72B)
Class org.gradle.internal.installation.GradleInstallation$1                           : loaded 2 times (x 77B)
Class org.gradle.tooling.model.idea.BasicIdeaProject                                  : loaded 2 times (x 72B)
Class org.gradle.internal.classloader.ClassLoaderHierarchy                            : loaded 2 times (x 72B)
Class org.gradle.tooling.model.GradleProject                                          : loaded 2 times (x 72B)
Class org.gradle.internal.time.MonotonicClock                                         : loaded 2 times (x 79B)
Class org.gradle.internal.service.ServiceLookupException                              : loaded 2 times (x 84B)
Class org.gradle.internal.classloader.ClassLoaderFactory                              : loaded 2 times (x 72B)
Class org.gradle.internal.service.CachingServiceLocator                               : loaded 2 times (x 84B)
Class org.gradle.internal.time.TimeSource                                             : loaded 2 times (x 72B)
Class kotlin.enums.EnumEntries                                                        : loaded 2 times (x 72B)
Class org.gradle.internal.exceptions.ResolutionProvider                               : loaded 2 times (x 72B)
Class org.gradle.internal.classloader.ClasspathUtil                                   : loaded 2 times (x 73B)
Class org.gradle.internal.time.TimeSource$1                                           : loaded 2 times (x 79B)
Class org.gradle.api.specs.Spec                                                       : loaded 2 times (x 72B)
Class org.gradle.internal.time.Clock                                                  : loaded 2 times (x 72B)
Class org.gradle.tooling.model.BuildModel                                             : loaded 2 times (x 72B)
Class org.gradle.tooling.model.Element                                                : loaded 2 times (x 72B)
Class kotlin.collections.AbstractList                                                 : loaded 2 times (x 199B)
Class kotlin.collections.AbstractCollection                                           : loaded 2 times (x 119B)
Class org.gradle.internal.classloader.VisitableURLClassLoader$InstrumentingVisitableURLClassLoader: loaded 2 times (x 124B)
Class org.gradle.internal.classloader.VisitableURLClassLoader$Spec                    : loaded 2 times (x 76B)
Class org.gradle.internal.classpath.DefaultClassPath                                  : loaded 2 times (x 92B)
Class org.gradle.util.internal.DefaultGradleVersion                                   : loaded 2 times (x 84B)
Class org.gradle.internal.classloader.ClassLoaderSpec                                 : loaded 2 times (x 73B)
Class org.gradle.api.internal.classpath.Module$ModuleAlias                            : loaded 2 times (x 72B)
Class org.gradle.internal.classloader.VisitableURLClassLoader                         : loaded 2 times (x 118B)
Class org.gradle.internal.classloader.FilteringClassLoader                            : loaded 2 times (x 106B)
Class org.gradle.tooling.model.eclipse.EclipseProject                                 : loaded 2 times (x 72B)
Class org.gradle.internal.Cast                                                        : loaded 2 times (x 73B)
Class org.gradle.internal.classpath.DefaultClassPath$ImmutableUniqueList$Builder      : loaded 2 times (x 77B)
Class org.gradle.api.internal.classpath.DefaultModuleRegistry                         : loaded 2 times (x 86B)
Class org.gradle.internal.exceptions.NonGradleCauseExceptionsHolder                   : loaded 2 times (x 72B)
Class org.gradle.tooling.model.eclipse.HierarchicalEclipseProject                     : loaded 2 times (x 72B)
Class kotlin.NotImplementedError                                                      : loaded 2 times (x 84B)
Class kotlin.enums.EnumEntriesKt                                                      : loaded 2 times (x 73B)
Class org.gradle.internal.exceptions.MultiCauseException                              : loaded 2 times (x 72B)
Class org.gradle.internal.time.CountdownTimer                                         : loaded 2 times (x 72B)
Class kotlin.jvm.internal.Intrinsics                                                  : loaded 2 times (x 73B)
Class org.gradle.tooling.model.ProjectModel                                           : loaded 2 times (x 72B)
Class org.gradle.tooling.model.gradle.GradleBuild                                     : loaded 2 times (x 72B)
Class kotlin.KotlinNullPointerException                                               : loaded 2 times (x 84B)
Class org.gradle.internal.exceptions.DefaultMultiCauseException                       : loaded 2 times (x 97B)
Class org.gradle.tooling.model.HierarchicalElement                                    : loaded 2 times (x 72B)
Class org.gradle.internal.time.Time                                                   : loaded 2 times (x 73B)
Class kotlin.NoWhenBranchMatchedException                                             : loaded 2 times (x 84B)
Class org.gradle.tooling.model.BuildableElement                                       : loaded 2 times (x 72B)
Class org.gradle.tooling.model.HasGradleProject                                       : loaded 2 times (x 72B)
Class org.gradle.internal.time.Timer                                                  : loaded 2 times (x 72B)
Class kotlin.jvm.internal.markers.KMappedMarker                                       : loaded 2 times (x 72B)
Class org.gradle.internal.installation.CurrentGradleInstallationLocator               : loaded 2 times (x 73B)
Class org.gradle.tooling.model.idea.IdeaProject                                       : loaded 2 times (x 72B)
Class org.gradle.internal.service.DefaultServiceLocator                               : loaded 2 times (x 85B)
Class org.gradle.util.GradleVersion                                                   : loaded 2 times (x 83B)
Class org.gradle.internal.installation.CurrentGradleInstallation                      : loaded 2 times (x 75B)
Class org.gradle.tooling.model.gradle.ProjectPublications                             : loaded 2 times (x 72B)
Class org.gradle.util.internal.GUtil                                                  : loaded 2 times (x 73B)
Class org.gradle.internal.installation.GradleInstallation                             : loaded 2 times (x 77B)

---------------  S Y S T E M  ---------------

OS:
 Windows 10 , 64 bit Build 19041 (10.0.19041.5915)
OS uptime: 36 days 1:03 hours

CPU: total 4 (initial active 4) (2 cores per cpu, 2 threads per core) family 6 model 142 stepping 9 microcode 0xb4, cx8, cmov, fxsr, ht, mmx, 3dnowpref, sse, sse2, sse3, ssse3, sse4.1, sse4.2, popcnt, lzcnt, tsc, tscinvbit, aes, erms, clmul, clflush, clflushopt, rdtscp
Processor Information for the first 4 processors :
  Max Mhz: 2304, Current Mhz: 2304, Mhz Limit: 2304

Memory: 4k page, system-wide physical 3982M (195M free)
TotalPageFile size 8078M (AvailPageFile size 17M)
current process WorkingSet (physical memory assigned to process): 201M, peak: 222M
current process commit charge ("private bytes"): 273M, peak: 287M

vm_info: OpenJDK 64-Bit Server VM (25.0.2+-15348964-b329.117) for windows-amd64 JRE (25.0.2+-15348964-b329.117), built on 2026-05-05T18:25:19Z with MS VC++ 16.10 / 16.11 (VS2019)

END.
