#
# There is insufficient memory for the Java Runtime Environment to continue.
# Native memory allocation (malloc) failed to allocate 1469016 bytes. Error detail: Chunk::new
# Possible reasons:
#   The system is out of physical RAM or swap space
#   This process is running with CompressedOops enabled, and the Java Heap may be blocking the growth of the native heap
# Possible solutions:
#   Reduce memory load on the system
#   Increase physical memory or swap space
#   Check if swap backing store is full
#   Decrease Java heap size (-Xmx/-Xms)
#   Decrease number of Java threads
#   Decrease Java thread stack sizes (-Xss)
#   Set larger code cache with -XX:ReservedCodeCacheSize=
#   JVM is running with Unscaled Compressed Oops mode in which the Java heap is
#     placed in the first 4GB address space. The Java Heap base address is the
#     maximum limit for the native heap growth. Please use -XX:HeapBaseMinAddress
#     to set the Java Heap base and to place the Java Heap above 4GB virtual address.
# This output file may be truncated or incomplete.
#
#  Out of Memory Error (arena.cpp:186), pid=2740, tid=14680
#
# JRE version: OpenJDK Runtime Environment (25.0.2) (build 25.0.2+-15348964-b329.117)
# Java VM: OpenJDK 64-Bit Server VM (25.0.2+-15348964-b329.117, mixed mode, tiered, compressed oops, compressed class ptrs, g1 gc, windows-amd64)
# No core dump will be written. Minidumps are not enabled by default on client versions of Windows
#

---------------  S U M M A R Y ------------

Command Line: --add-opens=java.base/java.lang=ALL-UNNAMED --add-opens=java.base/java.lang.invoke=ALL-UNNAMED --add-opens=java.base/java.util=ALL-UNNAMED --add-opens=java.prefs/java.util.prefs=ALL-UNNAMED --add-exports=jdk.compiler/com.sun.tools.javac.api=ALL-UNNAMED --add-exports=jdk.compiler/com.sun.tools.javac.util=ALL-UNNAMED --add-opens=java.base/java.nio.charset=ALL-UNNAMED --add-opens=java.base/java.net=ALL-UNNAMED --add-opens=java.base/java.util.concurrent=ALL-UNNAMED --add-opens=java.base/java.util.concurrent.atomic=ALL-UNNAMED --add-opens=java.xml/javax.xml.namespace=ALL-UNNAMED --add-opens=java.base/java.time=ALL-UNNAMED --enable-native-access=ALL-UNNAMED -Xmx2048m -Dfile.encoding=UTF-8 -Duser.country=CL -Duser.language=es -Duser.variant -javaagent:C:\Users\Alumno\.gradle\wrapper\dists\gradle-9.7.0-bin\d4tj7w02tcgubx9zk9hbippn6\gradle-9.7.0\lib\agents\gradle-instrumentation-agent-9.7.0.jar org.gradle.launcher.daemon.bootstrap.GradleDaemon 9.7.0

Host: Intel(R) Pentium(R) CPU 4415U @ 2.30GHz, 4 cores, 3G,  Windows 10 , 64 bit Build 19041 (10.0.19041.5915)
Time: Sat Aug 22 13:31:10 2026 Hora est. Sudamérica Pacífico elapsed time: 83.889319 seconds (0d 0h 1m 23s)

---------------  T H R E A D  ---------------

Current thread (0x000002a617fce5e0):  JavaThread "C2 CompilerThread0" daemon [_thread_in_native, id=14680, stack(0x000000dd79200000,0x000000dd79300000) (1024K)]


Current CompileTask:
C2:83890 16336       4       org.gradle.internal.logging.progress.ResourceOperation::logProcessedBytes (87 bytes)

Stack: [0x000000dd79200000,0x000000dd79300000]
Native frames: (J=compiled Java code, j=interpreted, Vv=VM code, C=native code)
V  [jvm.dll+0x7bd439]  (no source info available)
V  [jvm.dll+0x78763d]  (no source info available)
V  [jvm.dll+0xa0c885]  (no source info available)
V  [jvm.dll+0xa0ef04]  (no source info available)
V  [jvm.dll+0xa0f603]  (no source info available)
V  [jvm.dll+0x309bf6]  (no source info available)
V  [jvm.dll+0x10ea69]  (no source info available)
V  [jvm.dll+0x10ed92]  (no source info available)
V  [jvm.dll+0x45d95f]  (no source info available)
V  [jvm.dll+0x42bd4b]  (no source info available)
V  [jvm.dll+0x42b17a]  (no source info available)
V  [jvm.dll+0x2cdea2]  (no source info available)
V  [jvm.dll+0x2cd221]  (no source info available)
V  [jvm.dll+0x242ffa]  (no source info available)
V  [jvm.dll+0x2dcc05]  (no source info available)
V  [jvm.dll+0x2dae06]  (no source info available)
V  [jvm.dll+0x49b59e]  (no source info available)
V  [jvm.dll+0x9ab9c8]  (no source info available)
V  [jvm.dll+0x7bb985]  (no source info available)
C  [ucrtbase.dll+0x21bb2]  (no source info available)
C  [KERNEL32.DLL+0x17374]  (no source info available)
C  [ntdll.dll+0x4cc91]  (no source info available)

Lock stack of current Java thread (top to bottom):


---------------  P R O C E S S  ---------------

Threads class SMR info:
_java_thread_list=0x000002a62128a860, length=105, elements={
0x000002a67f8d4770, 0x000002a617fa7c60, 0x000002a617ff34e0, 0x000002a617fc5c80,
0x000002a617fc8390, 0x000002a617fcaf60, 0x000002a617fcbb20, 0x000002a617fcc6e0,
0x000002a617fce5e0, 0x000002a618054780, 0x000002a618c392e0, 0x000002a61d299880,
0x000002a61eacf9d0, 0x000002a61d3100a0, 0x000002a61e8cf320, 0x000002a618329560,
0x000002a61832a8f0, 0x000002a61d482ae0, 0x000002a61d487900, 0x000002a61d481b40,
0x000002a61d4832b0, 0x000002a61ee191f0, 0x000002a61ee1a960, 0x000002a61ee143d0,
0x000002a61ee15b40, 0x000002a61ee16310, 0x000002a61ee199c0, 0x000002a61ee17a80,
0x000002a61f939f30, 0x000002a61f937050, 0x000002a61f937ff0, 0x000002a61f93aed0,
0x000002a61f938f90, 0x000002a620f3cbb0, 0x000002a620f3b440, 0x000002a62118d740,
0x000002a62118e6e0, 0x000002a62118eeb0, 0x000002a62118fe50, 0x000002a62118b800,
0x000002a621b95b40, 0x000002a621b972b0, 0x000002a621b93c00, 0x000002a621190620,
0x000002a621190df0, 0x000002a61f63a920, 0x000002a61f6391b0, 0x000002a61f638210,
0x000002a61f63dfd0, 0x000002a61f63c090, 0x000002a61f63d030, 0x000002a61f639980,
0x000002a61f63a150, 0x000002a61f63b0f0, 0x000002a61f63e7a0, 0x000002a61f63ef70,
0x000002a622a3f780, 0x000002a622a3e010, 0x000002a622a3ff50, 0x000002a622a3d840,
0x000002a622a3e7e0, 0x000002a622a3efb0, 0x000002a62032d6c0, 0x000002a62032de90,
0x000002a62032f600, 0x000002a62032a7e0, 0x000002a62032c720, 0x000002a62032ee30,
0x000002a6203288a0, 0x000002a620329070, 0x000002a62032afb0, 0x000002a62032b780,
0x000002a622d34750, 0x000002a622d34f20, 0x000002a622d3a510, 0x000002a622d37630,
0x000002a622d37e00, 0x000002a61f7ea1d0, 0x000002a61f7f1ed0, 0x000002a61f7f26a0,
0x000002a61f7f3640, 0x000002a61f7f2e70, 0x000002a61f7f3e10, 0x000002a61f7f45e0,
0x000002a620f3ac70, 0x000002a62118a090, 0x000002a61d3ba0f0, 0x000002a61d3ba8c0,
0x000002a61d3bd7a0, 0x000002a61d3be740, 0x000002a61d3bef10, 0x000002a61d3c0e50,
0x000002a61d3bf6e0, 0x000002a61d3c4cd0, 0x000002a61d3c0680, 0x000002a61d3c1620,
0x000002a61d3c1df0, 0x000002a61d3c4500, 0x000002a6205d9fd0, 0x000002a6205d9030,
0x000002a6205d51b0, 0x000002a6205d5980, 0x000002a6205db740, 0x000002a6205dbf10,
0x000002a6205d70f0
}
_to_delete_list=0x000002a62194b190, length=100, elements={
0x000002a67f8d4770, 0x000002a617fa7c60, 0x000002a617ff34e0, 0x000002a617fc5c80,
0x000002a617fc8390, 0x000002a617fcaf60, 0x000002a617fcbb20, 0x000002a617fcc6e0,
0x000002a617fce5e0, 0x000002a618054780, 0x000002a618c392e0, 0x000002a61d299880,
0x000002a61eacf9d0, 0x000002a61d3100a0, 0x000002a61e8cf320, 0x000002a618329560,
0x000002a61832a8f0, 0x000002a61d482ae0, 0x000002a61d487900, 0x000002a61d481b40,
0x000002a61d4832b0, 0x000002a61ee191f0, 0x000002a61ee1a960, 0x000002a61ee143d0,
0x000002a61ee15b40, 0x000002a61ee16310, 0x000002a61ee199c0, 0x000002a61ee17a80,
0x000002a61f939f30, 0x000002a61f937050, 0x000002a61f937ff0, 0x000002a61f93aed0,
0x000002a61f938f90, 0x000002a620f3cbb0, 0x000002a620f3b440, 0x000002a62118d740,
0x000002a62118e6e0, 0x000002a62118eeb0, 0x000002a62118fe50, 0x000002a62118b800,
0x000002a621b95b40, 0x000002a621b972b0, 0x000002a621b93c00, 0x000002a621190620,
0x000002a621190df0, 0x000002a61f63a920, 0x000002a61f6391b0, 0x000002a61f638210,
0x000002a61f63dfd0, 0x000002a61f63c090, 0x000002a61f63d030, 0x000002a61f639980,
0x000002a61f63a150, 0x000002a61f63b0f0, 0x000002a61f63e7a0, 0x000002a61f63ef70,
0x000002a622a3f780, 0x000002a622a3e010, 0x000002a622a3ff50, 0x000002a622a3d840,
0x000002a622a3e7e0, 0x000002a622a3efb0, 0x000002a62032d6c0, 0x000002a62032de90,
0x000002a62032f600, 0x000002a62032a7e0, 0x000002a62032c720, 0x000002a62032ee30,
0x000002a6203288a0, 0x000002a620329070, 0x000002a62032afb0, 0x000002a62032b780,
0x000002a622d34750, 0x000002a622d34f20, 0x000002a622d3a510, 0x000002a622d37630,
0x000002a622d37e00, 0x000002a61f7ea1d0, 0x000002a61f7f1ed0, 0x000002a61f7f26a0,
0x000002a61f7f3640, 0x000002a61f7f2e70, 0x000002a61f7f3e10, 0x000002a61f7f45e0,
0x000002a620f3ac70, 0x000002a62118a090, 0x000002a61d3ba0f0, 0x000002a61d3ba8c0,
0x000002a61d3bd7a0, 0x000002a61d3be740, 0x000002a61d3bef10, 0x000002a61d3c0e50,
0x000002a61d3bf6e0, 0x000002a61d3c4cd0, 0x000002a61d3c0680, 0x000002a61d3c1620,
0x000002a61d3c1df0, 0x000002a61d3c4500, 0x000002a6205d9fd0, 0x000002a6205d9030
}

Java Threads: ( => current thread )
  0x000002a67f8d4770 JavaThread "main"                              [_thread_blocked, id=9600, stack(0x000000dd78300000,0x000000dd78400000) (1024K)]
  0x000002a617fa7c60 JavaThread "Common-Cleaner"             daemon [_thread_blocked, id=13056, stack(0x000000dd78b00000,0x000000dd78c00000) (1024K)]
  0x000002a617ff34e0 JavaThread "Reference Handler"          daemon [_thread_blocked, id=12348, stack(0x000000dd78c00000,0x000000dd78d00000) (1024K)]
  0x000002a617fc5c80 JavaThread "Finalizer"                  daemon [_thread_blocked, id=4272, stack(0x000000dd78d00000,0x000000dd78e00000) (1024K)]
  0x000002a617fc8390 JavaThread "Signal Dispatcher"          daemon [_thread_blocked, id=11480, stack(0x000000dd78e00000,0x000000dd78f00000) (1024K)]
  0x000002a617fcaf60 JavaThread "Attach Listener"            daemon [_thread_blocked, id=18700, stack(0x000000dd78f00000,0x000000dd79000000) (1024K)]
  0x000002a617fcbb20 JavaThread "Service Thread"             daemon [_thread_blocked, id=3088, stack(0x000000dd79000000,0x000000dd79100000) (1024K)]
  0x000002a617fcc6e0 JavaThread "Monitor Deflation Thread"   daemon [_thread_blocked, id=19412, stack(0x000000dd79100000,0x000000dd79200000) (1024K)]
=>0x000002a617fce5e0 JavaThread "C2 CompilerThread0"         daemon [_thread_in_native, id=14680, stack(0x000000dd79200000,0x000000dd79300000) (1024K)]
  0x000002a618054780 JavaThread "C1 CompilerThread0"         daemon [_thread_blocked, id=18436, stack(0x000000dd79300000,0x000000dd79400000) (1024K)]
  0x000002a618c392e0 JavaThread "Notification Thread"        daemon [_thread_blocked, id=5704, stack(0x000000dd79400000,0x000000dd79500000) (1024K)]
  0x000002a61d299880 JavaThread "Daemon health stats"               [_thread_blocked, id=16948, stack(0x000000dd79800000,0x000000dd79900000) (1024K)]
  0x000002a61eacf9d0 JavaThread "Incoming local TCP Connector on port 54674"        [_thread_in_native, id=1332, stack(0x000000dd79900000,0x000000dd79a00000) (1024K)]
  0x000002a61d3100a0 JavaThread "Daemon periodic checks"            [_thread_blocked, id=3208, stack(0x000000dd79a00000,0x000000dd79b00000) (1024K)]
  0x000002a61e8cf320 JavaThread "Daemon"                            [_thread_blocked, id=16092, stack(0x000000dd79b00000,0x000000dd79c00000) (1024K)]
  0x000002a618329560 JavaThread "Handler for socket connection from /127.0.0.1:54674 to /127.0.0.1:54675"        [_thread_in_native, id=7596, stack(0x000000dd79c00000,0x000000dd79d00000) (1024K)]
  0x000002a61832a8f0 JavaThread "Cancel handler"                    [_thread_blocked, id=9396, stack(0x000000dd79d00000,0x000000dd79e00000) (1024K)]
  0x000002a61d482ae0 JavaThread "Daemon worker"                     [_thread_in_Java, id=8008, stack(0x000000dd79e00000,0x000000dd79f00000) (1024K)]
  0x000002a61d487900 JavaThread "Asynchronous log dispatcher for DefaultDaemonConnection: socket connection from /127.0.0.1:54674 to /127.0.0.1:54675"        [_thread_blocked, id=10592, stack(0x000000dd79f00000,0x000000dd7a000000) (1024K)]
  0x000002a61d481b40 JavaThread "Stdin handler"                     [_thread_blocked, id=13188, stack(0x000000dd7a000000,0x000000dd7a100000) (1024K)]
  0x000002a61d4832b0 JavaThread "Daemon client event forwarder"        [_thread_in_Java, id=14676, stack(0x000000dd7a100000,0x000000dd7a200000) (1024K)]
  0x000002a61ee191f0 JavaThread "Cache worker for journal cache (C:\Users\Alumno\.gradle\caches\journal-1)"        [_thread_blocked, id=18020, stack(0x000000dd7a200000,0x000000dd7a300000) (1024K)]
  0x000002a61ee1a960 JavaThread "File lock request listener"        [_thread_in_native, id=6988, stack(0x000000dd7a300000,0x000000dd7a400000) (1024K)]
  0x000002a61ee143d0 JavaThread "Cache worker for file hash cache (C:\Users\Alumno\.gradle\caches\9.7.0\fileHashes)"        [_thread_blocked, id=3812, stack(0x000000dd7a400000,0x000000dd7a500000) (1024K)]
  0x000002a61ee15b40 JavaThread "Cache worker for file hash cache (C:\Users\Alumno\AndroidStudioProjects\Nexura\.gradle\9.7.0\fileHashes)"        [_thread_blocked, id=7324, stack(0x000000dd7a500000,0x000000dd7a600000) (1024K)]
  0x000002a61ee16310 JavaThread "Cache worker for checksums cache (C:\Users\Alumno\AndroidStudioProjects\Nexura\.gradle\9.7.0\checksums)"        [_thread_blocked, id=9360, stack(0x000000dd7a600000,0x000000dd7a700000) (1024K)]
  0x000002a61ee199c0 JavaThread "Cache worker for Build Output Cleanup Cache (C:\Users\Alumno\AndroidStudioProjects\Nexura\.gradle\buildOutputCleanup)"        [_thread_blocked, id=7308, stack(0x000000dd7a700000,0x000000dd7a800000) (1024K)]
  0x000002a61ee17a80 JavaThread "Cache worker for file content cache (C:\Users\Alumno\.gradle\caches\9.7.0\fileContent)"        [_thread_blocked, id=8224, stack(0x000000dd7a800000,0x000000dd7a900000) (1024K)]
  0x000002a61f939f30 JavaThread "File watcher server"        daemon [_thread_in_native, id=8240, stack(0x000000dd7a900000,0x000000dd7aa00000) (1024K)]
  0x000002a61f937050 JavaThread "File watcher consumer"      daemon [_thread_blocked, id=2604, stack(0x000000dd7aa00000,0x000000dd7ab00000) (1024K)]
  0x000002a61f937ff0 JavaThread "Cache worker for cache directory md-supplier (C:\Users\Alumno\.gradle\caches\9.7.0\md-supplier)"        [_thread_blocked, id=1036, stack(0x000000dd7ab00000,0x000000dd7ac00000) (1024K)]
  0x000002a61f93aed0 JavaThread "Cache worker for cache directory md-rule (C:\Users\Alumno\.gradle\caches\9.7.0\md-rule)"        [_thread_blocked, id=13612, stack(0x000000dd7ac00000,0x000000dd7ad00000) (1024K)]
  0x000002a61f938f90 JavaThread "jar transforms"                    [_thread_blocked, id=19296, stack(0x000000dd7ad00000,0x000000dd7ae00000) (1024K)]
  0x000002a620f3cbb0 JavaThread "jar transforms Thread 2"           [_thread_blocked, id=12784, stack(0x000000dd7ae00000,0x000000dd7af00000) (1024K)]
  0x000002a620f3b440 JavaThread "jar transforms Thread 3"           [_thread_blocked, id=2372, stack(0x000000dd7af00000,0x000000dd7b000000) (1024K)]
  0x000002a62118d740 JavaThread "Build operations"                  [_thread_in_native, id=4456, stack(0x000000dd7b000000,0x000000dd7b100000) (1024K)]
  0x000002a62118e6e0 JavaThread "Build operations Thread 2"         [_thread_blocked, id=6712, stack(0x000000dd7b100000,0x000000dd7b200000) (1024K)]
  0x000002a62118eeb0 JavaThread "Build operations Thread 3"         [_thread_in_native, id=10300, stack(0x000000dd7b200000,0x000000dd7b300000) (1024K)]
  0x000002a62118fe50 JavaThread "Build operations Thread 4"         [_thread_in_native, id=11816, stack(0x000000dd7b300000,0x000000dd7b400000) (1024K)]
  0x000002a62118b800 JavaThread "jar transforms Thread 4"           [_thread_blocked, id=15328, stack(0x000000dd7b400000,0x000000dd7b500000) (1024K)]
  0x000002a621b95b40 JavaThread "Configuration cache report writer"        [_thread_blocked, id=7588, stack(0x000000dd7b500000,0x000000dd7b600000) (1024K)]
  0x000002a621b972b0 JavaThread "Unconstrained build operations"        [_thread_blocked, id=14076, stack(0x000000dd7b600000,0x000000dd7b700000) (1024K)]
  0x000002a621b93c00 JavaThread "Unconstrained build operations Thread 2"        [_thread_blocked, id=14356, stack(0x000000dd7b700000,0x000000dd7b800000) (1024K)]
  0x000002a621190620 JavaThread "Unconstrained build operations Thread 3"        [_thread_blocked, id=14720, stack(0x000000dd7b800000,0x000000dd7b900000) (1024K)]
  0x000002a621190df0 JavaThread "Unconstrained build operations Thread 4"        [_thread_blocked, id=18372, stack(0x000000dd7b900000,0x000000dd7ba00000) (1024K)]
  0x000002a61f63a920 JavaThread "Unconstrained build operations Thread 5"        [_thread_blocked, id=17944, stack(0x000000dd7ba00000,0x000000dd7bb00000) (1024K)]
  0x000002a61f6391b0 JavaThread "Unconstrained build operations Thread 6"        [_thread_blocked, id=13708, stack(0x000000dd7bb00000,0x000000dd7bc00000) (1024K)]
  0x000002a61f638210 JavaThread "Unconstrained build operations Thread 7"        [_thread_blocked, id=13416, stack(0x000000dd7bc00000,0x000000dd7bd00000) (1024K)]
  0x000002a61f63dfd0 JavaThread "Unconstrained build operations Thread 8"        [_thread_blocked, id=16200, stack(0x000000dd7bd00000,0x000000dd7be00000) (1024K)]
  0x000002a61f63c090 JavaThread "Unconstrained build operations Thread 9"        [_thread_blocked, id=11164, stack(0x000000dd7be00000,0x000000dd7bf00000) (1024K)]
  0x000002a61f63d030 JavaThread "Unconstrained build operations Thread 10"        [_thread_blocked, id=12180, stack(0x000000dd7bf00000,0x000000dd7c000000) (1024K)]
  0x000002a61f639980 JavaThread "Unconstrained build operations Thread 11"        [_thread_blocked, id=2012, stack(0x000000dd7c000000,0x000000dd7c100000) (1024K)]
  0x000002a61f63a150 JavaThread "Unconstrained build operations Thread 12"        [_thread_blocked, id=11540, stack(0x000000dd7c100000,0x000000dd7c200000) (1024K)]
  0x000002a61f63b0f0 JavaThread "Unconstrained build operations Thread 13"        [_thread_blocked, id=13616, stack(0x000000dd7c200000,0x000000dd7c300000) (1024K)]
  0x000002a61f63e7a0 JavaThread "Unconstrained build operations Thread 14"        [_thread_blocked, id=3076, stack(0x000000dd7c300000,0x000000dd7c400000) (1024K)]
  0x000002a61f63ef70 JavaThread "Unconstrained build operations Thread 15"        [_thread_blocked, id=7236, stack(0x000000dd7c400000,0x000000dd7c500000) (1024K)]
  0x000002a622a3f780 JavaThread "Unconstrained build operations Thread 16"        [_thread_blocked, id=13128, stack(0x000000dd7c500000,0x000000dd7c600000) (1024K)]
  0x000002a622a3e010 JavaThread "Unconstrained build operations Thread 17"        [_thread_blocked, id=10136, stack(0x000000dd7c600000,0x000000dd7c700000) (1024K)]
  0x000002a622a3ff50 JavaThread "Unconstrained build operations Thread 18"        [_thread_blocked, id=10416, stack(0x000000dd7c700000,0x000000dd7c800000) (1024K)]
  0x000002a622a3d840 JavaThread "Unconstrained build operations Thread 19"        [_thread_blocked, id=13696, stack(0x000000dd7c800000,0x000000dd7c900000) (1024K)]
  0x000002a622a3e7e0 JavaThread "Unconstrained build operations Thread 20"        [_thread_blocked, id=18004, stack(0x000000dd7c900000,0x000000dd7ca00000) (1024K)]
  0x000002a622a3efb0 JavaThread "Unconstrained build operations Thread 21"        [_thread_blocked, id=3572, stack(0x000000dd7ca00000,0x000000dd7cb00000) (1024K)]
  0x000002a62032d6c0 JavaThread "Unconstrained build operations Thread 22"        [_thread_blocked, id=6608, stack(0x000000dd7cb00000,0x000000dd7cc00000) (1024K)]
  0x000002a62032de90 JavaThread "Unconstrained build operations Thread 23"        [_thread_blocked, id=17176, stack(0x000000dd7cc00000,0x000000dd7cd00000) (1024K)]
  0x000002a62032f600 JavaThread "Unconstrained build operations Thread 24"        [_thread_blocked, id=14696, stack(0x000000dd7cd00000,0x000000dd7ce00000) (1024K)]
  0x000002a62032a7e0 JavaThread "Unconstrained build operations Thread 25"        [_thread_blocked, id=14048, stack(0x000000dd7ce00000,0x000000dd7cf00000) (1024K)]
  0x000002a62032c720 JavaThread "Unconstrained build operations Thread 26"        [_thread_blocked, id=8108, stack(0x000000dd7cf00000,0x000000dd7d000000) (1024K)]
  0x000002a62032ee30 JavaThread "Unconstrained build operations Thread 27"        [_thread_blocked, id=14416, stack(0x000000dd7d000000,0x000000dd7d100000) (1024K)]
  0x000002a6203288a0 JavaThread "Unconstrained build operations Thread 28"        [_thread_blocked, id=7648, stack(0x000000dd7d100000,0x000000dd7d200000) (1024K)]
  0x000002a620329070 JavaThread "Unconstrained build operations Thread 29"        [_thread_blocked, id=13468, stack(0x000000dd7d200000,0x000000dd7d300000) (1024K)]
  0x000002a62032afb0 JavaThread "Unconstrained build operations Thread 30"        [_thread_blocked, id=8672, stack(0x000000dd7d300000,0x000000dd7d400000) (1024K)]
  0x000002a62032b780 JavaThread "Unconstrained build operations Thread 31"        [_thread_blocked, id=4372, stack(0x000000dd7d400000,0x000000dd7d500000) (1024K)]
  0x000002a622d34750 JavaThread "Unconstrained build operations Thread 32"        [_thread_blocked, id=14060, stack(0x000000dd7d500000,0x000000dd7d600000) (1024K)]
  0x000002a622d34f20 JavaThread "Unconstrained build operations Thread 33"        [_thread_blocked, id=16272, stack(0x000000dd7d600000,0x000000dd7d700000) (1024K)]
  0x000002a622d3a510 JavaThread "Unconstrained build operations Thread 34"        [_thread_blocked, id=7036, stack(0x000000dd7d700000,0x000000dd7d800000) (1024K)]
  0x000002a622d37630 JavaThread "Unconstrained build operations Thread 35"        [_thread_blocked, id=8996, stack(0x000000dd7d800000,0x000000dd7d900000) (1024K)]
  0x000002a622d37e00 JavaThread "Unconstrained build operations Thread 36"        [_thread_blocked, id=5800, stack(0x000000dd7d900000,0x000000dd7da00000) (1024K)]
  0x000002a61f7ea1d0 JavaThread "Unconstrained build operations Thread 37"        [_thread_blocked, id=13968, stack(0x000000dd7db00000,0x000000dd7dc00000) (1024K)]
  0x000002a61f7f1ed0 JavaThread "Unconstrained build operations Thread 38"        [_thread_blocked, id=18520, stack(0x000000dd7dc00000,0x000000dd7dd00000) (1024K)]
  0x000002a61f7f26a0 JavaThread "Unconstrained build operations Thread 39"        [_thread_blocked, id=9264, stack(0x000000dd7dd00000,0x000000dd7de00000) (1024K)]
  0x000002a61f7f3640 JavaThread "Unconstrained build operations Thread 40"        [_thread_blocked, id=7820, stack(0x000000dd7de00000,0x000000dd7df00000) (1024K)]
  0x000002a61f7f2e70 JavaThread "Unconstrained build operations Thread 41"        [_thread_blocked, id=12604, stack(0x000000dd7df00000,0x000000dd7e000000) (1024K)]
  0x000002a61f7f3e10 JavaThread "Unconstrained build operations Thread 42"        [_thread_blocked, id=7192, stack(0x000000dd7e000000,0x000000dd7e100000) (1024K)]
  0x000002a61f7f45e0 JavaThread "Unconstrained build operations Thread 43"        [_thread_blocked, id=16888, stack(0x000000dd7e100000,0x000000dd7e200000) (1024K)]
  0x000002a620f3ac70 JavaThread "Unconstrained build operations Thread 44"        [_thread_blocked, id=3332, stack(0x000000dd7e200000,0x000000dd7e300000) (1024K)]
  0x000002a62118a090 JavaThread "Unconstrained build operations Thread 45"        [_thread_blocked, id=11724, stack(0x000000dd7e300000,0x000000dd7e400000) (1024K)]
  0x000002a61d3ba0f0 JavaThread "Unconstrained build operations Thread 46"        [_thread_blocked, id=13180, stack(0x000000dd78100000,0x000000dd78200000) (1024K)]
  0x000002a61d3ba8c0 JavaThread "Unconstrained build operations Thread 47"        [_thread_blocked, id=17596, stack(0x000000dd7e400000,0x000000dd7e500000) (1024K)]
  0x000002a61d3bd7a0 JavaThread "Unconstrained build operations Thread 48"        [_thread_blocked, id=9904, stack(0x000000dd7e500000,0x000000dd7e600000) (1024K)]
  0x000002a61d3be740 JavaThread "Unconstrained build operations Thread 49"        [_thread_blocked, id=5140, stack(0x000000dd7e600000,0x000000dd7e700000) (1024K)]
  0x000002a61d3bef10 JavaThread "Unconstrained build operations Thread 50"        [_thread_blocked, id=3240, stack(0x000000dd7e700000,0x000000dd7e800000) (1024K)]
  0x000002a61d3c0e50 JavaThread "Unconstrained build operations Thread 51"        [_thread_blocked, id=17052, stack(0x000000dd7e800000,0x000000dd7e900000) (1024K)]
  0x000002a61d3bf6e0 JavaThread "Unconstrained build operations Thread 52"        [_thread_blocked, id=10820, stack(0x000000dd7e900000,0x000000dd7ea00000) (1024K)]
  0x000002a61d3c4cd0 JavaThread "Unconstrained build operations Thread 53"        [_thread_blocked, id=14488, stack(0x000000dd7ea00000,0x000000dd7eb00000) (1024K)]
  0x000002a61d3c0680 JavaThread "Unconstrained build operations Thread 54"        [_thread_blocked, id=12328, stack(0x000000dd7eb00000,0x000000dd7ec00000) (1024K)]
  0x000002a61d3c1620 JavaThread "Unconstrained build operations Thread 55"        [_thread_blocked, id=14436, stack(0x000000dd7ec00000,0x000000dd7ed00000) (1024K)]
  0x000002a61d3c1df0 JavaThread "Unconstrained build operations Thread 56"        [_thread_blocked, id=18928, stack(0x000000dd7ed00000,0x000000dd7ee00000) (1024K)]
  0x000002a61d3c4500 JavaThread "Unconstrained build operations Thread 57"        [_thread_blocked, id=10384, stack(0x000000dd7ee00000,0x000000dd7ef00000) (1024K)]
  0x000002a6205d9fd0 JavaThread "Unconstrained build operations Thread 58"        [_thread_blocked, id=14532, stack(0x000000dd7ef00000,0x000000dd7f000000) (1024K)]
  0x000002a6205d9030 JavaThread "Unconstrained build operations Thread 59"        [_thread_blocked, id=788, stack(0x000000dd7f000000,0x000000dd7f100000) (1024K)]
  0x000002a6205d51b0 JavaThread "Unconstrained build operations Thread 60"        [_thread_blocked, id=15972, stack(0x000000dd7f100000,0x000000dd7f200000) (1024K)]
  0x000002a6205d5980 JavaThread "Unconstrained build operations Thread 61"        [_thread_blocked, id=18536, stack(0x000000dd7f200000,0x000000dd7f300000) (1024K)]
  0x000002a6205db740 JavaThread "Unconstrained build operations Thread 62"        [_thread_blocked, id=14596, stack(0x000000dd7f300000,0x000000dd7f400000) (1024K)]
  0x000002a6205dbf10 JavaThread "Unconstrained build operations Thread 63"        [_thread_blocked, id=9136, stack(0x000000dd7f400000,0x000000dd7f500000) (1024K)]
  0x000002a6205d70f0 JavaThread "Unconstrained build operations Thread 64"        [_thread_blocked, id=15580, stack(0x000000dd7f500000,0x000000dd7f600000) (1024K)]
Total: 105

Other Threads:
  0x000002a67f99e670 VMThread "VM Thread"                           [id=6052, stack(0x000000dd78a00000,0x000000dd78b00000) (1024K)]
  0x000002a67f97da80 WatcherThread "VM Periodic Task Thread"        [id=9348, stack(0x000000dd78900000,0x000000dd78a00000) (1024K)]
  0x000002a67f930da0 WorkerThread "GC Thread#0"                     [id=3516, stack(0x000000dd78400000,0x000000dd78500000) (1024K)]
  0x000002a61d870a20 WorkerThread "GC Thread#1"                     [id=8988, stack(0x000000dd79500000,0x000000dd79600000) (1024K)]
  0x000002a61d7778a0 WorkerThread "GC Thread#2"                     [id=7780, stack(0x000000dd79600000,0x000000dd79700000) (1024K)]
  0x000002a61d777cd0 WorkerThread "GC Thread#3"                     [id=13308, stack(0x000000dd79700000,0x000000dd79800000) (1024K)]
  0x000002a67f949e70 ConcurrentGCThread "G1 Main Marker"            [id=3292, stack(0x000000dd78500000,0x000000dd78600000) (1024K)]
  0x000002a67f94aa10 WorkerThread "G1 Conc#0"                       [id=4600, stack(0x000000dd78600000,0x000000dd78700000) (1024K)]
  0x000002a67f971610 ConcurrentGCThread "G1 Refine#0"               [id=12116, stack(0x000000dd78700000,0x000000dd78800000) (1024K)]
  0x000002a67f972390 ConcurrentGCThread "G1 Service"                [id=12096, stack(0x000000dd78800000,0x000000dd78900000) (1024K)]
Total: 10

Threads with active compile tasks:
C2 CompilerThread0  84432 16336       4       org.gradle.internal.logging.progress.ResourceOperation::logProcessedBytes (87 bytes)
Total: 1

VM state: not at safepoint (normal execution)

VM Mutex/Monitor currently owned by a thread: None

Heap address: 0x0000000080000000, size: 2048 MB, Compressed Oops mode: 32-bit

CDS archive(s) not mapped
Compressed class space mapped at: 0x0000000038000000-0x0000000078000000, reserved size: 1073741824
UseCompressedClassPointers 1, UseCompactObjectHeaders 0
Narrow klass pointer bits 32, Max shift 3
Narrow klass base: 0x0000000000000000, Narrow klass shift: 0
Encoding Range: [0x0000000000000000 - 0x0000000100000000), (4294967296 bytes)
Klass Range:    [0x0000000038000000 - 0x0000000078000000), (1073741824 bytes)
Klass ID Range:  [939524096 - 2013265913) (1073741817)
No protection zone.

GC Precious Log:
 CardTable entry size: 512
 Card Set container configuration: InlinePtr #cards 5 size 8 Array Of Cards #cards 10 size 36 Howl #buckets 4 coarsen threshold 1843 Howl Bitmap #cards 512 size 80 coarsen threshold 460 Card regions per heap region 1 cards per card region 2048
 CPUs: 4 total, 4 available
 Memory: 3982M
 Large Page Support: Disabled
 NUMA Support: Disabled
 Compressed Oops: Enabled (32-bit)
 Heap Region Size: 1M
 Heap Min Capacity: 8M
 Heap Initial Capacity: 64M
 Heap Max Capacity: 2G
 Pre-touch: Disabled
 Parallel Workers: 4
 Concurrent Workers: 1
 Concurrent Refinement Workers: 4
 Periodic GC: Disabled

Heap:
 garbage-first heap   total reserved 2097152K, committed 142336K, used 123904K [0x0000000080000000, 0x0000000100000000)
  region size 1024K, 52 young (53248K), 4 survivors (4096K)

Heap Regions: E=young(eden), S=young(survivor), O=old, HS=humongous(starts), HC=humongous(continues), CS=collection set, F=free, TAMS=top-at-mark-start, PB=parsable bottom
|   0|0x0000000080000000, 0x0000000080100000, 0x0000000080100000|100%|HS|  |TAMS 0x0000000080000000| PB 0x0000000080000000| Complete |  0
|   1|0x0000000080100000, 0x0000000080200000, 0x0000000080200000|100%|HC|  |TAMS 0x0000000080100000| PB 0x0000000080100000| Complete |  0
|   2|0x0000000080200000, 0x0000000080300000, 0x0000000080300000|100%|HC|  |TAMS 0x0000000080200000| PB 0x0000000080200000| Complete |  0
|   3|0x0000000080300000, 0x0000000080400000, 0x0000000080400000|100%|HC|  |TAMS 0x0000000080300000| PB 0x0000000080300000| Complete |  0
|   4|0x0000000080400000, 0x0000000080500000, 0x0000000080500000|100%| O|  |TAMS 0x0000000080400000| PB 0x0000000080400000| Untracked |  0
|   5|0x0000000080500000, 0x0000000080500000, 0x0000000080600000|  0%| F|  |TAMS 0x0000000080500000| PB 0x0000000080500000| Untracked |  0
|   6|0x0000000080600000, 0x0000000080700000, 0x0000000080700000|100%| O|  |TAMS 0x0000000080600000| PB 0x0000000080600000| Untracked |  0
|   7|0x0000000080700000, 0x0000000080800000, 0x0000000080800000|100%| O|  |TAMS 0x0000000080700000| PB 0x0000000080700000| Untracked |  0
|   8|0x0000000080800000, 0x0000000080900000, 0x0000000080900000|100%| O|  |TAMS 0x0000000080800000| PB 0x0000000080800000| Untracked |  0
|   9|0x0000000080900000, 0x0000000080a00000, 0x0000000080a00000|100%|HS|  |TAMS 0x0000000080900000| PB 0x0000000080900000| Complete |  0
|  10|0x0000000080a00000, 0x0000000080b00000, 0x0000000080b00000|100%| O|  |TAMS 0x0000000080a00000| PB 0x0000000080a00000| Untracked |  0
|  11|0x0000000080b00000, 0x0000000080c00000, 0x0000000080c00000|100%| O|  |TAMS 0x0000000080b00000| PB 0x0000000080b00000| Untracked |  0
|  12|0x0000000080c00000, 0x0000000080d00000, 0x0000000080d00000|100%| O|  |TAMS 0x0000000080c00000| PB 0x0000000080c00000| Untracked |  0
|  13|0x0000000080d00000, 0x0000000080e00000, 0x0000000080e00000|100%| O|  |TAMS 0x0000000080d00000| PB 0x0000000080d00000| Untracked |  0
|  14|0x0000000080e00000, 0x0000000080f00000, 0x0000000080f00000|100%| O|  |TAMS 0x0000000080e00000| PB 0x0000000080e00000| Untracked |  0
|  15|0x0000000080f00000, 0x0000000081000000, 0x0000000081000000|100%| O|  |TAMS 0x0000000080f00000| PB 0x0000000080f00000| Untracked |  0
|  16|0x0000000081000000, 0x0000000081100000, 0x0000000081100000|100%| O|  |TAMS 0x0000000081000000| PB 0x0000000081000000| Untracked |  0
|  17|0x0000000081100000, 0x0000000081200000, 0x0000000081200000|100%| O|  |TAMS 0x0000000081100000| PB 0x0000000081100000| Untracked |  0
|  18|0x0000000081200000, 0x0000000081300000, 0x0000000081300000|100%| O|  |TAMS 0x0000000081200000| PB 0x0000000081200000| Untracked |  0
|  19|0x0000000081300000, 0x0000000081400000, 0x0000000081400000|100%| O|  |TAMS 0x0000000081300000| PB 0x0000000081300000| Untracked |  0
|  20|0x0000000081400000, 0x0000000081500000, 0x0000000081500000|100%| O|  |TAMS 0x0000000081400000| PB 0x0000000081400000| Untracked |  0
|  21|0x0000000081500000, 0x0000000081600000, 0x0000000081600000|100%| O|  |TAMS 0x0000000081500000| PB 0x0000000081500000| Untracked |  0
|  22|0x0000000081600000, 0x0000000081700000, 0x0000000081700000|100%| O|  |TAMS 0x0000000081600000| PB 0x0000000081600000| Untracked |  0
|  23|0x0000000081700000, 0x0000000081800000, 0x0000000081800000|100%| O|  |TAMS 0x0000000081700000| PB 0x0000000081700000| Untracked |  0
|  24|0x0000000081800000, 0x0000000081900000, 0x0000000081900000|100%| O|  |TAMS 0x0000000081800000| PB 0x0000000081800000| Untracked |  0
|  25|0x0000000081900000, 0x0000000081a00000, 0x0000000081a00000|100%| O|  |TAMS 0x0000000081900000| PB 0x0000000081900000| Untracked |  0
|  26|0x0000000081a00000, 0x0000000081b00000, 0x0000000081b00000|100%| O|  |TAMS 0x0000000081a00000| PB 0x0000000081a00000| Untracked |  0
|  27|0x0000000081b00000, 0x0000000081c00000, 0x0000000081c00000|100%| O|  |TAMS 0x0000000081b00000| PB 0x0000000081b00000| Untracked |  0
|  28|0x0000000081c00000, 0x0000000081d00000, 0x0000000081d00000|100%| O|  |TAMS 0x0000000081c00000| PB 0x0000000081c00000| Untracked |  0
|  29|0x0000000081d00000, 0x0000000081e00000, 0x0000000081e00000|100%| O|  |TAMS 0x0000000081d00000| PB 0x0000000081d00000| Untracked |  0
|  30|0x0000000081e00000, 0x0000000081f00000, 0x0000000081f00000|100%| O|  |TAMS 0x0000000081e00000| PB 0x0000000081e00000| Untracked |  0
|  31|0x0000000081f00000, 0x0000000082000000, 0x0000000082000000|100%| O|  |TAMS 0x0000000081f00000| PB 0x0000000081f00000| Untracked |  0
|  32|0x0000000082000000, 0x0000000082100000, 0x0000000082100000|100%| O|  |TAMS 0x0000000082000000| PB 0x0000000082000000| Untracked |  0
|  33|0x0000000082100000, 0x0000000082200000, 0x0000000082200000|100%| O|  |TAMS 0x0000000082100000| PB 0x0000000082100000| Untracked |  0
|  34|0x0000000082200000, 0x0000000082300000, 0x0000000082300000|100%| O|  |TAMS 0x0000000082200000| PB 0x0000000082200000| Untracked |  0
|  35|0x0000000082300000, 0x0000000082400000, 0x0000000082400000|100%| O|  |TAMS 0x0000000082300000| PB 0x0000000082300000| Untracked |  0
|  36|0x0000000082400000, 0x0000000082500000, 0x0000000082500000|100%| O|  |TAMS 0x0000000082400000| PB 0x0000000082400000| Untracked |  0
|  37|0x0000000082500000, 0x0000000082600000, 0x0000000082600000|100%| O|  |TAMS 0x0000000082500000| PB 0x0000000082500000| Untracked |  0
|  38|0x0000000082600000, 0x0000000082700000, 0x0000000082700000|100%| O|  |TAMS 0x0000000082600000| PB 0x0000000082600000| Untracked |  0
|  39|0x0000000082700000, 0x0000000082800000, 0x0000000082800000|100%| O|  |TAMS 0x0000000082700000| PB 0x0000000082700000| Untracked |  0
|  40|0x0000000082800000, 0x0000000082900000, 0x0000000082900000|100%| O|  |TAMS 0x0000000082800000| PB 0x0000000082800000| Untracked |  0
|  41|0x0000000082900000, 0x0000000082a00000, 0x0000000082a00000|100%| O|  |TAMS 0x0000000082900000| PB 0x0000000082900000| Untracked |  0
|  42|0x0000000082a00000, 0x0000000082b00000, 0x0000000082b00000|100%| O|  |TAMS 0x0000000082a00000| PB 0x0000000082a00000| Untracked |  0
|  43|0x0000000082b00000, 0x0000000082c00000, 0x0000000082c00000|100%| O|  |TAMS 0x0000000082b00000| PB 0x0000000082b00000| Untracked |  0
|  44|0x0000000082c00000, 0x0000000082d00000, 0x0000000082d00000|100%| O|  |TAMS 0x0000000082c00000| PB 0x0000000082c00000| Untracked |  0
|  45|0x0000000082d00000, 0x0000000082e00000, 0x0000000082e00000|100%| O|  |TAMS 0x0000000082d00000| PB 0x0000000082d00000| Untracked |  0
|  46|0x0000000082e00000, 0x0000000082f00000, 0x0000000082f00000|100%| O|  |TAMS 0x0000000082e00000| PB 0x0000000082e00000| Untracked |  0
|  47|0x0000000082f00000, 0x0000000083000000, 0x0000000083000000|100%| O|  |TAMS 0x0000000082f00000| PB 0x0000000082f00000| Untracked |  0
|  48|0x0000000083000000, 0x0000000083100000, 0x0000000083100000|100%| O|  |TAMS 0x0000000083000000| PB 0x0000000083000000| Untracked |  0
|  49|0x0000000083100000, 0x0000000083200000, 0x0000000083200000|100%| O|  |TAMS 0x0000000083100000| PB 0x0000000083100000| Untracked |  0
|  50|0x0000000083200000, 0x0000000083300000, 0x0000000083300000|100%| O|  |TAMS 0x0000000083200000| PB 0x0000000083200000| Untracked |  0
|  51|0x0000000083300000, 0x0000000083400000, 0x0000000083400000|100%| O|  |TAMS 0x0000000083300000| PB 0x0000000083300000| Untracked |  0
|  52|0x0000000083400000, 0x0000000083500000, 0x0000000083500000|100%| O|  |TAMS 0x0000000083400000| PB 0x0000000083400000| Untracked |  0
|  53|0x0000000083500000, 0x0000000083600000, 0x0000000083600000|100%| O|  |TAMS 0x0000000083500000| PB 0x0000000083500000| Untracked |  0
|  54|0x0000000083600000, 0x0000000083700000, 0x0000000083700000|100%| O|  |TAMS 0x0000000083600000| PB 0x0000000083600000| Untracked |  0
|  55|0x0000000083700000, 0x0000000083800000, 0x0000000083800000|100%| O|  |TAMS 0x0000000083700000| PB 0x0000000083700000| Untracked |  0
|  56|0x0000000083800000, 0x0000000083900000, 0x0000000083900000|100%| O|  |TAMS 0x0000000083800000| PB 0x0000000083800000| Untracked |  0
|  57|0x0000000083900000, 0x0000000083a00000, 0x0000000083a00000|100%| O|  |TAMS 0x0000000083900000| PB 0x0000000083900000| Untracked |  0
|  58|0x0000000083a00000, 0x0000000083b00000, 0x0000000083b00000|100%| O|  |TAMS 0x0000000083a00000| PB 0x0000000083a00000| Untracked |  0
|  59|0x0000000083b00000, 0x0000000083c00000, 0x0000000083c00000|100%| O|  |TAMS 0x0000000083b00000| PB 0x0000000083b00000| Untracked |  0
|  60|0x0000000083c00000, 0x0000000083d00000, 0x0000000083d00000|100%| O|  |TAMS 0x0000000083c00000| PB 0x0000000083c00000| Untracked |  0
|  61|0x0000000083d00000, 0x0000000083e00000, 0x0000000083e00000|100%| O|  |TAMS 0x0000000083d00000| PB 0x0000000083d00000| Untracked |  0
|  62|0x0000000083e00000, 0x0000000083f00000, 0x0000000083f00000|100%| O|  |TAMS 0x0000000083e00000| PB 0x0000000083e00000| Untracked |  0
|  63|0x0000000083f00000, 0x0000000084000000, 0x0000000084000000|100%| O|  |TAMS 0x0000000083f00000| PB 0x0000000083f00000| Untracked |  0
|  64|0x0000000084000000, 0x0000000084000000, 0x0000000084100000|  0%| F|  |TAMS 0x0000000084000000| PB 0x0000000084000000| Untracked |  0
|  65|0x0000000084100000, 0x0000000084100000, 0x0000000084200000|  0%| F|  |TAMS 0x0000000084100000| PB 0x0000000084100000| Untracked |  0
|  66|0x0000000084200000, 0x0000000084200000, 0x0000000084300000|  0%| F|  |TAMS 0x0000000084200000| PB 0x0000000084200000| Untracked |  0
|  67|0x0000000084300000, 0x0000000084300000, 0x0000000084400000|  0%| F|  |TAMS 0x0000000084300000| PB 0x0000000084300000| Untracked |  0
|  68|0x0000000084400000, 0x0000000084400000, 0x0000000084500000|  0%| F|  |TAMS 0x0000000084400000| PB 0x0000000084400000| Untracked |  0
|  69|0x0000000084500000, 0x0000000084600000, 0x0000000084600000|100%| S|CS|TAMS 0x0000000084500000| PB 0x0000000084500000| Complete |  0
|  70|0x0000000084600000, 0x0000000084700000, 0x0000000084700000|100%| S|CS|TAMS 0x0000000084600000| PB 0x0000000084600000| Complete |  0
|  71|0x0000000084700000, 0x0000000084700000, 0x0000000084800000|  0%| F|  |TAMS 0x0000000084700000| PB 0x0000000084700000| Untracked |  0
|  72|0x0000000084800000, 0x0000000084800000, 0x0000000084900000|  0%| F|  |TAMS 0x0000000084800000| PB 0x0000000084800000| Untracked |  0
|  73|0x0000000084900000, 0x0000000084900000, 0x0000000084a00000|  0%| F|  |TAMS 0x0000000084900000| PB 0x0000000084900000| Untracked |  0
|  74|0x0000000084a00000, 0x0000000084b00000, 0x0000000084b00000|100%| S|CS|TAMS 0x0000000084a00000| PB 0x0000000084a00000| Complete |  0
|  75|0x0000000084b00000, 0x0000000084c00000, 0x0000000084c00000|100%| S|CS|TAMS 0x0000000084b00000| PB 0x0000000084b00000| Complete |  0
|  76|0x0000000084c00000, 0x0000000084c00000, 0x0000000084d00000|  0%| F|  |TAMS 0x0000000084c00000| PB 0x0000000084c00000| Untracked |  0
|  77|0x0000000084d00000, 0x0000000084d00000, 0x0000000084e00000|  0%| F|  |TAMS 0x0000000084d00000| PB 0x0000000084d00000| Untracked |  0
|  78|0x0000000084e00000, 0x0000000084e00000, 0x0000000084f00000|  0%| F|  |TAMS 0x0000000084e00000| PB 0x0000000084e00000| Untracked |  0
|  79|0x0000000084f00000, 0x0000000084f00000, 0x0000000085000000|  0%| F|  |TAMS 0x0000000084f00000| PB 0x0000000084f00000| Untracked |  0
|  80|0x0000000085000000, 0x0000000085000000, 0x0000000085100000|  0%| F|  |TAMS 0x0000000085000000| PB 0x0000000085000000| Untracked |  0
|  81|0x0000000085100000, 0x0000000085100000, 0x0000000085200000|  0%| F|  |TAMS 0x0000000085100000| PB 0x0000000085100000| Untracked |  0
|  82|0x0000000085200000, 0x0000000085200000, 0x0000000085300000|  0%| F|  |TAMS 0x0000000085200000| PB 0x0000000085200000| Untracked |  0
|  83|0x0000000085300000, 0x0000000085300000, 0x0000000085400000|  0%| F|  |TAMS 0x0000000085300000| PB 0x0000000085300000| Untracked |  0
|  84|0x0000000085400000, 0x00000000854d6c78, 0x0000000085500000| 83%| E|  |TAMS 0x0000000085400000| PB 0x0000000085400000| Complete |  0
|  85|0x0000000085500000, 0x0000000085600000, 0x0000000085600000|100%| E|CS|TAMS 0x0000000085500000| PB 0x0000000085500000| Complete |  0
|  86|0x0000000085600000, 0x0000000085700000, 0x0000000085700000|100%| E|CS|TAMS 0x0000000085600000| PB 0x0000000085600000| Complete |  0
|  87|0x0000000085700000, 0x0000000085800000, 0x0000000085800000|100%| E|CS|TAMS 0x0000000085700000| PB 0x0000000085700000| Complete |  0
|  88|0x0000000085800000, 0x0000000085900000, 0x0000000085900000|100%| E|CS|TAMS 0x0000000085800000| PB 0x0000000085800000| Complete |  0
|  89|0x0000000085900000, 0x0000000085a00000, 0x0000000085a00000|100%| E|CS|TAMS 0x0000000085900000| PB 0x0000000085900000| Complete |  0
|  90|0x0000000085a00000, 0x0000000085b00000, 0x0000000085b00000|100%| E|CS|TAMS 0x0000000085a00000| PB 0x0000000085a00000| Complete |  0
|  91|0x0000000085b00000, 0x0000000085c00000, 0x0000000085c00000|100%| E|CS|TAMS 0x0000000085b00000| PB 0x0000000085b00000| Complete |  0
|  92|0x0000000085c00000, 0x0000000085d00000, 0x0000000085d00000|100%| E|CS|TAMS 0x0000000085c00000| PB 0x0000000085c00000| Complete |  0
|  93|0x0000000085d00000, 0x0000000085e00000, 0x0000000085e00000|100%| E|CS|TAMS 0x0000000085d00000| PB 0x0000000085d00000| Complete |  0
|  94|0x0000000085e00000, 0x0000000085f00000, 0x0000000085f00000|100%| E|CS|TAMS 0x0000000085e00000| PB 0x0000000085e00000| Complete |  0
|  95|0x0000000085f00000, 0x0000000086000000, 0x0000000086000000|100%| E|CS|TAMS 0x0000000085f00000| PB 0x0000000085f00000| Complete |  0
|  96|0x0000000086000000, 0x0000000086100000, 0x0000000086100000|100%| E|CS|TAMS 0x0000000086000000| PB 0x0000000086000000| Complete |  0
|  97|0x0000000086100000, 0x0000000086200000, 0x0000000086200000|100%| E|CS|TAMS 0x0000000086100000| PB 0x0000000086100000| Complete |  0
|  98|0x0000000086200000, 0x0000000086300000, 0x0000000086300000|100%| E|CS|TAMS 0x0000000086200000| PB 0x0000000086200000| Complete |  0
|  99|0x0000000086300000, 0x0000000086400000, 0x0000000086400000|100%| E|CS|TAMS 0x0000000086300000| PB 0x0000000086300000| Complete |  0
| 100|0x0000000086400000, 0x0000000086500000, 0x0000000086500000|100%| E|CS|TAMS 0x0000000086400000| PB 0x0000000086400000| Complete |  0
| 101|0x0000000086500000, 0x0000000086600000, 0x0000000086600000|100%| E|CS|TAMS 0x0000000086500000| PB 0x0000000086500000| Complete |  0
| 102|0x0000000086600000, 0x0000000086700000, 0x0000000086700000|100%| E|CS|TAMS 0x0000000086600000| PB 0x0000000086600000| Complete |  0
| 103|0x0000000086700000, 0x0000000086800000, 0x0000000086800000|100%| E|CS|TAMS 0x0000000086700000| PB 0x0000000086700000| Complete |  0
| 104|0x0000000086800000, 0x0000000086900000, 0x0000000086900000|100%| E|CS|TAMS 0x0000000086800000| PB 0x0000000086800000| Complete |  0
| 105|0x0000000086900000, 0x0000000086a00000, 0x0000000086a00000|100%| E|CS|TAMS 0x0000000086900000| PB 0x0000000086900000| Complete |  0
| 106|0x0000000086a00000, 0x0000000086b00000, 0x0000000086b00000|100%| E|CS|TAMS 0x0000000086a00000| PB 0x0000000086a00000| Complete |  0
| 107|0x0000000086b00000, 0x0000000086c00000, 0x0000000086c00000|100%| E|CS|TAMS 0x0000000086b00000| PB 0x0000000086b00000| Complete |  0
| 108|0x0000000086c00000, 0x0000000086d00000, 0x0000000086d00000|100%| E|CS|TAMS 0x0000000086c00000| PB 0x0000000086c00000| Complete |  0
| 109|0x0000000086d00000, 0x0000000086e00000, 0x0000000086e00000|100%| E|CS|TAMS 0x0000000086d00000| PB 0x0000000086d00000| Complete |  0
| 110|0x0000000086e00000, 0x0000000086f00000, 0x0000000086f00000|100%| E|CS|TAMS 0x0000000086e00000| PB 0x0000000086e00000| Complete |  0
| 111|0x0000000086f00000, 0x0000000087000000, 0x0000000087000000|100%| E|CS|TAMS 0x0000000086f00000| PB 0x0000000086f00000| Complete |  0
| 112|0x0000000087000000, 0x0000000087100000, 0x0000000087100000|100%| E|CS|TAMS 0x0000000087000000| PB 0x0000000087000000| Complete |  0
| 113|0x0000000087100000, 0x0000000087200000, 0x0000000087200000|100%| E|CS|TAMS 0x0000000087100000| PB 0x0000000087100000| Complete |  0
| 114|0x0000000087200000, 0x0000000087300000, 0x0000000087300000|100%| E|CS|TAMS 0x0000000087200000| PB 0x0000000087200000| Complete |  0
| 115|0x0000000087300000, 0x0000000087400000, 0x0000000087400000|100%| E|CS|TAMS 0x0000000087300000| PB 0x0000000087300000| Complete |  0
| 116|0x0000000087400000, 0x0000000087500000, 0x0000000087500000|100%| E|CS|TAMS 0x0000000087400000| PB 0x0000000087400000| Complete |  0
| 117|0x0000000087500000, 0x0000000087600000, 0x0000000087600000|100%| E|CS|TAMS 0x0000000087500000| PB 0x0000000087500000| Complete |  0
| 118|0x0000000087600000, 0x0000000087700000, 0x0000000087700000|100%| E|CS|TAMS 0x0000000087600000| PB 0x0000000087600000| Complete |  0
| 119|0x0000000087700000, 0x0000000087800000, 0x0000000087800000|100%| E|CS|TAMS 0x0000000087700000| PB 0x0000000087700000| Complete |  0
| 120|0x0000000087800000, 0x0000000087900000, 0x0000000087900000|100%| E|CS|TAMS 0x0000000087800000| PB 0x0000000087800000| Complete |  0
| 121|0x0000000087900000, 0x0000000087a00000, 0x0000000087a00000|100%| E|CS|TAMS 0x0000000087900000| PB 0x0000000087900000| Complete |  0
| 122|0x0000000087a00000, 0x0000000087b00000, 0x0000000087b00000|100%| E|CS|TAMS 0x0000000087a00000| PB 0x0000000087a00000| Complete |  0
| 123|0x0000000087b00000, 0x0000000087c00000, 0x0000000087c00000|100%| E|CS|TAMS 0x0000000087b00000| PB 0x0000000087b00000| Complete |  0
| 124|0x0000000087c00000, 0x0000000087d00000, 0x0000000087d00000|100%| E|CS|TAMS 0x0000000087c00000| PB 0x0000000087c00000| Complete |  0
| 125|0x0000000087d00000, 0x0000000087e00000, 0x0000000087e00000|100%| E|CS|TAMS 0x0000000087d00000| PB 0x0000000087d00000| Complete |  0
| 126|0x0000000087e00000, 0x0000000087f00000, 0x0000000087f00000|100%| E|CS|TAMS 0x0000000087e00000| PB 0x0000000087e00000| Complete |  0
| 127|0x0000000087f00000, 0x0000000088000000, 0x0000000088000000|100%| E|CS|TAMS 0x0000000087f00000| PB 0x0000000087f00000| Complete |  0
| 128|0x0000000088000000, 0x0000000088100000, 0x0000000088100000|100%| E|CS|TAMS 0x0000000088000000| PB 0x0000000088000000| Complete |  0
| 129|0x0000000088100000, 0x0000000088200000, 0x0000000088200000|100%| E|CS|TAMS 0x0000000088100000| PB 0x0000000088100000| Complete |  0
| 130|0x0000000088200000, 0x0000000088300000, 0x0000000088300000|100%| E|CS|TAMS 0x0000000088200000| PB 0x0000000088200000| Complete |  0
|2040|0x00000000ff800000, 0x00000000ff900000, 0x00000000ff900000|100%| O|  |TAMS 0x00000000ff800000| PB 0x00000000ff800000| Untracked |  0
|2041|0x00000000ff900000, 0x00000000ffa00000, 0x00000000ffa00000|100%| O|  |TAMS 0x00000000ff900000| PB 0x00000000ff900000| Untracked |  0
|2042|0x00000000ffa00000, 0x00000000ffb00000, 0x00000000ffb00000|100%| O|  |TAMS 0x00000000ffa00000| PB 0x00000000ffa00000| Untracked |  0
|2043|0x00000000ffb00000, 0x00000000ffc00000, 0x00000000ffc00000|100%| O|  |TAMS 0x00000000ffb00000| PB 0x00000000ffb00000| Untracked |  0
|2044|0x00000000ffc00000, 0x00000000ffd00000, 0x00000000ffd00000|100%| O|  |TAMS 0x00000000ffc00000| PB 0x00000000ffc00000| Untracked |  0
|2045|0x00000000ffd00000, 0x00000000ffe00000, 0x00000000ffe00000|100%| E|CS|TAMS 0x00000000ffd00000| PB 0x00000000ffd00000| Complete |  0
|2046|0x00000000ffe00000, 0x00000000fff00000, 0x00000000fff00000|100%| O|  |TAMS 0x00000000ffe00000| PB 0x00000000ffe00000| Untracked |  0
|2047|0x00000000fff00000, 0x0000000100000000, 0x0000000100000000|100%| O|  |TAMS 0x00000000fff00000| PB 0x00000000fff00000| Untracked |  0

Card table byte_map: [0x000002a613840000,0x000002a613c40000] _byte_map_base: 0x000002a613440000

Marking Bits: (CMBitMap*) 0x000002a67f931530
 Bits: [0x000002a613c40000, 0x000002a615c40000)

Polling page: 0x000002a67ebd0000

Metaspace:
Metaspace        used 99306K, committed 101312K, reserved 1179648K
 class space     used 14173K, committed 15104K, reserved 1048576K

Usage:
  Non-class:     83.14 MB used.
      Class:     13.84 MB used.
       Both:     96.98 MB used.

Virtual space:
  Non-class space:      128.00 MB reserved,      84.19 MB ( 66%) committed,  2 nodes.
      Class space:        1.00 GB reserved,      14.75 MB (  1%) committed,  1 nodes.
             Both:        1.12 GB reserved,      98.94 MB (  9%) committed. 

Chunk freelists:
   Non-Class:  11.72 MB
       Class:  1.19 MB
        Both:  12.91 MB

MaxMetaspaceSize: unlimited
CompressedClassSpaceSize: 1.00 GB
Initial GC threshold: 21.00 MB
Current GC threshold: 163.12 MB
CDS: off
 - commit_granule_bytes: 65536.
 - commit_granule_words: 8192.
 - virtual_space_node_default_size: 8388608.
 - enlarge_chunks_in_place: 1.
UseCompressedClassPointers 1, UseCompactObjectHeaders 0
Narrow klass pointer bits 32, Max shift 3
Narrow klass base: 0x0000000000000000, Narrow klass shift: 0
Encoding Range: [0x0000000000000000 - 0x0000000100000000), (4294967296 bytes)
Klass Range:    [0x0000000038000000 - 0x0000000078000000), (1073741824 bytes)
Klass ID Range:  [939524096 - 2013265913) (1073741817)
No protection zone.


Internal statistics:

num_allocs_failed_limit: 6.
num_arena_births: 3946.
num_arena_deaths: 16.
num_vsnodes_births: 3.
num_vsnodes_deaths: 0.
num_space_committed: 1583.
num_space_uncommitted: 0.
num_chunks_returned_to_freelist: 35.
num_chunks_taken_from_freelist: 7729.
num_chunk_merges: 3.
num_chunk_splits: 5076.
num_chunks_enlarged: 3244.
num_inconsistent_stats: 0.

CodeHeap 'non-profiled nmethods': size=120064Kb used=5938Kb max_used=5938Kb free=114126Kb
 bounds [0x000002a60c300000, 0x000002a60c8d0000, 0x000002a613840000]
CodeHeap 'profiled nmethods': size=120000Kb used=19727Kb max_used=19727Kb free=100272Kb
 bounds [0x000002a604840000, 0x000002a605b90000, 0x000002a60bd70000]
CodeHeap 'non-nmethods': size=5696Kb used=2037Kb max_used=2116Kb free=3658Kb
 bounds [0x000002a60bd70000, 0x000002a60bfe0000, 0x000002a60c300000]
CodeCache: size=245760Kb, used=27702Kb, max_used=27781Kb, free=218056Kb
 total_blobs=15033, nmethods=14128, adapters=808, full_count=0
Compilation: enabled, stopped_count=0, restarted_count=0

Compilation events (20 events):
Event: 80.635 Thread 0x000002a617fce5e0 nmethod 16324 0x000002a60c8b3208 code [0x000002a60c8b3300, 0x000002a60c8b39d8]
Event: 80.966 Thread 0x000002a617fce5e0 16325       4       java.util.zip.InflaterInputStream::fill (60 bytes)
Event: 81.032 Thread 0x000002a617fce5e0 nmethod 16325 0x000002a60c8b3a08 code [0x000002a60c8b3b00, 0x000002a60c8b4b18]
Event: 81.045 Thread 0x000002a617fce5e0 16326   !   4       java.util.zip.InflaterInputStream::read (129 bytes)
Event: 81.066 Thread 0x000002a617fce5e0 nmethod 16326 0x000002a60c8b4b88 code [0x000002a60c8b4c80, 0x000002a60c8b5820]
Event: 81.066 Thread 0x000002a617fce5e0 16327   !   4       sun.security.ssl.SSLCipher$T13GcmReadCipherGenerator$GcmReadCipher::decrypt (622 bytes)
Event: 81.275 Thread 0x000002a618054780 16330       3       org.apache.http.impl.execchain.ConnectionHolder::releaseConnection (9 bytes)
Event: 81.275 Thread 0x000002a618054780 nmethod 16330 0x000002a605b83308 code [0x000002a605b83400, 0x000002a605b83538]
Event: 81.530 Thread 0x000002a618054780 16331       3       org.apache.commons.logging.impl.SLF4JLog::debug (14 bytes)
Event: 81.531 Thread 0x000002a618054780 nmethod 16331 0x000002a605b83608 code [0x000002a605b83700, 0x000002a605b83a40]
Event: 82.080 Thread 0x000002a617fce5e0 nmethod 16327 0x000002a60c8b5888 code [0x000002a60c8b5980, 0x000002a60c8bfba8]
Event: 82.080 Thread 0x000002a617fce5e0 16329   !   4       java.nio.ByteBuffer::getArray (121 bytes)
Event: 82.118 Thread 0x000002a617fce5e0 nmethod 16329 0x000002a60c8bfc08 code [0x000002a60c8bfd00, 0x000002a60c8c0200]
Event: 82.118 Thread 0x000002a617fce5e0 16332       4       java.io.FileOutputStream::write (52 bytes)
Event: 82.119 Thread 0x000002a617fce5e0 nmethod 16332 0x000002a60c8c0288 code [0x000002a60c8c0380, 0x000002a60c8c0478]
Event: 82.120 Thread 0x000002a617fce5e0 16333       4       org.gradle.internal.logging.progress.ProgressLoggingInputStream::read (31 bytes)
Event: 83.371 Thread 0x000002a617fce5e0 nmethod 16333 0x000002a60c8c0588 code [0x000002a60c8c0680, 0x000002a60c8cc300]
Event: 83.372 Thread 0x000002a617fce5e0 16337       4       java.util.zip.GZIPInputStream::read (65 bytes)
Event: 83.378 Thread 0x000002a617fce5e0 nmethod 16337 0x000002a60c8cc408 code [0x000002a60c8cc500, 0x000002a60c8cc7c8]
Event: 83.378 Thread 0x000002a617fce5e0 16336       4       org.gradle.internal.logging.progress.ResourceOperation::logProcessedBytes (87 bytes)

GC Heap Usage History (20 events):
Event: 37.409 {heap Before GC invocations=42 (full 0):
 garbage-first heap   total reserved 2097152K, committed 125952K, used 116561K [0x0000000080000000, 0x0000000100000000)
  region size 1024K, 68 young (69632K), 3 survivors (3072K)
}
Event: 37.413 {heap After GC invocations=43 (full 0):
 garbage-first heap   total reserved 2097152K, committed 125952K, used 50060K [0x0000000080000000, 0x0000000100000000)
  region size 1024K, 2 young (2048K), 2 survivors (2048K)
}
Event: 38.041 {heap Before GC invocations=43 (full 0):
 garbage-first heap   total reserved 2097152K, committed 125952K, used 117644K [0x0000000080000000, 0x0000000100000000)
  region size 1024K, 68 young (69632K), 2 survivors (2048K)
}
Event: 38.044 {heap After GC invocations=44 (full 0):
 garbage-first heap   total reserved 2097152K, committed 125952K, used 49312K [0x0000000080000000, 0x0000000100000000)
  region size 1024K, 1 young (1024K), 1 survivors (1024K)
}
Event: 40.077 {heap Before GC invocations=45 (full 0):
 garbage-first heap   total reserved 2097152K, committed 125952K, used 117920K [0x0000000080000000, 0x0000000100000000)
  region size 1024K, 68 young (69632K), 1 survivors (1024K)
}
Event: 40.088 {heap After GC invocations=46 (full 0):
 garbage-first heap   total reserved 2097152K, committed 125952K, used 53399K [0x0000000080000000, 0x0000000100000000)
  region size 1024K, 5 young (5120K), 5 survivors (5120K)
}
Event: 42.780 {heap Before GC invocations=46 (full 0):
 garbage-first heap   total reserved 2097152K, committed 125952K, used 117911K [0x0000000080000000, 0x0000000100000000)
  region size 1024K, 68 young (69632K), 5 survivors (5120K)
}
Event: 42.799 {heap After GC invocations=47 (full 0):
 garbage-first heap   total reserved 2097152K, committed 129024K, used 56610K [0x0000000080000000, 0x0000000100000000)
  region size 1024K, 9 young (9216K), 9 survivors (9216K)
}
Event: 45.068 {heap Before GC invocations=47 (full 0):
 garbage-first heap   total reserved 2097152K, committed 129024K, used 120098K [0x0000000080000000, 0x0000000100000000)
  region size 1024K, 71 young (72704K), 9 survivors (9216K)
}
Event: 45.087 {heap After GC invocations=48 (full 0):
 garbage-first heap   total reserved 2097152K, committed 134144K, used 59903K [0x0000000080000000, 0x0000000100000000)
  region size 1024K, 8 young (8192K), 8 survivors (8192K)
}
Event: 46.486 {heap Before GC invocations=49 (full 0):
 garbage-first heap   total reserved 2097152K, committed 134144K, used 123391K [0x0000000080000000, 0x0000000100000000)
  region size 1024K, 70 young (71680K), 8 survivors (8192K)
}
Event: 46.501 {heap After GC invocations=50 (full 0):
 garbage-first heap   total reserved 2097152K, committed 134144K, used 60989K [0x0000000080000000, 0x0000000100000000)
  region size 1024K, 5 young (5120K), 5 survivors (5120K)
}
Event: 48.878 {heap Before GC invocations=50 (full 0):
 garbage-first heap   total reserved 2097152K, committed 134144K, used 124477K [0x0000000080000000, 0x0000000100000000)
  region size 1024K, 67 young (68608K), 5 survivors (5120K)
}
Event: 48.896 {heap After GC invocations=51 (full 0):
 garbage-first heap   total reserved 2097152K, committed 136192K, used 65419K [0x0000000080000000, 0x0000000100000000)
  region size 1024K, 9 young (9216K), 9 survivors (9216K)
}
Event: 54.027 {heap Before GC invocations=51 (full 0):
 garbage-first heap   total reserved 2097152K, committed 136192K, used 123787K [0x0000000080000000, 0x0000000100000000)
  region size 1024K, 67 young (68608K), 9 survivors (9216K)
}
Event: 54.049 {heap After GC invocations=52 (full 0):
 garbage-first heap   total reserved 2097152K, committed 142336K, used 72702K [0x0000000080000000, 0x0000000100000000)
  region size 1024K, 8 young (8192K), 8 survivors (8192K)
}
Event: 62.059 {heap Before GC invocations=53 (full 0):
 garbage-first heap   total reserved 2097152K, committed 142336K, used 129022K [0x0000000080000000, 0x0000000100000000)
  region size 1024K, 63 young (64512K), 8 survivors (8192K)
}
Event: 62.072 {heap After GC invocations=54 (full 0):
 garbage-first heap   total reserved 2097152K, committed 142336K, used 74318K [0x0000000080000000, 0x0000000100000000)
  region size 1024K, 3 young (3072K), 3 survivors (3072K)
}
Event: 69.159 {heap Before GC invocations=54 (full 0):
 garbage-first heap   total reserved 2097152K, committed 142336K, used 129614K [0x0000000080000000, 0x0000000100000000)
  region size 1024K, 58 young (59392K), 3 survivors (3072K)
}
Event: 69.172 {heap After GC invocations=55 (full 0):
 garbage-first heap   total reserved 2097152K, committed 142336K, used 75776K [0x0000000080000000, 0x0000000100000000)
  region size 1024K, 4 young (4096K), 4 survivors (4096K)
}

Metaspace Usage History (20 events):
Event: 37.409 {metaspace Before GC invocations=42 (full 0):
 Metaspace       used 70867K, committed 72512K, reserved 1114112K
  class space    used 10232K, committed 11008K, reserved 1048576K
}
Event: 37.413 {metaspace After GC invocations=43 (full 0):
 Metaspace       used 70867K, committed 72512K, reserved 1114112K
  class space    used 10232K, committed 11008K, reserved 1048576K
}
Event: 38.041 {metaspace Before GC invocations=43 (full 0):
 Metaspace       used 70886K, committed 72512K, reserved 1114112K
  class space    used 10237K, committed 11008K, reserved 1048576K
}
Event: 38.044 {metaspace After GC invocations=44 (full 0):
 Metaspace       used 70886K, committed 72512K, reserved 1114112K
  class space    used 10237K, committed 11008K, reserved 1048576K
}
Event: 40.078 {metaspace Before GC invocations=45 (full 0):
 Metaspace       used 71777K, committed 73472K, reserved 1114112K
  class space    used 10338K, committed 11136K, reserved 1048576K
}
Event: 40.088 {metaspace After GC invocations=46 (full 0):
 Metaspace       used 71777K, committed 73472K, reserved 1114112K
  class space    used 10338K, committed 11136K, reserved 1048576K
}
Event: 42.780 {metaspace Before GC invocations=46 (full 0):
 Metaspace       used 72863K, committed 74688K, reserved 1114112K
  class space    used 10515K, committed 11328K, reserved 1048576K
}
Event: 42.799 {metaspace After GC invocations=47 (full 0):
 Metaspace       used 72863K, committed 74688K, reserved 1114112K
  class space    used 10515K, committed 11328K, reserved 1048576K
}
Event: 45.068 {metaspace Before GC invocations=47 (full 0):
 Metaspace       used 77858K, committed 79744K, reserved 1179648K
  class space    used 11268K, committed 12096K, reserved 1048576K
}
Event: 45.087 {metaspace After GC invocations=48 (full 0):
 Metaspace       used 77858K, committed 79744K, reserved 1179648K
  class space    used 11268K, committed 12096K, reserved 1048576K
}
Event: 46.486 {metaspace Before GC invocations=49 (full 0):
 Metaspace       used 83917K, committed 85888K, reserved 1179648K
  class space    used 12147K, committed 13056K, reserved 1048576K
}
Event: 46.501 {metaspace After GC invocations=50 (full 0):
 Metaspace       used 83917K, committed 85888K, reserved 1179648K
  class space    used 12147K, committed 13056K, reserved 1048576K
}
Event: 48.878 {metaspace Before GC invocations=50 (full 0):
 Metaspace       used 89186K, committed 91136K, reserved 1179648K
  class space    used 12993K, committed 13888K, reserved 1048576K
}
Event: 48.896 {metaspace After GC invocations=51 (full 0):
 Metaspace       used 89186K, committed 91136K, reserved 1179648K
  class space    used 12993K, committed 13888K, reserved 1048576K
}
Event: 54.027 {metaspace Before GC invocations=51 (full 0):
 Metaspace       used 98072K, committed 100160K, reserved 1179648K
  class space    used 14140K, committed 15104K, reserved 1048576K
}
Event: 54.049 {metaspace After GC invocations=52 (full 0):
 Metaspace       used 98072K, committed 100160K, reserved 1179648K
  class space    used 14140K, committed 15104K, reserved 1048576K
}
Event: 62.059 {metaspace Before GC invocations=53 (full 0):
 Metaspace       used 98558K, committed 100608K, reserved 1179648K
  class space    used 14130K, committed 15104K, reserved 1048576K
}
Event: 62.072 {metaspace After GC invocations=54 (full 0):
 Metaspace       used 98558K, committed 100608K, reserved 1179648K
  class space    used 14130K, committed 15104K, reserved 1048576K
}
Event: 69.159 {metaspace Before GC invocations=54 (full 0):
 Metaspace       used 98982K, committed 101056K, reserved 1179648K
  class space    used 14153K, committed 15104K, reserved 1048576K
}
Event: 69.172 {metaspace After GC invocations=55 (full 0):
 Metaspace       used 98982K, committed 101056K, reserved 1179648K
  class space    used 14153K, committed 15104K, reserved 1048576K
}

Dll operation events (3 events):
Event: 0.048 Loaded shared library C:\Program Files\Android\Android Studio\jbr\bin\java.dll
Event: 0.063 Loaded shared library C:\Program Files\Android\Android Studio\jbr\bin\zip.dll
Event: 2.066 Loaded shared library C:\Program Files\Android\Android Studio\jbr\bin\verify.dll

Deoptimization events (20 events):
Event: 74.356 Thread 0x000002a61d482ae0 DEOPT PACKING pc=0x000002a60c6feb64 sp=0x000000dd79ef74a0
Event: 74.356 Thread 0x000002a61d482ae0 DEOPT UNPACKING pc=0x000002a60bdf377c sp=0x000000dd79ef7440 mode 2
Event: 74.368 Thread 0x000002a61d482ae0 Uncommon trap: trap_request=0xffffffc6 fr.pc=0x000002a60c6feb64 relative=0x00000000000001e4
Event: 74.368 Thread 0x000002a61d482ae0 Uncommon trap: reason=bimorphic_or_optimized_type_check action=maybe_recompile pc=0x000002a60c6feb64 method=com.google.common.collect.ImmutableList.iterator()Ljava/util/Iterator; @ 1 c2
Event: 74.368 Thread 0x000002a61d482ae0 DEOPT PACKING pc=0x000002a60c6feb64 sp=0x000000dd79ef74a0
Event: 74.368 Thread 0x000002a61d482ae0 DEOPT UNPACKING pc=0x000002a60bdf377c sp=0x000000dd79ef7440 mode 2
Event: 74.377 Thread 0x000002a61d482ae0 Uncommon trap: trap_request=0xffffffc6 fr.pc=0x000002a60c6feb64 relative=0x00000000000001e4
Event: 74.377 Thread 0x000002a61d482ae0 Uncommon trap: reason=bimorphic_or_optimized_type_check action=maybe_recompile pc=0x000002a60c6feb64 method=com.google.common.collect.ImmutableList.iterator()Ljava/util/Iterator; @ 1 c2
Event: 74.377 Thread 0x000002a61d482ae0 DEOPT PACKING pc=0x000002a60c6feb64 sp=0x000000dd79ef74a0
Event: 74.377 Thread 0x000002a61d482ae0 DEOPT UNPACKING pc=0x000002a60bdf377c sp=0x000000dd79ef7440 mode 2
Event: 76.070 Thread 0x000002a61d299880 Uncommon trap: trap_request=0xffffff6e fr.pc=0x000002a60c8a2e28 relative=0x00000000000005a8
Event: 76.070 Thread 0x000002a61d299880 Uncommon trap: reason=predicate action=maybe_recompile pc=0x000002a60c8a2e28 method=java.util.ComparableTimSort.reverseRange([Ljava/lang/Object;II)V @ 5 c2
Event: 76.070 Thread 0x000002a61d299880 DEOPT PACKING pc=0x000002a60c8a2e28 sp=0x000000dd798fe460
Event: 76.070 Thread 0x000002a61d299880 DEOPT UNPACKING pc=0x000002a60bdf377c sp=0x000000dd798fe380 mode 2
Event: 79.550 Thread 0x000002a61d4832b0 Uncommon trap: trap_request=0xffffff45 fr.pc=0x000002a60c8926c4 relative=0x00000000000011c4
Event: 79.550 Thread 0x000002a61d4832b0 Uncommon trap: reason=unstable_if action=reinterpret pc=0x000002a60c8926c4 method=java.util.concurrent.locks.AbstractQueuedSynchronizer$ConditionObject.unlinkCancelledWaiters(Ljava/util/concurrent/locks/AbstractQueuedSynchronizer$ConditionNode;)V @ 16 c2
Event: 79.550 Thread 0x000002a61d4832b0 DEOPT PACKING pc=0x000002a60c8926c4 sp=0x000000dd7a1ff400
Event: 79.550 Thread 0x000002a61d4832b0 DEOPT UNPACKING pc=0x000002a60bdf377c sp=0x000000dd7a1ff268 mode 2
Event: 80.742 Thread 0x000002a61d482ae0 DEOPT PACKING pc=0x000002a6057bb9fa sp=0x000000dd79ef4a00
Event: 80.742 Thread 0x000002a61d482ae0 DEOPT UNPACKING pc=0x000002a60bdc1063 sp=0x000000dd79ef3fb0 mode 0

Classes loaded (20 events):
Event: 52.229 Loading class com/sun/org/apache/xerces/internal/dom/CharacterDataImpl
Event: 52.230 Loading class com/sun/org/apache/xerces/internal/dom/CharacterDataImpl done
Event: 52.230 Loading class com/sun/org/apache/xerces/internal/dom/CommentImpl done
Event: 52.230 Loading class com/sun/org/apache/xerces/internal/dom/DeferredCommentImpl done
Event: 52.239 Loading class com/sun/org/apache/xerces/internal/dom/DeferredAttrImpl
Event: 52.239 Loading class com/sun/org/apache/xerces/internal/dom/AttrImpl
Event: 52.240 Loading class com/sun/org/apache/xerces/internal/dom/AttrImpl done
Event: 52.240 Loading class com/sun/org/apache/xerces/internal/dom/DeferredAttrImpl done
Event: 52.241 Loading class com/sun/org/apache/xerces/internal/dom/DeferredTextImpl
Event: 52.242 Loading class com/sun/org/apache/xerces/internal/dom/TextImpl
Event: 52.242 Loading class org/w3c/dom/Text
Event: 52.242 Loading class org/w3c/dom/Text done
Event: 52.242 Loading class com/sun/org/apache/xerces/internal/dom/TextImpl done
Event: 52.242 Loading class com/sun/org/apache/xerces/internal/dom/DeferredTextImpl done
Event: 52.242 Loading class com/sun/org/apache/xerces/internal/dom/CharacterDataImpl$1
Event: 52.242 Loading class com/sun/org/apache/xerces/internal/dom/CharacterDataImpl$1 done
Event: 64.412 Loading class com/sun/org/apache/xerces/internal/util/EncodingMap
Event: 64.428 Loading class com/sun/org/apache/xerces/internal/util/EncodingMap done
Event: 64.438 Loading class sun/nio/cs/ISO_8859_1$Decoder
Event: 64.439 Loading class sun/nio/cs/ISO_8859_1$Decoder done

Classes unloaded (20 events):
Event: 54.340 Thread 0x000002a67f99e670 Unloading class 0x0000000038af4800 '_BuildScript_'
Event: 54.340 Thread 0x000002a67f99e670 Unloading class 0x0000000038ae8860 '_BuildScript_'
Event: 54.340 Thread 0x000002a67f99e670 Unloading class 0x0000000038ae8430 'SetupUtpTestResultListenerAction$_execute_closure1$_closure2'
Event: 54.340 Thread 0x000002a67f99e670 Unloading class 0x0000000038ae8000 'SetupUtpTestResultListenerAction$_execute_closure1'
Event: 54.340 Thread 0x000002a67f99e670 Unloading class 0x0000000038ae7c00 'SetupUtpTestResultListenerAction'
Event: 54.340 Thread 0x000002a67f99e670 Unloading class 0x0000000038ae51b0 '_BuildScript_$_run_closure1$_closure3'
Event: 54.340 Thread 0x000002a67f99e670 Unloading class 0x0000000038ae4d88 '_BuildScript_$_run_closure1$_closure2'
Event: 54.340 Thread 0x000002a67f99e670 Unloading class 0x0000000038ae4960 '_BuildScript_$_run_closure1'
Event: 54.340 Thread 0x000002a67f99e670 Unloading class 0x0000000038ae4428 '_BuildScript_'
Event: 54.340 Thread 0x000002a67f99e670 Unloading class 0x0000000038ae4000 'KotlinCoroutineJvmDebugArgumentsProvider$_asArguments_closure1'
Event: 54.340 Thread 0x000002a67f99e670 Unloading class 0x0000000038adea40 'KotlinCoroutineJvmDebugArgumentsProvider'
Event: 54.340 Thread 0x000002a67f99e670 Unloading class 0x0000000038ade800 'Properties'
Event: 54.340 Thread 0x000002a67f99e670 Unloading class 0x0000000038adc960 '_BuildScript_$_run_closure1$_closure2'
Event: 54.340 Thread 0x000002a67f99e670 Unloading class 0x0000000038adc538 '_BuildScript_$_run_closure1'
Event: 54.340 Thread 0x000002a67f99e670 Unloading class 0x0000000038adc000 '_BuildScript_'
Event: 54.340 Thread 0x000002a67f99e670 Unloading class 0x0000000038ac8c88 '_BuildScript_$_run_closure1$_closure2$_closure4'
Event: 54.340 Thread 0x000002a67f99e670 Unloading class 0x0000000038ac8858 '_BuildScript_$_run_closure1$_closure2$_closure3'
Event: 54.340 Thread 0x000002a67f99e670 Unloading class 0x0000000038ac8428 '_BuildScript_$_run_closure1$_closure2'
Event: 54.340 Thread 0x000002a67f99e670 Unloading class 0x0000000038ac8000 '_BuildScript_$_run_closure1'
Event: 54.340 Thread 0x000002a67f99e670 Unloading class 0x0000000038ac0800 '_BuildScript_'

Classes redefined (0 events):
No events

Internal exceptions (20 events):
Event: 80.885 Thread 0x000002a62118fe50 Exception <a 'sun/nio/fs/WindowsException'{0x0000000085e10550}> (0x0000000085e10550) 
thrown [s\src\hotspot\share\prims\jni.cpp, line 535]
Event: 80.885 Thread 0x000002a62118fe50 Exception <a 'sun/nio/fs/WindowsException'{0x0000000085e11278}> (0x0000000085e11278) 
thrown [s\src\hotspot\share\prims\jni.cpp, line 535]
Event: 80.886 Thread 0x000002a62118fe50 Exception <a 'sun/nio/fs/WindowsException'{0x0000000085e13350}> (0x0000000085e13350) 
thrown [s\src\hotspot\share\prims\jni.cpp, line 535]
Event: 80.887 Thread 0x000002a62118fe50 Exception <a 'sun/nio/fs/WindowsException'{0x0000000085e14078}> (0x0000000085e14078) 
thrown [s\src\hotspot\share\prims\jni.cpp, line 535]
Event: 80.887 Thread 0x000002a62118fe50 Exception <a 'sun/nio/fs/WindowsException'{0x0000000085e16290}> (0x0000000085e16290) 
thrown [s\src\hotspot\share\prims\jni.cpp, line 535]
Event: 80.887 Thread 0x000002a62118fe50 Exception <a 'sun/nio/fs/WindowsException'{0x0000000085c829d0}> (0x0000000085c829d0) 
thrown [s\src\hotspot\share\prims\jni.cpp, line 535]
Event: 80.996 Thread 0x000002a62118fe50 Exception <a 'sun/nio/fs/WindowsException'{0x0000000085c99458}> (0x0000000085c99458) 
thrown [s\src\hotspot\share\prims\jni.cpp, line 535]
Event: 81.525 Thread 0x000002a62118d740 Exception <a 'sun/nio/fs/WindowsException'{0x0000000085e27fc0}> (0x0000000085e27fc0) 
thrown [s\src\hotspot\share\prims\jni.cpp, line 535]
Event: 81.526 Thread 0x000002a62118d740 Exception <a 'sun/nio/fs/WindowsException'{0x0000000085e28c88}> (0x0000000085e28c88) 
thrown [s\src\hotspot\share\prims\jni.cpp, line 535]
Event: 81.528 Thread 0x000002a62118d740 Exception <a 'sun/nio/fs/WindowsException'{0x0000000085e2ac00}> (0x0000000085e2ac00) 
thrown [s\src\hotspot\share\prims\jni.cpp, line 535]
Event: 81.528 Thread 0x000002a62118d740 Exception <a 'sun/nio/fs/WindowsException'{0x0000000085e2b8c8}> (0x0000000085e2b8c8) 
thrown [s\src\hotspot\share\prims\jni.cpp, line 535]
Event: 81.529 Thread 0x000002a62118d740 Exception <a 'sun/nio/fs/WindowsException'{0x0000000085e2d950}> (0x0000000085e2d950) 
thrown [s\src\hotspot\share\prims\jni.cpp, line 535]
Event: 81.529 Thread 0x000002a62118d740 Exception <a 'sun/nio/fs/WindowsException'{0x0000000085e2e3e8}> (0x0000000085e2e3e8) 
thrown [s\src\hotspot\share\prims\jni.cpp, line 535]
Event: 81.553 Thread 0x000002a62118d740 Exception <a 'sun/nio/fs/WindowsException'{0x0000000085e395b8}> (0x0000000085e395b8) 
thrown [s\src\hotspot\share\prims\jni.cpp, line 535]
Event: 81.573 Thread 0x000002a62118fe50 Exception <a 'sun/nio/fs/WindowsException'{0x0000000085b83e78}> (0x0000000085b83e78) 
thrown [s\src\hotspot\share\prims\jni.cpp, line 535]
Event: 81.573 Thread 0x000002a62118fe50 Exception <a 'sun/nio/fs/WindowsException'{0x0000000085b850a0}> (0x0000000085b850a0) 
thrown [s\src\hotspot\share\prims\jni.cpp, line 535]
Event: 81.574 Thread 0x000002a62118fe50 Exception <a 'sun/nio/fs/WindowsException'{0x0000000085b85d40}> (0x0000000085b85d40) 
thrown [s\src\hotspot\share\prims\jni.cpp, line 535]
Event: 82.972 Thread 0x000002a62118fe50 Exception <a 'sun/nio/fs/WindowsException'{0x0000000085a5b000}> (0x0000000085a5b000) 
thrown [s\src\hotspot\share\prims\jni.cpp, line 535]
Event: 82.973 Thread 0x000002a62118fe50 Exception <a 'sun/nio/fs/WindowsException'{0x0000000085a5bd28}> (0x0000000085a5bd28) 
thrown [s\src\hotspot\share\prims\jni.cpp, line 535]
Event: 82.973 Thread 0x000002a62118fe50 Exception <a 'sun/nio/fs/WindowsException'{0x0000000085a5cf38}> (0x0000000085a5cf38) 
thrown [s\src\hotspot\share\prims\jni.cpp, line 535]

VM Operations (20 events):
Event: 52.238 Executing non-safepoint VM operation: HandshakeAllThreads (Deoptimize)
Event: 52.239 Executing non-safepoint VM operation: HandshakeAllThreads (Deoptimize) done
Event: 54.027 Executing safepoint VM operation: G1CollectForAllocation (G1 Evacuation Pause)
Event: 54.049 Executing safepoint VM operation: G1CollectForAllocation (G1 Evacuation Pause) done
Event: 54.339 Executing safepoint VM operation: G1PauseRemark
Event: 54.398 Executing safepoint VM operation: G1PauseRemark done
Event: 54.506 Executing safepoint VM operation: G1PauseCleanup
Event: 54.506 Executing safepoint VM operation: G1PauseCleanup done
Event: 60.092 Executing non-safepoint VM operation: HandshakeAllThreads (HandshakeForDeflation)
Event: 60.092 Executing non-safepoint VM operation: HandshakeAllThreads (HandshakeForDeflation) done
Event: 60.106 Executing non-safepoint VM operation: RendezvousGCThreads
Event: 60.106 Executing non-safepoint VM operation: RendezvousGCThreads done
Event: 62.059 Executing safepoint VM operation: G1CollectForAllocation (G1 Evacuation Pause)
Event: 62.072 Executing safepoint VM operation: G1CollectForAllocation (G1 Evacuation Pause) done
Event: 67.288 Executing non-safepoint VM operation: HandshakeAllThreads (Deoptimize)
Event: 67.288 Executing non-safepoint VM operation: HandshakeAllThreads (Deoptimize) done
Event: 69.159 Executing safepoint VM operation: G1CollectForAllocation (G1 Evacuation Pause)
Event: 69.172 Executing safepoint VM operation: G1CollectForAllocation (G1 Evacuation Pause) done
Event: 71.648 Executing non-safepoint VM operation: HandshakeAllThreads (Deoptimize)
Event: 71.649 Executing non-safepoint VM operation: HandshakeAllThreads (Deoptimize) done

Memory protections (0 events):
No events

Nmethod flushes (20 events):
Event: 54.395 Thread 0x000002a67f99e670 flushing  nmethod 0x000002a605003908
Event: 54.395 Thread 0x000002a67f99e670 flushing  nmethod 0x000002a605004808
Event: 54.395 Thread 0x000002a67f99e670 flushing  nmethod 0x000002a605004f08
Event: 54.395 Thread 0x000002a67f99e670 flushing  nmethod 0x000002a605005608
Event: 54.395 Thread 0x000002a67f99e670 flushing  nmethod 0x000002a60504f208
Event: 54.395 Thread 0x000002a67f99e670 flushing  nmethod 0x000002a605066c88
Event: 54.395 Thread 0x000002a67f99e670 flushing  nmethod 0x000002a605089388
Event: 54.395 Thread 0x000002a67f99e670 flushing  nmethod 0x000002a6050be108
Event: 54.395 Thread 0x000002a67f99e670 flushing  nmethod 0x000002a6050d5888
Event: 54.395 Thread 0x000002a67f99e670 flushing  nmethod 0x000002a6050d5f88
Event: 54.395 Thread 0x000002a67f99e670 flushing  nmethod 0x000002a6050fde88
Event: 54.396 Thread 0x000002a67f99e670 flushing osr nmethod 0x000002a605135c08
Event: 54.396 Thread 0x000002a67f99e670 flushing  nmethod 0x000002a60516ca08
Event: 54.396 Thread 0x000002a67f99e670 flushing  nmethod 0x000002a6051c6a88
Event: 54.396 Thread 0x000002a67f99e670 flushing  nmethod 0x000002a6052bd508
Event: 54.396 Thread 0x000002a67f99e670 flushing  nmethod 0x000002a6053d7d08
Event: 54.396 Thread 0x000002a67f99e670 flushing  nmethod 0x000002a6053f3508
Event: 54.396 Thread 0x000002a67f99e670 flushing  nmethod 0x000002a6053f4b88
Event: 54.396 Thread 0x000002a67f99e670 flushing  nmethod 0x000002a6053f4e88
Event: 54.396 Thread 0x000002a67f99e670 flushing  nmethod 0x000002a6053f5c88

Events (20 events):
Event: 59.271 Thread 0x000002a61d482ae0 Thread added: 0x000002a62118a090
Event: 61.440 Thread 0x000002a61d482ae0 Thread added: 0x000002a61d3ba0f0
Event: 61.440 Thread 0x000002a61d482ae0 Thread added: 0x000002a61d3ba8c0
Event: 62.028 Thread 0x000002a61d482ae0 Thread added: 0x000002a61d3bd7a0
Event: 62.029 Thread 0x000002a61d482ae0 Thread added: 0x000002a61d3be740
Event: 62.895 Thread 0x000002a61d482ae0 Thread added: 0x000002a61d3bef10
Event: 62.895 Thread 0x000002a61d482ae0 Thread added: 0x000002a61d3c0e50
Event: 63.170 Thread 0x000002a61d482ae0 Thread added: 0x000002a61d3bf6e0
Event: 63.170 Thread 0x000002a61d482ae0 Thread added: 0x000002a61d3c4cd0
Event: 63.821 Thread 0x000002a61d482ae0 Thread added: 0x000002a61d3c0680
Event: 63.821 Thread 0x000002a61d482ae0 Thread added: 0x000002a61d3c1620
Event: 63.821 Thread 0x000002a61d482ae0 Thread added: 0x000002a61d3c1df0
Event: 63.822 Thread 0x000002a61d482ae0 Thread added: 0x000002a61d3c4500
Event: 63.822 Thread 0x000002a61d482ae0 Thread added: 0x000002a6205d9fd0
Event: 63.822 Thread 0x000002a61d482ae0 Thread added: 0x000002a6205d9030
Event: 65.290 Thread 0x000002a61d482ae0 Thread added: 0x000002a6205d51b0
Event: 65.291 Thread 0x000002a61d482ae0 Thread added: 0x000002a6205d5980
Event: 65.291 Thread 0x000002a61d482ae0 Thread added: 0x000002a6205db740
Event: 65.292 Thread 0x000002a61d482ae0 Thread added: 0x000002a6205dbf10
Event: 65.293 Thread 0x000002a61d482ae0 Thread added: 0x000002a6205d70f0


Dynamic libraries:
0x00007ff7f2cc0000 - 0x00007ff7f2cca000 	C:\Program Files\Android\Android Studio\jbr\bin\java.exe
0x00007ffa475f0000 - 0x00007ffa477e8000 	C:\WINDOWS\SYSTEM32\ntdll.dll
0x00007ffa45860000 - 0x00007ffa45922000 	C:\WINDOWS\System32\KERNEL32.DLL
0x00007ffa44ff0000 - 0x00007ffa452e6000 	C:\WINDOWS\System32\KERNELBASE.dll
0x00007ffa453c0000 - 0x00007ffa454c0000 	C:\WINDOWS\System32\ucrtbase.dll
0x00007ffa3c7d0000 - 0x00007ffa3c7e6000 	C:\Program Files\Android\Android Studio\jbr\bin\jli.dll
0x00007ffa459e0000 - 0x00007ffa45b81000 	C:\WINDOWS\System32\USER32.dll
0x00007ffa44cb0000 - 0x00007ffa44cd2000 	C:\WINDOWS\System32\win32u.dll
0x00007ffa45610000 - 0x00007ffa4563b000 	C:\WINDOWS\System32\GDI32.dll
0x00007ffa44ce0000 - 0x00007ffa44df9000 	C:\WINDOWS\System32\gdi32full.dll
0x00007ffa45570000 - 0x00007ffa4560d000 	C:\WINDOWS\System32\msvcp_win.dll
0x00007ffa3e560000 - 0x00007ffa3e57b000 	C:\Program Files\Android\Android Studio\jbr\bin\VCRUNTIME140.dll
0x00007ffa2ea50000 - 0x00007ffa2eceb000 	C:\WINDOWS\WinSxS\amd64_microsoft.windows.common-controls_6595b64144ccf1df_6.0.19041.6456_none_60b8a6cb71f64256\COMCTL32.dll
0x00007ffa47510000 - 0x00007ffa475ae000 	C:\WINDOWS\System32\msvcrt.dll
0x00007ffa46b80000 - 0x00007ffa46baf000 	C:\WINDOWS\System32\IMM32.DLL
0x00007ffa3f1c0000 - 0x00007ffa3f1cc000 	C:\Program Files\Android\Android Studio\jbr\bin\vcruntime140_1.dll
0x00007ffa27400000 - 0x00007ffa2748d000 	C:\Program Files\Android\Android Studio\jbr\bin\msvcp140.dll
0x00007ff9eb090000 - 0x00007ff9ebf6a000 	C:\Program Files\Android\Android Studio\jbr\bin\server\jvm.dll
0x00007ffa46160000 - 0x00007ffa46211000 	C:\WINDOWS\System32\ADVAPI32.dll
0x00007ffa46bd0000 - 0x00007ffa46c6f000 	C:\WINDOWS\System32\sechost.dll
0x00007ffa46f80000 - 0x00007ffa470a0000 	C:\WINDOWS\System32\RPCRT4.dll
0x00007ffa44c80000 - 0x00007ffa44ca7000 	C:\WINDOWS\System32\bcrypt.dll
0x00007ffa46b10000 - 0x00007ffa46b7b000 	C:\WINDOWS\System32\WS2_32.dll
0x00007ffa44ae0000 - 0x00007ffa44b2b000 	C:\WINDOWS\SYSTEM32\POWRPROF.dll
0x00007ffa2c330000 - 0x00007ffa2c357000 	C:\WINDOWS\SYSTEM32\WINMM.dll
0x00007ffa37760000 - 0x00007ffa3776a000 	C:\WINDOWS\SYSTEM32\VERSION.dll
0x00007ffa44ac0000 - 0x00007ffa44ad2000 	C:\WINDOWS\SYSTEM32\UMPDC.dll
0x00007ffa43490000 - 0x00007ffa434a2000 	C:\WINDOWS\SYSTEM32\kernel.appcore.dll
0x00007ffa3ef70000 - 0x00007ffa3ef7a000 	C:\Program Files\Android\Android Studio\jbr\bin\jimage.dll
0x00007ffa42950000 - 0x00007ffa42b51000 	C:\WINDOWS\SYSTEM32\DBGHELP.DLL
0x00007ffa2fda0000 - 0x00007ffa2fdd4000 	C:\WINDOWS\SYSTEM32\dbgcore.DLL
0x00007ffa44e00000 - 0x00007ffa44e82000 	C:\WINDOWS\System32\bcryptPrimitives.dll
0x00007ffa412a0000 - 0x00007ffa412ae000 	C:\Program Files\Android\Android Studio\jbr\bin\instrument.dll
0x00007ffa3de50000 - 0x00007ffa3de6f000 	C:\Program Files\Android\Android Studio\jbr\bin\java.dll
0x00007ffa46db0000 - 0x00007ffa46edb000 	C:\WINDOWS\System32\ole32.dll
0x00007ffa45e00000 - 0x00007ffa46154000 	C:\WINDOWS\System32\combase.dll
0x00007ffa463a0000 - 0x00007ffa46b10000 	C:\WINDOWS\System32\SHELL32.dll
0x00007ffa3dab0000 - 0x00007ffa3dac7000 	C:\Program Files\Android\Android Studio\jbr\bin\zip.dll
0x00007ffa42cd0000 - 0x00007ffa43475000 	C:\WINDOWS\SYSTEM32\windows.storage.dll
0x00007ffa44640000 - 0x00007ffa4466b000 	C:\WINDOWS\SYSTEM32\Wldp.dll
0x00007ffa462d0000 - 0x00007ffa4639d000 	C:\WINDOWS\System32\OLEAUT32.dll
0x00007ffa46220000 - 0x00007ffa462cd000 	C:\WINDOWS\System32\SHCORE.dll
0x00007ffa45b90000 - 0x00007ffa45beb000 	C:\WINDOWS\System32\shlwapi.dll
0x00007ffa44bb0000 - 0x00007ffa44bd4000 	C:\WINDOWS\SYSTEM32\profapi.dll
0x00007ffa3ee70000 - 0x00007ffa3ee80000 	C:\Program Files\Android\Android Studio\jbr\bin\net.dll
0x00007ffa44330000 - 0x00007ffa4439a000 	C:\WINDOWS\system32\mswsock.dll
0x00007ffa3d970000 - 0x00007ffa3d986000 	C:\Program Files\Android\Android Studio\jbr\bin\nio.dll
0x00007ffa3d930000 - 0x00007ffa3d940000 	C:\Program Files\Android\Android Studio\jbr\bin\verify.dll
0x00007ffa3db30000 - 0x00007ffa3db57000 	C:\Users\Alumno\.gradle\native\660c5614fbf4a5f2a75b1949f50a0caf5cd603558e7d8a26e50b933a0cfb79d1\windows-amd64\native-platform.dll
0x00007ffa20e90000 - 0x00007ffa20f07000 	C:\Users\Alumno\.gradle\native\0.2.8\x86_64-windows-gnu\gradle-fileevents.dll
0x00007ffa3de40000 - 0x00007ffa3de49000 	C:\Program Files\Android\Android Studio\jbr\bin\management.dll
0x00007ffa3db00000 - 0x00007ffa3db0b000 	C:\Program Files\Android\Android Studio\jbr\bin\management_ext.dll
0x00007ffa46ef0000 - 0x00007ffa46ef8000 	C:\WINDOWS\System32\PSAPI.DLL
0x00007ffa44010000 - 0x00007ffa4404b000 	C:\WINDOWS\SYSTEM32\IPHLPAPI.DLL
0x00007ffa45640000 - 0x00007ffa45648000 	C:\WINDOWS\System32\NSI.dll
0x00007ffa3e550000 - 0x00007ffa3e559000 	C:\Program Files\Android\Android Studio\jbr\bin\extnet.dll
0x00007ffa44520000 - 0x00007ffa44538000 	C:\WINDOWS\SYSTEM32\CRYPTSP.dll
0x00007ffa43c50000 - 0x00007ffa43c88000 	C:\WINDOWS\system32\rsaenh.dll
0x00007ffa44b70000 - 0x00007ffa44b9e000 	C:\WINDOWS\SYSTEM32\USERENV.dll
0x00007ffa44540000 - 0x00007ffa4454c000 	C:\WINDOWS\SYSTEM32\CRYPTBASE.dll
0x00007ffa3e460000 - 0x00007ffa3e467000 	C:\WINDOWS\system32\wshunix.dll
0x00007ffa43ea0000 - 0x00007ffa43ed3000 	C:\WINDOWS\SYSTEM32\ntmarta.dll
0x00007ffa44050000 - 0x00007ffa4411a000 	C:\WINDOWS\SYSTEM32\DNSAPI.dll
0x00007ffa32320000 - 0x00007ffa3232a000 	C:\Windows\System32\rasadhlp.dll
0x00007ffa32870000 - 0x00007ffa328f0000 	C:\WINDOWS\System32\fwpuclnt.dll

JVMTI agents:
C:\Users\Alumno\.gradle\wrapper\dists\gradle-9.7.0-bin\d4tj7w02tcgubx9zk9hbippn6\gradle-9.7.0\lib\agents\gradle-instrumentation-agent-9.7.0.jar path:C:\Program Files\Android\Android Studio\jbr\bin\instrument.dll, loaded, initialized, instrumentlib options:none

dbghelp: loaded successfully - version: 4.0.5 - missing functions: none
symbol engine: initialized successfully - sym options: 0x614 - pdb path: .;C:\Program Files\Android\Android Studio\jbr\bin;C:\WINDOWS\SYSTEM32;C:\WINDOWS\WinSxS\amd64_microsoft.windows.common-controls_6595b64144ccf1df_6.0.19041.6456_none_60b8a6cb71f64256;C:\Program Files\Android\Android Studio\jbr\bin\server;C:\Users\Alumno\.gradle\native\660c5614fbf4a5f2a75b1949f50a0caf5cd603558e7d8a26e50b933a0cfb79d1\windows-amd64;C:\Users\Alumno\.gradle\native\0.2.8\x86_64-windows-gnu

VM Arguments:
jvm_args: --add-opens=java.base/java.lang=ALL-UNNAMED --add-opens=java.base/java.lang.invoke=ALL-UNNAMED --add-opens=java.base/java.util=ALL-UNNAMED --add-opens=java.prefs/java.util.prefs=ALL-UNNAMED --add-exports=jdk.compiler/com.sun.tools.javac.api=ALL-UNNAMED --add-exports=jdk.compiler/com.sun.tools.javac.util=ALL-UNNAMED --add-opens=java.base/java.nio.charset=ALL-UNNAMED --add-opens=java.base/java.net=ALL-UNNAMED --add-opens=java.base/java.util.concurrent=ALL-UNNAMED --add-opens=java.base/java.util.concurrent.atomic=ALL-UNNAMED --add-opens=java.xml/javax.xml.namespace=ALL-UNNAMED --add-opens=java.base/java.time=ALL-UNNAMED --enable-native-access=ALL-UNNAMED -Xmx2048m -Dfile.encoding=UTF-8 -Duser.country=CL -Duser.language=es -Duser.variant -javaagent:C:\Users\Alumno\.gradle\wrapper\dists\gradle-9.7.0-bin\d4tj7w02tcgubx9zk9hbippn6\gradle-9.7.0\lib\agents\gradle-instrumentation-agent-9.7.0.jar 
java_command: org.gradle.launcher.daemon.bootstrap.GradleDaemon 9.7.0
java_class_path (initial): C:\Users\Alumno\.gradle\wrapper\dists\gradle-9.7.0-bin\d4tj7w02tcgubx9zk9hbippn6\gradle-9.7.0\lib\gradle-daemon-server-9.7.0.jar
Launcher Type: SUN_STANDARD

[Global flags]
     intx CICompilerCount                          = 3                                         {product} {ergonomic}
     uint ConcGCThreads                            = 1                                         {product} {ergonomic}
     uint G1ConcRefinementThreads                  = 4                                         {product} {ergonomic}
   size_t G1HeapRegionSize                         = 1048576                                   {product} {ergonomic}
   size_t InitialHeapSize                          = 67108864                                  {product} {ergonomic}
   size_t MarkStackSize                            = 4194304                                   {product} {ergonomic}
   size_t MarkStackSizeMax                         = 536870912                                 {product} {ergonomic}
   size_t MaxHeapSize                              = 2147483648                                {product} {command line}
   size_t MaxNewSize                               = 1287651328                                {product} {ergonomic}
   size_t MinHeapDeltaBytes                        = 1048576                                   {product} {ergonomic}
   size_t MinHeapSize                              = 8388608                                   {product} {ergonomic}
    uintx NonNMethodCodeHeapSize                   = 5832704                                {pd product} {ergonomic}
    uintx NonProfiledCodeHeapSize                  = 122945536                              {pd product} {ergonomic}
    uintx ProfiledCodeHeapSize                     = 122880000                              {pd product} {ergonomic}
    uintx ReservedCodeCacheSize                    = 251658240                              {pd product} {ergonomic}
     bool SegmentedCodeCache                       = true                                      {product} {ergonomic}
   size_t SoftMaxHeapSize                          = 2147483648                             {manageable} {ergonomic}
     bool UseCompressedOops                        = true                           {product lp64_product} {ergonomic}
     bool UseG1GC                                  = true                                      {product} {ergonomic}
     bool UseLargePagesIndividualAllocation        = false                                  {pd product} {ergonomic}

Logging:
Log output configuration:
 #0: stdout all=warning uptime,level,tags foldmultilines=false
 #1: stderr all=off uptime,level,tags foldmultilines=false

Release file:
JAVA_VERSION="25.0.2" 
MODULES="java.base java.compiler java.datatransfer java.xml java.prefs java.desktop java.instrument java.logging java.management java.security.sasl java.naming java.rmi java.management.rmi java.net.http java.scripting java.security.jgss java.transaction.xa java.sql java.sql.rowset java.xml.crypto java.se java.smartcardio jdk.accessibility jdk.internal.jvmstat jdk.attach jdk.charsets jdk.internal.opt jdk.zipfs jdk.compiler jdk.crypto.cryptoki jdk.crypto.ec jdk.dynalink jdk.hotspot.agent jdk.httpserver jdk.internal.ed jdk.internal.le jdk.internal.md jdk.internal.vm.ci jdk.jartool jdk.javadoc jdk.jcmd jdk.jdeps jdk.jdwp.agent jdk.jdi jdk.jfr jdk.jlink jdk.localedata jdk.management jdk.management.agent jdk.management.jfr jdk.naming.dns jdk.naming.rmi jdk.net jdk.sctp jdk.security.auth jdk.security.jgss jdk.unsupported jdk.unsupported.desktop jdk.xml.dom" 
IMPLEMENTOR="JetBrains s.r.o." 
JAVA_RUNTIME_VERSION="25.0.2+-15348964-b329.117" 
LIBC="default" 
OS_ARCH="x86_64" 
OS_NAME="Windows" 
SOURCE=".:git:3cf398e84a39" 

Environment Variables:
PATH=C:\Program Files\Common Files\Oracle\Java\javapath;C:\Program Files (x86)\Common Files\Oracle\Java\javapath;C:\ProgramData\Oracle\Java\javapath;C:\Program Files (x86)\Intel\iCLS Client\;C:\Program Files\Intel\iCLS Client\;C:\WINDOWS\system32;C:\WINDOWS;C:\WINDOWS\System32\Wbem;C:\WINDOWS\System32\WindowsPowerShell\v1.0\;C:\Program Files (x86)\Intel\Intel(R) Management Engine Components\DAL;C:\Program Files\Intel\Intel(R) Management Engine Components\DAL;C:\Program Files (x86)\Intel\Intel(R) Management Engine Components\IPT;C:\Program Files\Intel\Intel(R) Management Engine Components\IPT;C:\Program Files (x86)\Windows Live\Shared;C:\WINDOWS\System32\OpenSSH\;C:\Users\Alumno\AppData\Local\Programs\Python\Python311\;C:\Users\Alumno\AppData\Local\Programs\Python\Python311\Scripts\;C:\Program Files\Git\cmd;C:\Program Files\Microsoft SQL Server\170\Tools\Binn\;C:\Program Files\Microsoft SQL Server\Client SDK\ODBC\170\Tools\Binn\;C:\Program Files (x86)\Microsoft SQL Server\150\Tools\Binn\;C:\Program Files\Microsoft SQL Server\150\Tools\Binn\;C:\Program Files\Microsoft SQL Server\150\DTS\Binn\;C:\Program Files\nodejs\;C:\ProgramData\chocolatey\bin;C:\Program Files\dotnet\;C:\Users\Alumno\AppData\Local\Programs\Python\Python311\Scripts\;C:\Users\Alumno\AppData\Local\Programs\Python\Python311\;C:\Users\Alumno\AppData\Local\Programs\Python\Launcher\;C:\Users\Alumno\AppData\Local\Microsoft\WindowsApps;C:\Users\Alumno\AppData\Local\Programs\Microsoft VS Code\bin;C:\Users\Alumno\AppData\Roaming\npm
USERNAME=Alumno
OS=Windows_NT
PROCESSOR_IDENTIFIER=Intel64 Family 6 Model 142 Stepping 9, GenuineIntel
TMP=C:\Users\Alumno\AppData\Local\Temp
TEMP=C:\Users\Alumno\AppData\Local\Temp




Compilation memory statistics disabled.

Periodic native trim disabled

JNI global refs:
JNI global refs: 22, weak refs: 1

JNI global refs memory usage: 835, weak refs: 833

Process memory usage:
Resident Set Size: 192768K (4% of 4077796K total physical memory with 246212K free physical memory)

OOME stack traces (most recent first):
Classloader memory used:
Loader jdk.internal.loader.ClassLoaders$AppClassLoader                                 : 53080 K
Loader bootstrap                                                                       : 32706 K
Loader org.gradle.initialization.MixInLegacyTypesClassLoader                           : 12612 K
Loader jdk.internal.loader.ClassLoaders$PlatformClassLoader                            : 628 K
Loader org.gradle.groovy.scripts.internal.DefaultScriptCompilationHandler$ScriptClassLoader: 176 K
Loader org.gradle.internal.classloader.VisitableURLClassLoader$InstrumentingVisitableURLClassLoader: 58000 B
Loader org.gradle.internal.classloader.VisitableURLClassLoader                         : 28256 B
Loader groovy.lang.GroovyClassLoader$InnerLoader                                       : 17312 B

Classes loaded by more than one classloader:
Class ijJvmDebugger1_9amt96dxvjewtq5fwoqi35y04$_run_closure1                          : loaded 2 times (x 140B)
Class _BuildScript_                                                                   : loaded 2 times (x 168B)
Class ijKotlinCoroutineJvmDebugInit1_5w7u75bjes6x3mlp0uoeojydi$_run_closure1          : loaded 2 times (x 140B)
Class ijJvmDebugger1_9amt96dxvjewtq5fwoqi35y04                                        : loaded 2 times (x 173B)
Class ijKotlinCoroutineJvmDebugInit1_5w7u75bjes6x3mlp0uoeojydi$_run_closure1$_closure2: loaded 2 times (x 140B)
Class _BuildScript_$_run_closure1                                                     : loaded 2 times (x 133B)
Class ijJvmDebugger1_9amt96dxvjewtq5fwoqi35y04$_run_closure1$_closure2                : loaded 2 times (x 141B)
Class settings_4hg00fvl1h47vhik4y73lpgi2                                              : loaded 2 times (x 173B)
Class settings_4hg00fvl1h47vhik4y73lpgi2$_run_closure1                                : loaded 2 times (x 140B)
Class ijKotlinCoroutineJvmDebugInit1_5w7u75bjes6x3mlp0uoeojydi                        : loaded 2 times (x 173B)

---------------  S Y S T E M  ---------------

OS:
 Windows 10 , 64 bit Build 19041 (10.0.19041.5915)
OS uptime: 36 days 1:06 hours

CPU: total 4 (initial active 4) (2 cores per cpu, 2 threads per core) family 6 model 142 stepping 9 microcode 0xb4, cx8, cmov, fxsr, ht, mmx, 3dnowpref, sse, sse2, sse3, ssse3, sse4.1, sse4.2, popcnt, lzcnt, tsc, tscinvbit, aes, erms, clmul, clflush, clflushopt, rdtscp
Processor Information for processor 0
  Max Mhz: 2304, Current Mhz: 1402, Mhz Limit: 2304
Processor Information for processor 1
  Max Mhz: 2304, Current Mhz: 2304, Mhz Limit: 2304
Processor Information for processor 2
  Max Mhz: 2304, Current Mhz: 2304, Mhz Limit: 2304
Processor Information for processor 3
  Max Mhz: 2304, Current Mhz: 2304, Mhz Limit: 2304

Memory: 4k page, system-wide physical 3982M (206M free)
TotalPageFile size 8078M (AvailPageFile size 2M)
current process WorkingSet (physical memory assigned to process): 195M, peak: 345M
current process commit charge ("private bytes"): 431M, peak: 446M

vm_info: OpenJDK 64-Bit Server VM (25.0.2+-15348964-b329.117) for windows-amd64 JRE (25.0.2+-15348964-b329.117), built on 2026-05-05T18:25:19Z with MS VC++ 16.10 / 16.11 (VS2019)

END.
